[1.480s] Invoking command in '/home/cc/ee106a/fa25/class/ee106a-adb/106project/106a-CATCH/lab5/src/planning': PYTHONPATH=/home/cc/ee106a/fa25/class/ee106a-adb/106project/106a-CATCH/build/planning/prefix_override:/usr/lib/python3/dist-packages/colcon_core/task/python/colcon_distutils_commands:/home/cc/ee106a/fa25/class/ee106a-adb/106project/106a-CATCH/install/planning/lib/python3.10/site-packages:${PYTHONPATH} /usr/bin/python3 -W ignore:setup.py install is deprecated -W ignore:easy_install command is deprecated setup.py egg_info --egg-base ../../../build/planning build --build-base /home/cc/ee106a/fa25/class/ee106a-adb/106project/106a-CATCH/build/planning/build install --record /home/cc/ee106a/fa25/class/ee106a-adb/106project/106a-CATCH/build/planning/install.log --single-version-externally-managed install_data
[1.751s] running egg_info
[1.752s] writing ../../../build/planning/planning.egg-info/PKG-INFO
[1.755s] writing dependency_links to ../../../build/planning/planning.egg-info/dependency_links.txt
[1.758s] writing entry points to ../../../build/planning/planning.egg-info/entry_points.txt
[1.761s] writing requirements to ../../../build/planning/planning.egg-info/requires.txt
[1.764s] writing top-level names to ../../../build/planning/planning.egg-info/top_level.txt
[1.772s] reading manifest file '../../../build/planning/planning.egg-info/SOURCES.txt'
[1.777s] writing manifest file '../../../build/planning/planning.egg-info/SOURCES.txt'
[1.779s] running build
[1.779s] running build_py
[1.780s] running install
[1.781s] running install_lib
[1.784s] running install_data
[1.784s] running install_egg_info
[1.785s] removing '/home/cc/ee106a/fa25/class/ee106a-adb/106project/106a-CATCH/install/planning/lib/python3.10/site-packages/planning-0.0.0-py3.10.egg-info' (and everything under it)
[1.790s] Copying ../../../build/planning/planning.egg-info to /home/cc/ee106a/fa25/class/ee106a-adb/106project/106a-CATCH/install/planning/lib/python3.10/site-packages/planning-0.0.0-py3.10.egg-info
[1.838s] running install_scripts
[1.865s] Installing main script to /home/cc/ee106a/fa25/class/ee106a-adb/106project/106a-CATCH/install/planning/lib/planning
[1.868s] Installing tf script to /home/cc/ee106a/fa25/class/ee106a-adb/106project/106a-CATCH/install/planning/lib/planning
[1.872s] writing list of installed files to '/home/cc/ee106a/fa25/class/ee106a-adb/106project/106a-CATCH/build/planning/install.log'
[1.961s] Invoked command in '/home/cc/ee106a/fa25/class/ee106a-adb/106project/106a-CATCH/lab5/src/planning' returned '0': PYTHONPATH=/home/cc/ee106a/fa25/class/ee106a-adb/106project/106a-CATCH/build/planning/prefix_override:/usr/lib/python3/dist-packages/colcon_core/task/python/colcon_distutils_commands:/home/cc/ee106a/fa25/class/ee106a-adb/106project/106a-CATCH/install/planning/lib/python3.10/site-packages:${PYTHONPATH} /usr/bin/python3 -W ignore:setup.py install is deprecated -W ignore:easy_install command is deprecated setup.py egg_info --egg-base ../../../build/planning build --build-base /home/cc/ee106a/fa25/class/ee106a-adb/106project/106a-CATCH/build/planning/build install --record /home/cc/ee106a/fa25/class/ee106a-adb/106project/106a-CATCH/build/planning/install.log --single-version-externally-managed install_data
