[2.640s] Invoking command in '/home/cc/ee106a/fa25/class/ee106a-adb/106project/106a-CATCH/lab5/src/planning': PYTHONPATH=/home/cc/ee106a/fa25/class/ee106a-adb/106project/106a-CATCH/lab5/build/planning/prefix_override:/usr/lib/python3/dist-packages/colcon_core/task/python/colcon_distutils_commands:/home/cc/ee106a/fa25/class/ee106a-adb/106project/106a-CATCH/lab5/install/planning/lib/python3.10/site-packages:${PYTHONPATH} /usr/bin/python3 -W ignore:setup.py install is deprecated -W ignore:easy_install command is deprecated setup.py egg_info --egg-base ../../build/planning build --build-base /home/cc/ee106a/fa25/class/ee106a-adb/106project/106a-CATCH/lab5/build/planning/build install --record /home/cc/ee106a/fa25/class/ee106a-adb/106project/106a-CATCH/lab5/build/planning/install.log --single-version-externally-managed install_data
[2.980s] running egg_info
[2.982s] writing ../../build/planning/planning.egg-info/PKG-INFO
[2.985s] writing dependency_links to ../../build/planning/planning.egg-info/dependency_links.txt
[2.988s] writing entry points to ../../build/planning/planning.egg-info/entry_points.txt
[2.992s] writing requirements to ../../build/planning/planning.egg-info/requires.txt
[2.994s] writing top-level names to ../../build/planning/planning.egg-info/top_level.txt
[3.008s] reading manifest file '../../build/planning/planning.egg-info/SOURCES.txt'
[3.025s] writing manifest file '../../build/planning/planning.egg-info/SOURCES.txt'
[3.027s] running build
[3.027s] running build_py
[3.031s] running install
[3.031s] running install_lib
[3.036s] running install_data
[3.039s] running install_egg_info
[3.040s] removing '/home/cc/ee106a/fa25/class/ee106a-adb/106project/106a-CATCH/lab5/install/planning/lib/python3.10/site-packages/planning-0.0.0-py3.10.egg-info' (and everything under it)
[3.049s] Copying ../../build/planning/planning.egg-info to /home/cc/ee106a/fa25/class/ee106a-adb/106project/106a-CATCH/lab5/install/planning/lib/python3.10/site-packages/planning-0.0.0-py3.10.egg-info
[3.093s] running install_scripts
[3.119s] Installing main script to /home/cc/ee106a/fa25/class/ee106a-adb/106project/106a-CATCH/lab5/install/planning/lib/planning
[3.123s] Installing pyroki_test script to /home/cc/ee106a/fa25/class/ee106a-adb/106project/106a-CATCH/lab5/install/planning/lib/planning
[3.126s] Installing tf script to /home/cc/ee106a/fa25/class/ee106a-adb/106project/106a-CATCH/lab5/install/planning/lib/planning
[3.130s] writing list of installed files to '/home/cc/ee106a/fa25/class/ee106a-adb/106project/106a-CATCH/lab5/build/planning/install.log'
[3.182s] Invoked command in '/home/cc/ee106a/fa25/class/ee106a-adb/106project/106a-CATCH/lab5/src/planning' returned '0': PYTHONPATH=/home/cc/ee106a/fa25/class/ee106a-adb/106project/106a-CATCH/lab5/build/planning/prefix_override:/usr/lib/python3/dist-packages/colcon_core/task/python/colcon_distutils_commands:/home/cc/ee106a/fa25/class/ee106a-adb/106project/106a-CATCH/lab5/install/planning/lib/python3.10/site-packages:${PYTHONPATH} /usr/bin/python3 -W ignore:setup.py install is deprecated -W ignore:easy_install command is deprecated setup.py egg_info --egg-base ../../build/planning build --build-base /home/cc/ee106a/fa25/class/ee106a-adb/106project/106a-CATCH/lab5/build/planning/build install --record /home/cc/ee106a/fa25/class/ee106a-adb/106project/106a-CATCH/lab5/build/planning/install.log --single-version-externally-managed install_data
