[2.076s] Invoking command in '/home/cc/ee106a/fa25/class/ee106a-adb/106project/106a-CATCH/lab5/src/planning': PYTHONPATH=/home/cc/ee106a/fa25/class/ee106a-adb/106project/106a-CATCH/lab5/build/planning/prefix_override:/usr/lib/python3/dist-packages/colcon_core/task/python/colcon_distutils_commands:/home/cc/ee106a/fa25/class/ee106a-adb/106project/106a-CATCH/lab5/install/planning/lib/python3.10/site-packages:${PYTHONPATH} /usr/bin/python3 -W ignore:setup.py install is deprecated -W ignore:easy_install command is deprecated setup.py egg_info --egg-base ../../build/planning build --build-base /home/cc/ee106a/fa25/class/ee106a-adb/106project/106a-CATCH/lab5/build/planning/build install --record /home/cc/ee106a/fa25/class/ee106a-adb/106project/106a-CATCH/lab5/build/planning/install.log --single-version-externally-managed install_data
[2.492s] running egg_info
[2.494s] writing ../../build/planning/planning.egg-info/PKG-INFO
[2.497s] writing dependency_links to ../../build/planning/planning.egg-info/dependency_links.txt
[2.500s] writing entry points to ../../build/planning/planning.egg-info/entry_points.txt
[2.503s] writing requirements to ../../build/planning/planning.egg-info/requires.txt
[2.506s] writing top-level names to ../../build/planning/planning.egg-info/top_level.txt
[2.515s] reading manifest file '../../build/planning/planning.egg-info/SOURCES.txt'
[2.520s] writing manifest file '../../build/planning/planning.egg-info/SOURCES.txt'
[2.522s] running build
[2.522s] running build_py
[2.525s] copying planning/ball_catcher_node.py -> /home/cc/ee106a/fa25/class/ee106a-adb/106project/106a-CATCH/lab5/build/planning/build/lib/planning
[2.529s] running install
[2.530s] running install_lib
[2.534s] copying /home/cc/ee106a/fa25/class/ee106a-adb/106project/106a-CATCH/lab5/build/planning/build/lib/planning/ball_catcher_node.py -> /home/cc/ee106a/fa25/class/ee106a-adb/106project/106a-CATCH/lab5/install/planning/lib/python3.10/site-packages/planning
[2.541s] byte-compiling /home/cc/ee106a/fa25/class/ee106a-adb/106project/106a-CATCH/lab5/install/planning/lib/python3.10/site-packages/planning/ball_catcher_node.py to ball_catcher_node.cpython-310.pyc
[2.546s] running install_data
[2.546s] running install_egg_info
[2.548s] removing '/home/cc/ee106a/fa25/class/ee106a-adb/106project/106a-CATCH/lab5/install/planning/lib/python3.10/site-packages/planning-0.0.0-py3.10.egg-info' (and everything under it)
[2.552s] Copying ../../build/planning/planning.egg-info to /home/cc/ee106a/fa25/class/ee106a-adb/106project/106a-CATCH/lab5/install/planning/lib/python3.10/site-packages/planning-0.0.0-py3.10.egg-info
[2.585s] running install_scripts
[2.620s] Installing ball_catcher script to /home/cc/ee106a/fa25/class/ee106a-adb/106project/106a-CATCH/lab5/install/planning/lib/planning
[2.623s] Installing basic_IK script to /home/cc/ee106a/fa25/class/ee106a-adb/106project/106a-CATCH/lab5/install/planning/lib/planning
[2.625s] Installing current_pos script to /home/cc/ee106a/fa25/class/ee106a-adb/106project/106a-CATCH/lab5/install/planning/lib/planning
[2.627s] Installing debug_catcher script to /home/cc/ee106a/fa25/class/ee106a-adb/106project/106a-CATCH/lab5/install/planning/lib/planning
[2.629s] Installing main script to /home/cc/ee106a/fa25/class/ee106a-adb/106project/106a-CATCH/lab5/install/planning/lib/planning
[2.632s] Installing publish_ball script to /home/cc/ee106a/fa25/class/ee106a-adb/106project/106a-CATCH/lab5/install/planning/lib/planning
[2.635s] Installing pyroki_test script to /home/cc/ee106a/fa25/class/ee106a-adb/106project/106a-CATCH/lab5/install/planning/lib/planning
[2.637s] Installing robot_control script to /home/cc/ee106a/fa25/class/ee106a-adb/106project/106a-CATCH/lab5/install/planning/lib/planning
[2.639s] Installing single_pos script to /home/cc/ee106a/fa25/class/ee106a-adb/106project/106a-CATCH/lab5/install/planning/lib/planning
[2.642s] Installing tf script to /home/cc/ee106a/fa25/class/ee106a-adb/106project/106a-CATCH/lab5/install/planning/lib/planning
[2.645s] Installing topic_catcher script to /home/cc/ee106a/fa25/class/ee106a-adb/106project/106a-CATCH/lab5/install/planning/lib/planning
[2.648s] writing list of installed files to '/home/cc/ee106a/fa25/class/ee106a-adb/106project/106a-CATCH/lab5/build/planning/install.log'
[2.672s] Invoked command in '/home/cc/ee106a/fa25/class/ee106a-adb/106project/106a-CATCH/lab5/src/planning' returned '0': PYTHONPATH=/home/cc/ee106a/fa25/class/ee106a-adb/106project/106a-CATCH/lab5/build/planning/prefix_override:/usr/lib/python3/dist-packages/colcon_core/task/python/colcon_distutils_commands:/home/cc/ee106a/fa25/class/ee106a-adb/106project/106a-CATCH/lab5/install/planning/lib/python3.10/site-packages:${PYTHONPATH} /usr/bin/python3 -W ignore:setup.py install is deprecated -W ignore:easy_install command is deprecated setup.py egg_info --egg-base ../../build/planning build --build-base /home/cc/ee106a/fa25/class/ee106a-adb/106project/106a-CATCH/lab5/build/planning/build install --record /home/cc/ee106a/fa25/class/ee106a-adb/106project/106a-CATCH/lab5/build/planning/install.log --single-version-externally-managed install_data
