[1.595s] Invoking command in '/home/cc/ee106a/fa25/class/ee106a-add/106A-CATCH/lab5/src/planning': PYTHONPATH=/home/cc/ee106a/fa25/class/ee106a-add/106A-CATCH/lab5/build/planning/prefix_override:/usr/lib/python3/dist-packages/colcon_core/task/python/colcon_distutils_commands:/home/cc/ee106a/fa25/class/ee106a-add/106A-CATCH/lab5/install/planning/lib/python3.10/site-packages:${PYTHONPATH} /usr/bin/python3 -W ignore:setup.py install is deprecated -W ignore:easy_install command is deprecated setup.py egg_info --egg-base ../../build/planning build --build-base /home/cc/ee106a/fa25/class/ee106a-add/106A-CATCH/lab5/build/planning/build install --record /home/cc/ee106a/fa25/class/ee106a-add/106A-CATCH/lab5/build/planning/install.log --single-version-externally-managed install_data
[1.922s] running egg_info
[1.923s] writing ../../build/planning/planning.egg-info/PKG-INFO
[1.927s] writing dependency_links to ../../build/planning/planning.egg-info/dependency_links.txt
[1.931s] writing entry points to ../../build/planning/planning.egg-info/entry_points.txt
[1.933s] writing requirements to ../../build/planning/planning.egg-info/requires.txt
[1.937s] writing top-level names to ../../build/planning/planning.egg-info/top_level.txt
[1.944s] reading manifest file '../../build/planning/planning.egg-info/SOURCES.txt'
[1.947s] writing manifest file '../../build/planning/planning.egg-info/SOURCES.txt'
[1.950s] running build
[1.950s] running build_py
[1.951s] running install
[1.951s] running install_lib
[1.953s] running install_data
[1.953s] running install_egg_info
[1.955s] removing '/home/cc/ee106a/fa25/class/ee106a-add/106A-CATCH/lab5/install/planning/lib/python3.10/site-packages/planning-0.0.0-py3.10.egg-info' (and everything under it)
[1.960s] Copying ../../build/planning/planning.egg-info to /home/cc/ee106a/fa25/class/ee106a-add/106A-CATCH/lab5/install/planning/lib/python3.10/site-packages/planning-0.0.0-py3.10.egg-info
[2.007s] running install_scripts
[2.031s] Installing main script to /home/cc/ee106a/fa25/class/ee106a-add/106A-CATCH/lab5/install/planning/lib/planning
[2.034s] Installing tf script to /home/cc/ee106a/fa25/class/ee106a-add/106A-CATCH/lab5/install/planning/lib/planning
[2.037s] writing list of installed files to '/home/cc/ee106a/fa25/class/ee106a-add/106A-CATCH/lab5/build/planning/install.log'
[2.114s] Invoked command in '/home/cc/ee106a/fa25/class/ee106a-add/106A-CATCH/lab5/src/planning' returned '0': PYTHONPATH=/home/cc/ee106a/fa25/class/ee106a-add/106A-CATCH/lab5/build/planning/prefix_override:/usr/lib/python3/dist-packages/colcon_core/task/python/colcon_distutils_commands:/home/cc/ee106a/fa25/class/ee106a-add/106A-CATCH/lab5/install/planning/lib/python3.10/site-packages:${PYTHONPATH} /usr/bin/python3 -W ignore:setup.py install is deprecated -W ignore:easy_install command is deprecated setup.py egg_info --egg-base ../../build/planning build --build-base /home/cc/ee106a/fa25/class/ee106a-add/106A-CATCH/lab5/build/planning/build install --record /home/cc/ee106a/fa25/class/ee106a-add/106A-CATCH/lab5/build/planning/install.log --single-version-externally-managed install_data
