[1.600s] Invoking command in '/home/cc/ee106a/fa25/class/ee106a-adb/106project/106a-CATCH/lab5/src/perception': PYTHONPATH=/home/cc/ee106a/fa25/class/ee106a-adb/106project/106a-CATCH/lab5/build/perception/prefix_override:/usr/lib/python3/dist-packages/colcon_core/task/python/colcon_distutils_commands:/home/cc/ee106a/fa25/class/ee106a-adb/106project/106a-CATCH/lab5/install/perception/lib/python3.10/site-packages:${PYTHONPATH} /usr/bin/python3 -W ignore:setup.py install is deprecated -W ignore:easy_install command is deprecated setup.py egg_info --egg-base ../../build/perception build --build-base /home/cc/ee106a/fa25/class/ee106a-adb/106project/106a-CATCH/lab5/build/perception/build install --record /home/cc/ee106a/fa25/class/ee106a-adb/106project/106a-CATCH/lab5/build/perception/install.log --single-version-externally-managed install_data
[1.948s] running egg_info
[1.949s] writing ../../build/perception/perception.egg-info/PKG-INFO
[1.953s] writing dependency_links to ../../build/perception/perception.egg-info/dependency_links.txt
[1.956s] writing entry points to ../../build/perception/perception.egg-info/entry_points.txt
[1.959s] writing requirements to ../../build/perception/perception.egg-info/requires.txt
[1.961s] writing top-level names to ../../build/perception/perception.egg-info/top_level.txt
[1.970s] reading manifest file '../../build/perception/perception.egg-info/SOURCES.txt'
[1.972s] writing manifest file '../../build/perception/perception.egg-info/SOURCES.txt'
[1.974s] running build
[1.974s] running build_py
[1.979s] running install
[1.980s] running install_lib
[1.987s] running install_data
[1.991s] running install_egg_info
[1.993s] removing '/home/cc/ee106a/fa25/class/ee106a-adb/106project/106a-CATCH/lab5/install/perception/lib/python3.10/site-packages/perception-0.0.0-py3.10.egg-info' (and everything under it)
[2.000s] Copying ../../build/perception/perception.egg-info to /home/cc/ee106a/fa25/class/ee106a-adb/106project/106a-CATCH/lab5/install/perception/lib/python3.10/site-packages/perception-0.0.0-py3.10.egg-info
[2.048s] running install_scripts
[2.075s] Installing ball_tracker script to /home/cc/ee106a/fa25/class/ee106a-adb/106project/106a-CATCH/lab5/install/perception/lib/perception
[2.079s] Installing color_identifier script to /home/cc/ee106a/fa25/class/ee106a-adb/106project/106a-CATCH/lab5/install/perception/lib/perception
[2.081s] Installing display_plane script to /home/cc/ee106a/fa25/class/ee106a-adb/106project/106a-CATCH/lab5/install/perception/lib/perception
[2.085s] Installing process_pointcloud script to /home/cc/ee106a/fa25/class/ee106a-adb/106project/106a-CATCH/lab5/install/perception/lib/perception
[2.089s] Installing show_hsv script to /home/cc/ee106a/fa25/class/ee106a-adb/106project/106a-CATCH/lab5/install/perception/lib/perception
[2.092s] Installing track_ball script to /home/cc/ee106a/fa25/class/ee106a-adb/106project/106a-CATCH/lab5/install/perception/lib/perception
[2.096s] writing list of installed files to '/home/cc/ee106a/fa25/class/ee106a-adb/106project/106a-CATCH/lab5/build/perception/install.log'
[2.147s] Invoked command in '/home/cc/ee106a/fa25/class/ee106a-adb/106project/106a-CATCH/lab5/src/perception' returned '0': PYTHONPATH=/home/cc/ee106a/fa25/class/ee106a-adb/106project/106a-CATCH/lab5/build/perception/prefix_override:/usr/lib/python3/dist-packages/colcon_core/task/python/colcon_distutils_commands:/home/cc/ee106a/fa25/class/ee106a-adb/106project/106a-CATCH/lab5/install/perception/lib/python3.10/site-packages:${PYTHONPATH} /usr/bin/python3 -W ignore:setup.py install is deprecated -W ignore:easy_install command is deprecated setup.py egg_info --egg-base ../../build/perception build --build-base /home/cc/ee106a/fa25/class/ee106a-adb/106project/106a-CATCH/lab5/build/perception/build install --record /home/cc/ee106a/fa25/class/ee106a-adb/106project/106a-CATCH/lab5/build/perception/install.log --single-version-externally-managed install_data
