[2.108s] Invoking command in '/home/cc/ee106a/fa25/class/ee106a-add/106A-CATCH/CATCH/src/perception': PYTHONPATH=/home/cc/ee106a/fa25/class/ee106a-add/106A-CATCH/CATCH/build/perception/prefix_override:/usr/lib/python3/dist-packages/colcon_core/task/python/colcon_distutils_commands:/home/cc/ee106a/fa25/class/ee106a-add/106A-CATCH/CATCH/install/perception/lib/python3.10/site-packages:${PYTHONPATH} /usr/bin/python3 -W ignore:setup.py install is deprecated -W ignore:easy_install command is deprecated setup.py egg_info --egg-base ../../build/perception build --build-base /home/cc/ee106a/fa25/class/ee106a-add/106A-CATCH/CATCH/build/perception/build install --record /home/cc/ee106a/fa25/class/ee106a-add/106A-CATCH/CATCH/build/perception/install.log --single-version-externally-managed install_data
[2.497s] running egg_info
[2.501s] writing ../../build/perception/perception.egg-info/PKG-INFO
[2.505s] writing dependency_links to ../../build/perception/perception.egg-info/dependency_links.txt
[2.510s] writing entry points to ../../build/perception/perception.egg-info/entry_points.txt
[2.513s] writing requirements to ../../build/perception/perception.egg-info/requires.txt
[2.516s] writing top-level names to ../../build/perception/perception.egg-info/top_level.txt
[2.523s] reading manifest file '../../build/perception/perception.egg-info/SOURCES.txt'
[2.526s] writing manifest file '../../build/perception/perception.egg-info/SOURCES.txt'
[2.528s] running build
[2.529s] running build_py
[2.529s] copying perception/closest_predicted_point.py -> /home/cc/ee106a/fa25/class/ee106a-add/106A-CATCH/CATCH/build/perception/build/lib/perception
[2.536s] running install
[2.536s] running install_lib
[2.539s] copying /home/cc/ee106a/fa25/class/ee106a-add/106A-CATCH/CATCH/build/perception/build/lib/perception/closest_predicted_point.py -> /home/cc/ee106a/fa25/class/ee106a-add/106A-CATCH/CATCH/install/perception/lib/python3.10/site-packages/perception
[2.547s] byte-compiling /home/cc/ee106a/fa25/class/ee106a-add/106A-CATCH/CATCH/install/perception/lib/python3.10/site-packages/perception/closest_predicted_point.py to closest_predicted_point.cpython-310.pyc
[2.554s] running install_data
[2.554s] running install_egg_info
[2.557s] removing '/home/cc/ee106a/fa25/class/ee106a-add/106A-CATCH/CATCH/install/perception/lib/python3.10/site-packages/perception-0.0.0-py3.10.egg-info' (and everything under it)
[2.563s] Copying ../../build/perception/perception.egg-info to /home/cc/ee106a/fa25/class/ee106a-add/106A-CATCH/CATCH/install/perception/lib/python3.10/site-packages/perception-0.0.0-py3.10.egg-info
[2.602s] running install_scripts
[2.627s] Installing ball_trajectory_estimator script to /home/cc/ee106a/fa25/class/ee106a-add/106A-CATCH/CATCH/install/perception/lib/perception
[2.629s] Installing blob_detector script to /home/cc/ee106a/fa25/class/ee106a-add/106A-CATCH/CATCH/install/perception/lib/perception
[2.632s] Installing closest_predicted_point script to /home/cc/ee106a/fa25/class/ee106a-add/106A-CATCH/CATCH/install/perception/lib/perception
[2.635s] Installing color_identifier script to /home/cc/ee106a/fa25/class/ee106a-add/106A-CATCH/CATCH/install/perception/lib/perception
[2.638s] Installing display_plane script to /home/cc/ee106a/fa25/class/ee106a-add/106A-CATCH/CATCH/install/perception/lib/perception
[2.641s] Installing process_depth_image script to /home/cc/ee106a/fa25/class/ee106a-add/106A-CATCH/CATCH/install/perception/lib/perception
[2.644s] Installing zxLS script to /home/cc/ee106a/fa25/class/ee106a-add/106A-CATCH/CATCH/install/perception/lib/perception
[2.647s] writing list of installed files to '/home/cc/ee106a/fa25/class/ee106a-add/106A-CATCH/CATCH/build/perception/install.log'
[2.746s] Invoked command in '/home/cc/ee106a/fa25/class/ee106a-add/106A-CATCH/CATCH/src/perception' returned '0': PYTHONPATH=/home/cc/ee106a/fa25/class/ee106a-add/106A-CATCH/CATCH/build/perception/prefix_override:/usr/lib/python3/dist-packages/colcon_core/task/python/colcon_distutils_commands:/home/cc/ee106a/fa25/class/ee106a-add/106A-CATCH/CATCH/install/perception/lib/python3.10/site-packages:${PYTHONPATH} /usr/bin/python3 -W ignore:setup.py install is deprecated -W ignore:easy_install command is deprecated setup.py egg_info --egg-base ../../build/perception build --build-base /home/cc/ee106a/fa25/class/ee106a-add/106A-CATCH/CATCH/build/perception/build install --record /home/cc/ee106a/fa25/class/ee106a-add/106A-CATCH/CATCH/build/perception/install.log --single-version-externally-managed install_data
