[1.091s] Invoking command in '/home/cc/ee106a/fa25/class/ee106a-adb/106project/106a-CATCH/lab5/build/ros2_aruco_interfaces': CMAKE_PREFIX_PATH=${CMAKE_PREFIX_PATH}:/home/cc/ee106a/fa25/class/ee106a-adb/106project/106a-CATCH/lab5/install/ros2_aruco:/home/cc/ee106a/fa25/class/ee106a-adb/106project/106a-CATCH/lab5/install/planning:/home/cc/ee106a/fa25/class/ee106a-adb/106project/106a-CATCH/lab5/install/perception:/home/ff/ee106a/robot_workspaces/ur/install/ur7e_utils:/opt/ros/humble /usr/bin/cmake --build /home/cc/ee106a/fa25/class/ee106a-adb/106project/106a-CATCH/lab5/build/ros2_aruco_interfaces -- -j32 -l32
[1.203s] [  6%] Built target ros2_aruco_interfaces__cpp
[1.207s] [ 12%] Built target ros2_aruco_interfaces__rosidl_generator_c
[1.289s] [ 22%] Built target ros2_aruco_interfaces__rosidl_typesupport_cpp
[1.301s] [ 35%] Built target ros2_aruco_interfaces__rosidl_typesupport_introspection_cpp
[1.307s] [ 45%] Built target ros2_aruco_interfaces__rosidl_typesupport_fastrtps_cpp
[1.311s] [ 61%] Built target ros2_aruco_interfaces__rosidl_typesupport_introspection_c
[1.315s] [ 70%] Built target ros2_aruco_interfaces__rosidl_typesupport_c
[1.315s] [ 70%] Built target ros2_aruco_interfaces__rosidl_typesupport_fastrtps_c
[1.328s] [ 70%] Built target ament_cmake_python_copy_ros2_aruco_interfaces
[1.356s] [ 70%] Built target ros2_aruco_interfaces
[1.398s] [ 74%] Built target ros2_aruco_interfaces__py
[1.448s] [ 80%] Built target ros2_aruco_interfaces__rosidl_generator_py
[1.513s] [ 93%] Built target ros2_aruco_interfaces__rosidl_typesupport_c__pyext
[1.514s] [ 93%] Built target ros2_aruco_interfaces__rosidl_typesupport_fastrtps_c__pyext
[1.518s] [100%] Built target ros2_aruco_interfaces__rosidl_typesupport_introspection_c__pyext
[1.740s] running egg_info
[1.742s] writing ros2_aruco_interfaces.egg-info/PKG-INFO
[1.744s] writing dependency_links to ros2_aruco_interfaces.egg-info/dependency_links.txt
[1.748s] writing top-level names to ros2_aruco_interfaces.egg-info/top_level.txt
[1.753s] reading manifest file 'ros2_aruco_interfaces.egg-info/SOURCES.txt'
[1.755s] writing manifest file 'ros2_aruco_interfaces.egg-info/SOURCES.txt'
[1.780s] [100%] Built target ament_cmake_python_build_ros2_aruco_interfaces_egg
[1.814s] Invoked command in '/home/cc/ee106a/fa25/class/ee106a-adb/106project/106a-CATCH/lab5/build/ros2_aruco_interfaces' returned '0': CMAKE_PREFIX_PATH=${CMAKE_PREFIX_PATH}:/home/cc/ee106a/fa25/class/ee106a-adb/106project/106a-CATCH/lab5/install/ros2_aruco:/home/cc/ee106a/fa25/class/ee106a-adb/106project/106a-CATCH/lab5/install/planning:/home/cc/ee106a/fa25/class/ee106a-adb/106project/106a-CATCH/lab5/install/perception:/home/ff/ee106a/robot_workspaces/ur/install/ur7e_utils:/opt/ros/humble /usr/bin/cmake --build /home/cc/ee106a/fa25/class/ee106a-adb/106project/106a-CATCH/lab5/build/ros2_aruco_interfaces -- -j32 -l32
[1.829s] Invoking command in '/home/cc/ee106a/fa25/class/ee106a-adb/106project/106a-CATCH/lab5/build/ros2_aruco_interfaces': CMAKE_PREFIX_PATH=${CMAKE_PREFIX_PATH}:/home/cc/ee106a/fa25/class/ee106a-adb/106project/106a-CATCH/lab5/install/ros2_aruco:/home/cc/ee106a/fa25/class/ee106a-adb/106project/106a-CATCH/lab5/install/planning:/home/cc/ee106a/fa25/class/ee106a-adb/106project/106a-CATCH/lab5/install/perception:/home/ff/ee106a/robot_workspaces/ur/install/ur7e_utils:/opt/ros/humble /usr/bin/cmake --install /home/cc/ee106a/fa25/class/ee106a-adb/106project/106a-CATCH/lab5/build/ros2_aruco_interfaces
[1.838s] -- Install configuration: ""
[1.839s] -- Up-to-date: /home/cc/ee106a/fa25/class/ee106a-adb/106project/106a-CATCH/lab5/install/ros2_aruco_interfaces/share/ament_index/resource_index/rosidl_interfaces/ros2_aruco_interfaces
[1.839s] -- Up-to-date: /home/cc/ee106a/fa25/class/ee106a-adb/106project/106a-CATCH/lab5/install/ros2_aruco_interfaces/include/ros2_aruco_interfaces/ros2_aruco_interfaces
[1.840s] -- Up-to-date: /home/cc/ee106a/fa25/class/ee106a-adb/106project/106a-CATCH/lab5/install/ros2_aruco_interfaces/include/ros2_aruco_interfaces/ros2_aruco_interfaces/msg
[1.841s] -- Up-to-date: /home/cc/ee106a/fa25/class/ee106a-adb/106project/106a-CATCH/lab5/install/ros2_aruco_interfaces/include/ros2_aruco_interfaces/ros2_aruco_interfaces/msg/aruco_markers.h
[1.842s] -- Up-to-date: /home/cc/ee106a/fa25/class/ee106a-adb/106project/106a-CATCH/lab5/install/ros2_aruco_interfaces/include/ros2_aruco_interfaces/ros2_aruco_interfaces/msg/rosidl_generator_c__visibility_control.h
[1.842s] -- Up-to-date: /home/cc/ee106a/fa25/class/ee106a-adb/106project/106a-CATCH/lab5/install/ros2_aruco_interfaces/include/ros2_aruco_interfaces/ros2_aruco_interfaces/msg/detail
[1.844s] -- Up-to-date: /home/cc/ee106a/fa25/class/ee106a-adb/106project/106a-CATCH/lab5/install/ros2_aruco_interfaces/include/ros2_aruco_interfaces/ros2_aruco_interfaces/msg/detail/aruco_markers__functions.c
[1.844s] -- Up-to-date: /home/cc/ee106a/fa25/class/ee106a-adb/106project/106a-CATCH/lab5/install/ros2_aruco_interfaces/include/ros2_aruco_interfaces/ros2_aruco_interfaces/msg/detail/aruco_markers__functions.h
[1.845s] -- Up-to-date: /home/cc/ee106a/fa25/class/ee106a-adb/106project/106a-CATCH/lab5/install/ros2_aruco_interfaces/include/ros2_aruco_interfaces/ros2_aruco_interfaces/msg/detail/aruco_markers__struct.h
[1.846s] -- Up-to-date: /home/cc/ee106a/fa25/class/ee106a-adb/106project/106a-CATCH/lab5/install/ros2_aruco_interfaces/include/ros2_aruco_interfaces/ros2_aruco_interfaces/msg/detail/aruco_markers__type_support.h
[1.847s] -- Up-to-date: /home/cc/ee106a/fa25/class/ee106a-adb/106project/106a-CATCH/lab5/install/ros2_aruco_interfaces/share/ros2_aruco_interfaces/environment/library_path.sh
[1.847s] -- Up-to-date: /home/cc/ee106a/fa25/class/ee106a-adb/106project/106a-CATCH/lab5/install/ros2_aruco_interfaces/share/ros2_aruco_interfaces/environment/library_path.dsv
[1.850s] -- Up-to-date: /home/cc/ee106a/fa25/class/ee106a-adb/106project/106a-CATCH/lab5/install/ros2_aruco_interfaces/lib/libros2_aruco_interfaces__rosidl_generator_c.so
[1.853s] -- Up-to-date: /home/cc/ee106a/fa25/class/ee106a-adb/106project/106a-CATCH/lab5/install/ros2_aruco_interfaces/include/ros2_aruco_interfaces/ros2_aruco_interfaces
[1.854s] -- Up-to-date: /home/cc/ee106a/fa25/class/ee106a-adb/106project/106a-CATCH/lab5/install/ros2_aruco_interfaces/include/ros2_aruco_interfaces/ros2_aruco_interfaces/msg
[1.856s] -- Up-to-date: /home/cc/ee106a/fa25/class/ee106a-adb/106project/106a-CATCH/lab5/install/ros2_aruco_interfaces/include/ros2_aruco_interfaces/ros2_aruco_interfaces/msg/detail
[1.857s] -- Up-to-date: /home/cc/ee106a/fa25/class/ee106a-adb/106project/106a-CATCH/lab5/install/ros2_aruco_interfaces/include/ros2_aruco_interfaces/ros2_aruco_interfaces/msg/detail/aruco_markers__rosidl_typesupport_fastrtps_c.h
[1.858s] -- Up-to-date: /home/cc/ee106a/fa25/class/ee106a-adb/106project/106a-CATCH/lab5/install/ros2_aruco_interfaces/include/ros2_aruco_interfaces/ros2_aruco_interfaces/msg/rosidl_typesupport_fastrtps_c__visibility_control.h
[1.862s] -- Up-to-date: /home/cc/ee106a/fa25/class/ee106a-adb/106project/106a-CATCH/lab5/install/ros2_aruco_interfaces/lib/libros2_aruco_interfaces__rosidl_typesupport_fastrtps_c.so
[1.865s] -- Up-to-date: /home/cc/ee106a/fa25/class/ee106a-adb/106project/106a-CATCH/lab5/install/ros2_aruco_interfaces/include/ros2_aruco_interfaces/ros2_aruco_interfaces
[1.867s] -- Up-to-date: /home/cc/ee106a/fa25/class/ee106a-adb/106project/106a-CATCH/lab5/install/ros2_aruco_interfaces/include/ros2_aruco_interfaces/ros2_aruco_interfaces/msg
[1.868s] -- Up-to-date: /home/cc/ee106a/fa25/class/ee106a-adb/106project/106a-CATCH/lab5/install/ros2_aruco_interfaces/include/ros2_aruco_interfaces/ros2_aruco_interfaces/msg/aruco_markers.hpp
[1.868s] -- Up-to-date: /home/cc/ee106a/fa25/class/ee106a-adb/106project/106a-CATCH/lab5/install/ros2_aruco_interfaces/include/ros2_aruco_interfaces/ros2_aruco_interfaces/msg/rosidl_generator_cpp__visibility_control.hpp
[1.869s] -- Up-to-date: /home/cc/ee106a/fa25/class/ee106a-adb/106project/106a-CATCH/lab5/install/ros2_aruco_interfaces/include/ros2_aruco_interfaces/ros2_aruco_interfaces/msg/detail
[1.870s] -- Up-to-date: /home/cc/ee106a/fa25/class/ee106a-adb/106project/106a-CATCH/lab5/install/ros2_aruco_interfaces/include/ros2_aruco_interfaces/ros2_aruco_interfaces/msg/detail/aruco_markers__builder.hpp
[1.871s] -- Up-to-date: /home/cc/ee106a/fa25/class/ee106a-adb/106project/106a-CATCH/lab5/install/ros2_aruco_interfaces/include/ros2_aruco_interfaces/ros2_aruco_interfaces/msg/detail/aruco_markers__struct.hpp
[1.871s] -- Up-to-date: /home/cc/ee106a/fa25/class/ee106a-adb/106project/106a-CATCH/lab5/install/ros2_aruco_interfaces/include/ros2_aruco_interfaces/ros2_aruco_interfaces/msg/detail/aruco_markers__traits.hpp
[1.872s] -- Up-to-date: /home/cc/ee106a/fa25/class/ee106a-adb/106project/106a-CATCH/lab5/install/ros2_aruco_interfaces/include/ros2_aruco_interfaces/ros2_aruco_interfaces/msg/detail/aruco_markers__type_support.hpp
[1.873s] -- Up-to-date: /home/cc/ee106a/fa25/class/ee106a-adb/106project/106a-CATCH/lab5/install/ros2_aruco_interfaces/include/ros2_aruco_interfaces/ros2_aruco_interfaces
[1.874s] -- Up-to-date: /home/cc/ee106a/fa25/class/ee106a-adb/106project/106a-CATCH/lab5/install/ros2_aruco_interfaces/include/ros2_aruco_interfaces/ros2_aruco_interfaces/msg
[1.875s] -- Up-to-date: /home/cc/ee106a/fa25/class/ee106a-adb/106project/106a-CATCH/lab5/install/ros2_aruco_interfaces/include/ros2_aruco_interfaces/ros2_aruco_interfaces/msg/detail
[1.876s] -- Up-to-date: /home/cc/ee106a/fa25/class/ee106a-adb/106project/106a-CATCH/lab5/install/ros2_aruco_interfaces/include/ros2_aruco_interfaces/ros2_aruco_interfaces/msg/detail/aruco_markers__rosidl_typesupport_fastrtps_cpp.hpp
[1.877s] -- Up-to-date: /home/cc/ee106a/fa25/class/ee106a-adb/106project/106a-CATCH/lab5/install/ros2_aruco_interfaces/include/ros2_aruco_interfaces/ros2_aruco_interfaces/msg/detail/dds_fastrtps
[1.878s] -- Up-to-date: /home/cc/ee106a/fa25/class/ee106a-adb/106project/106a-CATCH/lab5/install/ros2_aruco_interfaces/include/ros2_aruco_interfaces/ros2_aruco_interfaces/msg/rosidl_typesupport_fastrtps_cpp__visibility_control.h
[1.881s] -- Up-to-date: /home/cc/ee106a/fa25/class/ee106a-adb/106project/106a-CATCH/lab5/install/ros2_aruco_interfaces/lib/libros2_aruco_interfaces__rosidl_typesupport_fastrtps_cpp.so
[1.885s] -- Up-to-date: /home/cc/ee106a/fa25/class/ee106a-adb/106project/106a-CATCH/lab5/install/ros2_aruco_interfaces/include/ros2_aruco_interfaces/ros2_aruco_interfaces
[1.886s] -- Up-to-date: /home/cc/ee106a/fa25/class/ee106a-adb/106project/106a-CATCH/lab5/install/ros2_aruco_interfaces/include/ros2_aruco_interfaces/ros2_aruco_interfaces/msg
[1.888s] -- Up-to-date: /home/cc/ee106a/fa25/class/ee106a-adb/106project/106a-CATCH/lab5/install/ros2_aruco_interfaces/include/ros2_aruco_interfaces/ros2_aruco_interfaces/msg/detail
[1.889s] -- Up-to-date: /home/cc/ee106a/fa25/class/ee106a-adb/106project/106a-CATCH/lab5/install/ros2_aruco_interfaces/include/ros2_aruco_interfaces/ros2_aruco_interfaces/msg/detail/aruco_markers__rosidl_typesupport_introspection_c.h
[1.889s] -- Up-to-date: /home/cc/ee106a/fa25/class/ee106a-adb/106project/106a-CATCH/lab5/install/ros2_aruco_interfaces/include/ros2_aruco_interfaces/ros2_aruco_interfaces/msg/detail/aruco_markers__type_support.c
[1.890s] -- Up-to-date: /home/cc/ee106a/fa25/class/ee106a-adb/106project/106a-CATCH/lab5/install/ros2_aruco_interfaces/include/ros2_aruco_interfaces/ros2_aruco_interfaces/msg/rosidl_typesupport_introspection_c__visibility_control.h
[1.893s] -- Up-to-date: /home/cc/ee106a/fa25/class/ee106a-adb/106project/106a-CATCH/lab5/install/ros2_aruco_interfaces/lib/libros2_aruco_interfaces__rosidl_typesupport_introspection_c.so
[1.899s] -- Up-to-date: /home/cc/ee106a/fa25/class/ee106a-adb/106project/106a-CATCH/lab5/install/ros2_aruco_interfaces/lib/libros2_aruco_interfaces__rosidl_typesupport_c.so
[1.902s] -- Up-to-date: /home/cc/ee106a/fa25/class/ee106a-adb/106project/106a-CATCH/lab5/install/ros2_aruco_interfaces/include/ros2_aruco_interfaces/ros2_aruco_interfaces
[1.903s] -- Up-to-date: /home/cc/ee106a/fa25/class/ee106a-adb/106project/106a-CATCH/lab5/install/ros2_aruco_interfaces/include/ros2_aruco_interfaces/ros2_aruco_interfaces/msg
[1.905s] -- Up-to-date: /home/cc/ee106a/fa25/class/ee106a-adb/106project/106a-CATCH/lab5/install/ros2_aruco_interfaces/include/ros2_aruco_interfaces/ros2_aruco_interfaces/msg/detail
[1.907s] -- Up-to-date: /home/cc/ee106a/fa25/class/ee106a-adb/106project/106a-CATCH/lab5/install/ros2_aruco_interfaces/include/ros2_aruco_interfaces/ros2_aruco_interfaces/msg/detail/aruco_markers__rosidl_typesupport_introspection_cpp.hpp
[1.907s] -- Up-to-date: /home/cc/ee106a/fa25/class/ee106a-adb/106project/106a-CATCH/lab5/install/ros2_aruco_interfaces/include/ros2_aruco_interfaces/ros2_aruco_interfaces/msg/detail/aruco_markers__type_support.cpp
[1.911s] -- Up-to-date: /home/cc/ee106a/fa25/class/ee106a-adb/106project/106a-CATCH/lab5/install/ros2_aruco_interfaces/lib/libros2_aruco_interfaces__rosidl_typesupport_introspection_cpp.so
[1.917s] -- Up-to-date: /home/cc/ee106a/fa25/class/ee106a-adb/106project/106a-CATCH/lab5/install/ros2_aruco_interfaces/lib/libros2_aruco_interfaces__rosidl_typesupport_cpp.so
[1.920s] -- Up-to-date: /home/cc/ee106a/fa25/class/ee106a-adb/106project/106a-CATCH/lab5/install/ros2_aruco_interfaces/share/ros2_aruco_interfaces/environment/pythonpath.sh
[1.921s] -- Up-to-date: /home/cc/ee106a/fa25/class/ee106a-adb/106project/106a-CATCH/lab5/install/ros2_aruco_interfaces/share/ros2_aruco_interfaces/environment/pythonpath.dsv
[1.922s] -- Up-to-date: /home/cc/ee106a/fa25/class/ee106a-adb/106project/106a-CATCH/lab5/install/ros2_aruco_interfaces/local/lib/python3.10/dist-packages/ros2_aruco_interfaces-0.1.0-py3.10.egg-info
[1.924s] -- Installing: /home/cc/ee106a/fa25/class/ee106a-adb/106project/106a-CATCH/lab5/install/ros2_aruco_interfaces/local/lib/python3.10/dist-packages/ros2_aruco_interfaces-0.1.0-py3.10.egg-info/PKG-INFO
[1.934s] -- Installing: /home/cc/ee106a/fa25/class/ee106a-adb/106project/106a-CATCH/lab5/install/ros2_aruco_interfaces/local/lib/python3.10/dist-packages/ros2_aruco_interfaces-0.1.0-py3.10.egg-info/dependency_links.txt
[1.941s] -- Installing: /home/cc/ee106a/fa25/class/ee106a-adb/106project/106a-CATCH/lab5/install/ros2_aruco_interfaces/local/lib/python3.10/dist-packages/ros2_aruco_interfaces-0.1.0-py3.10.egg-info/top_level.txt
[1.950s] -- Installing: /home/cc/ee106a/fa25/class/ee106a-adb/106project/106a-CATCH/lab5/install/ros2_aruco_interfaces/local/lib/python3.10/dist-packages/ros2_aruco_interfaces-0.1.0-py3.10.egg-info/SOURCES.txt
[1.958s] -- Up-to-date: /home/cc/ee106a/fa25/class/ee106a-adb/106project/106a-CATCH/lab5/install/ros2_aruco_interfaces/local/lib/python3.10/dist-packages/ros2_aruco_interfaces
[1.960s] -- Up-to-date: /home/cc/ee106a/fa25/class/ee106a-adb/106project/106a-CATCH/lab5/install/ros2_aruco_interfaces/local/lib/python3.10/dist-packages/ros2_aruco_interfaces/__init__.py
[1.960s] -- Up-to-date: /home/cc/ee106a/fa25/class/ee106a-adb/106project/106a-CATCH/lab5/install/ros2_aruco_interfaces/local/lib/python3.10/dist-packages/ros2_aruco_interfaces/msg
[1.962s] -- Up-to-date: /home/cc/ee106a/fa25/class/ee106a-adb/106project/106a-CATCH/lab5/install/ros2_aruco_interfaces/local/lib/python3.10/dist-packages/ros2_aruco_interfaces/msg/_aruco_markers.py
[1.963s] -- Up-to-date: /home/cc/ee106a/fa25/class/ee106a-adb/106project/106a-CATCH/lab5/install/ros2_aruco_interfaces/local/lib/python3.10/dist-packages/ros2_aruco_interfaces/msg/_aruco_markers_s.c
[1.963s] -- Up-to-date: /home/cc/ee106a/fa25/class/ee106a-adb/106project/106a-CATCH/lab5/install/ros2_aruco_interfaces/local/lib/python3.10/dist-packages/ros2_aruco_interfaces/msg/__init__.py
[1.964s] -- Up-to-date: /home/cc/ee106a/fa25/class/ee106a-adb/106project/106a-CATCH/lab5/install/ros2_aruco_interfaces/local/lib/python3.10/dist-packages/ros2_aruco_interfaces/_ros2_aruco_interfaces_s.ep.rosidl_typesupport_fastrtps_c.c
[1.965s] -- Up-to-date: /home/cc/ee106a/fa25/class/ee106a-adb/106project/106a-CATCH/lab5/install/ros2_aruco_interfaces/local/lib/python3.10/dist-packages/ros2_aruco_interfaces/_ros2_aruco_interfaces_s.ep.rosidl_typesupport_introspection_c.c
[1.966s] -- Up-to-date: /home/cc/ee106a/fa25/class/ee106a-adb/106project/106a-CATCH/lab5/install/ros2_aruco_interfaces/local/lib/python3.10/dist-packages/ros2_aruco_interfaces/_ros2_aruco_interfaces_s.ep.rosidl_typesupport_c.c
[1.966s] -- Up-to-date: /home/cc/ee106a/fa25/class/ee106a-adb/106project/106a-CATCH/lab5/install/ros2_aruco_interfaces/local/lib/python3.10/dist-packages/ros2_aruco_interfaces/libros2_aruco_interfaces__rosidl_generator_py.so
[1.967s] -- Up-to-date: /home/cc/ee106a/fa25/class/ee106a-adb/106project/106a-CATCH/lab5/install/ros2_aruco_interfaces/local/lib/python3.10/dist-packages/ros2_aruco_interfaces/ros2_aruco_interfaces_s__rosidl_typesupport_fastrtps_c.cpython-310-x86_64-linux-gnu.so
[1.968s] -- Up-to-date: /home/cc/ee106a/fa25/class/ee106a-adb/106project/106a-CATCH/lab5/install/ros2_aruco_interfaces/local/lib/python3.10/dist-packages/ros2_aruco_interfaces/ros2_aruco_interfaces_s__rosidl_typesupport_c.cpython-310-x86_64-linux-gnu.so
[1.969s] -- Up-to-date: /home/cc/ee106a/fa25/class/ee106a-adb/106project/106a-CATCH/lab5/install/ros2_aruco_interfaces/local/lib/python3.10/dist-packages/ros2_aruco_interfaces/ros2_aruco_interfaces_s__rosidl_typesupport_introspection_c.cpython-310-x86_64-linux-gnu.so
[2.029s] Listing '/home/cc/ee106a/fa25/class/ee106a-adb/106project/106a-CATCH/lab5/install/ros2_aruco_interfaces/local/lib/python3.10/dist-packages/ros2_aruco_interfaces'...
[2.029s] Listing '/home/cc/ee106a/fa25/class/ee106a-adb/106project/106a-CATCH/lab5/install/ros2_aruco_interfaces/local/lib/python3.10/dist-packages/ros2_aruco_interfaces/msg'...
[2.035s] -- Up-to-date: /home/cc/ee106a/fa25/class/ee106a-adb/106project/106a-CATCH/lab5/install/ros2_aruco_interfaces/local/lib/python3.10/dist-packages/ros2_aruco_interfaces/ros2_aruco_interfaces_s__rosidl_typesupport_fastrtps_c.cpython-310-x86_64-linux-gnu.so
[2.040s] -- Up-to-date: /home/cc/ee106a/fa25/class/ee106a-adb/106project/106a-CATCH/lab5/install/ros2_aruco_interfaces/local/lib/python3.10/dist-packages/ros2_aruco_interfaces/ros2_aruco_interfaces_s__rosidl_typesupport_introspection_c.cpython-310-x86_64-linux-gnu.so
[2.046s] -- Up-to-date: /home/cc/ee106a/fa25/class/ee106a-adb/106project/106a-CATCH/lab5/install/ros2_aruco_interfaces/local/lib/python3.10/dist-packages/ros2_aruco_interfaces/ros2_aruco_interfaces_s__rosidl_typesupport_c.cpython-310-x86_64-linux-gnu.so
[2.051s] -- Up-to-date: /home/cc/ee106a/fa25/class/ee106a-adb/106project/106a-CATCH/lab5/install/ros2_aruco_interfaces/lib/libros2_aruco_interfaces__rosidl_generator_py.so
[2.055s] -- Up-to-date: /home/cc/ee106a/fa25/class/ee106a-adb/106project/106a-CATCH/lab5/install/ros2_aruco_interfaces/share/ros2_aruco_interfaces/msg/ArucoMarkers.idl
[2.055s] -- Up-to-date: /home/cc/ee106a/fa25/class/ee106a-adb/106project/106a-CATCH/lab5/install/ros2_aruco_interfaces/share/ros2_aruco_interfaces/msg/ArucoMarkers.msg
[2.056s] -- Up-to-date: /home/cc/ee106a/fa25/class/ee106a-adb/106project/106a-CATCH/lab5/install/ros2_aruco_interfaces/share/ament_index/resource_index/package_run_dependencies/ros2_aruco_interfaces
[2.057s] -- Up-to-date: /home/cc/ee106a/fa25/class/ee106a-adb/106project/106a-CATCH/lab5/install/ros2_aruco_interfaces/share/ament_index/resource_index/parent_prefix_path/ros2_aruco_interfaces
[2.058s] -- Up-to-date: /home/cc/ee106a/fa25/class/ee106a-adb/106project/106a-CATCH/lab5/install/ros2_aruco_interfaces/share/ros2_aruco_interfaces/environment/ament_prefix_path.sh
[2.058s] -- Up-to-date: /home/cc/ee106a/fa25/class/ee106a-adb/106project/106a-CATCH/lab5/install/ros2_aruco_interfaces/share/ros2_aruco_interfaces/environment/ament_prefix_path.dsv
[2.059s] -- Up-to-date: /home/cc/ee106a/fa25/class/ee106a-adb/106project/106a-CATCH/lab5/install/ros2_aruco_interfaces/share/ros2_aruco_interfaces/environment/path.sh
[2.060s] -- Up-to-date: /home/cc/ee106a/fa25/class/ee106a-adb/106project/106a-CATCH/lab5/install/ros2_aruco_interfaces/share/ros2_aruco_interfaces/environment/path.dsv
[2.060s] -- Up-to-date: /home/cc/ee106a/fa25/class/ee106a-adb/106project/106a-CATCH/lab5/install/ros2_aruco_interfaces/share/ros2_aruco_interfaces/local_setup.bash
[2.061s] -- Up-to-date: /home/cc/ee106a/fa25/class/ee106a-adb/106project/106a-CATCH/lab5/install/ros2_aruco_interfaces/share/ros2_aruco_interfaces/local_setup.sh
[2.062s] -- Up-to-date: /home/cc/ee106a/fa25/class/ee106a-adb/106project/106a-CATCH/lab5/install/ros2_aruco_interfaces/share/ros2_aruco_interfaces/local_setup.zsh
[2.063s] -- Up-to-date: /home/cc/ee106a/fa25/class/ee106a-adb/106project/106a-CATCH/lab5/install/ros2_aruco_interfaces/share/ros2_aruco_interfaces/local_setup.dsv
[2.063s] -- Installing: /home/cc/ee106a/fa25/class/ee106a-adb/106project/106a-CATCH/lab5/install/ros2_aruco_interfaces/share/ros2_aruco_interfaces/package.dsv
[2.071s] -- Up-to-date: /home/cc/ee106a/fa25/class/ee106a-adb/106project/106a-CATCH/lab5/install/ros2_aruco_interfaces/share/ament_index/resource_index/packages/ros2_aruco_interfaces
[2.076s] -- Up-to-date: /home/cc/ee106a/fa25/class/ee106a-adb/106project/106a-CATCH/lab5/install/ros2_aruco_interfaces/share/ros2_aruco_interfaces/cmake/export_ros2_aruco_interfaces__rosidl_generator_cExport.cmake
[2.076s] -- Up-to-date: /home/cc/ee106a/fa25/class/ee106a-adb/106project/106a-CATCH/lab5/install/ros2_aruco_interfaces/share/ros2_aruco_interfaces/cmake/export_ros2_aruco_interfaces__rosidl_generator_cExport-noconfig.cmake
[2.080s] -- Up-to-date: /home/cc/ee106a/fa25/class/ee106a-adb/106project/106a-CATCH/lab5/install/ros2_aruco_interfaces/share/ros2_aruco_interfaces/cmake/export_ros2_aruco_interfaces__rosidl_typesupport_fastrtps_cExport.cmake
[2.080s] -- Up-to-date: /home/cc/ee106a/fa25/class/ee106a-adb/106project/106a-CATCH/lab5/install/ros2_aruco_interfaces/share/ros2_aruco_interfaces/cmake/export_ros2_aruco_interfaces__rosidl_typesupport_fastrtps_cExport-noconfig.cmake
[2.084s] -- Up-to-date: /home/cc/ee106a/fa25/class/ee106a-adb/106project/106a-CATCH/lab5/install/ros2_aruco_interfaces/share/ros2_aruco_interfaces/cmake/export_ros2_aruco_interfaces__rosidl_generator_cppExport.cmake
[2.087s] -- Up-to-date: /home/cc/ee106a/fa25/class/ee106a-adb/106project/106a-CATCH/lab5/install/ros2_aruco_interfaces/share/ros2_aruco_interfaces/cmake/export_ros2_aruco_interfaces__rosidl_typesupport_fastrtps_cppExport.cmake
[2.088s] -- Up-to-date: /home/cc/ee106a/fa25/class/ee106a-adb/106project/106a-CATCH/lab5/install/ros2_aruco_interfaces/share/ros2_aruco_interfaces/cmake/export_ros2_aruco_interfaces__rosidl_typesupport_fastrtps_cppExport-noconfig.cmake
[2.093s] -- Up-to-date: /home/cc/ee106a/fa25/class/ee106a-adb/106project/106a-CATCH/lab5/install/ros2_aruco_interfaces/share/ros2_aruco_interfaces/cmake/ros2_aruco_interfaces__rosidl_typesupport_introspection_cExport.cmake
[2.095s] -- Up-to-date: /home/cc/ee106a/fa25/class/ee106a-adb/106project/106a-CATCH/lab5/install/ros2_aruco_interfaces/share/ros2_aruco_interfaces/cmake/ros2_aruco_interfaces__rosidl_typesupport_introspection_cExport-noconfig.cmake
[2.100s] -- Up-to-date: /home/cc/ee106a/fa25/class/ee106a-adb/106project/106a-CATCH/lab5/install/ros2_aruco_interfaces/share/ros2_aruco_interfaces/cmake/ros2_aruco_interfaces__rosidl_typesupport_cExport.cmake
[2.101s] -- Up-to-date: /home/cc/ee106a/fa25/class/ee106a-adb/106project/106a-CATCH/lab5/install/ros2_aruco_interfaces/share/ros2_aruco_interfaces/cmake/ros2_aruco_interfaces__rosidl_typesupport_cExport-noconfig.cmake
[2.105s] -- Up-to-date: /home/cc/ee106a/fa25/class/ee106a-adb/106project/106a-CATCH/lab5/install/ros2_aruco_interfaces/share/ros2_aruco_interfaces/cmake/ros2_aruco_interfaces__rosidl_typesupport_introspection_cppExport.cmake
[2.106s] -- Up-to-date: /home/cc/ee106a/fa25/class/ee106a-adb/106project/106a-CATCH/lab5/install/ros2_aruco_interfaces/share/ros2_aruco_interfaces/cmake/ros2_aruco_interfaces__rosidl_typesupport_introspection_cppExport-noconfig.cmake
[2.110s] -- Up-to-date: /home/cc/ee106a/fa25/class/ee106a-adb/106project/106a-CATCH/lab5/install/ros2_aruco_interfaces/share/ros2_aruco_interfaces/cmake/ros2_aruco_interfaces__rosidl_typesupport_cppExport.cmake
[2.112s] -- Up-to-date: /home/cc/ee106a/fa25/class/ee106a-adb/106project/106a-CATCH/lab5/install/ros2_aruco_interfaces/share/ros2_aruco_interfaces/cmake/ros2_aruco_interfaces__rosidl_typesupport_cppExport-noconfig.cmake
[2.115s] -- Up-to-date: /home/cc/ee106a/fa25/class/ee106a-adb/106project/106a-CATCH/lab5/install/ros2_aruco_interfaces/share/ros2_aruco_interfaces/cmake/export_ros2_aruco_interfaces__rosidl_generator_pyExport.cmake
[2.116s] -- Up-to-date: /home/cc/ee106a/fa25/class/ee106a-adb/106project/106a-CATCH/lab5/install/ros2_aruco_interfaces/share/ros2_aruco_interfaces/cmake/export_ros2_aruco_interfaces__rosidl_generator_pyExport-noconfig.cmake
[2.117s] -- Up-to-date: /home/cc/ee106a/fa25/class/ee106a-adb/106project/106a-CATCH/lab5/install/ros2_aruco_interfaces/share/ros2_aruco_interfaces/cmake/rosidl_cmake-extras.cmake
[2.118s] -- Up-to-date: /home/cc/ee106a/fa25/class/ee106a-adb/106project/106a-CATCH/lab5/install/ros2_aruco_interfaces/share/ros2_aruco_interfaces/cmake/ament_cmake_export_dependencies-extras.cmake
[2.118s] -- Up-to-date: /home/cc/ee106a/fa25/class/ee106a-adb/106project/106a-CATCH/lab5/install/ros2_aruco_interfaces/share/ros2_aruco_interfaces/cmake/ament_cmake_export_include_directories-extras.cmake
[2.119s] -- Up-to-date: /home/cc/ee106a/fa25/class/ee106a-adb/106project/106a-CATCH/lab5/install/ros2_aruco_interfaces/share/ros2_aruco_interfaces/cmake/ament_cmake_export_libraries-extras.cmake
[2.120s] -- Up-to-date: /home/cc/ee106a/fa25/class/ee106a-adb/106project/106a-CATCH/lab5/install/ros2_aruco_interfaces/share/ros2_aruco_interfaces/cmake/ament_cmake_export_targets-extras.cmake
[2.121s] -- Up-to-date: /home/cc/ee106a/fa25/class/ee106a-adb/106project/106a-CATCH/lab5/install/ros2_aruco_interfaces/share/ros2_aruco_interfaces/cmake/rosidl_cmake_export_typesupport_targets-extras.cmake
[2.122s] -- Up-to-date: /home/cc/ee106a/fa25/class/ee106a-adb/106project/106a-CATCH/lab5/install/ros2_aruco_interfaces/share/ros2_aruco_interfaces/cmake/rosidl_cmake_export_typesupport_libraries-extras.cmake
[2.122s] -- Up-to-date: /home/cc/ee106a/fa25/class/ee106a-adb/106project/106a-CATCH/lab5/install/ros2_aruco_interfaces/share/ros2_aruco_interfaces/cmake/ros2_aruco_interfacesConfig.cmake
[2.123s] -- Up-to-date: /home/cc/ee106a/fa25/class/ee106a-adb/106project/106a-CATCH/lab5/install/ros2_aruco_interfaces/share/ros2_aruco_interfaces/cmake/ros2_aruco_interfacesConfig-version.cmake
[2.124s] -- Up-to-date: /home/cc/ee106a/fa25/class/ee106a-adb/106project/106a-CATCH/lab5/install/ros2_aruco_interfaces/share/ros2_aruco_interfaces/package.xml
[2.133s] Invoked command in '/home/cc/ee106a/fa25/class/ee106a-adb/106project/106a-CATCH/lab5/build/ros2_aruco_interfaces' returned '0': CMAKE_PREFIX_PATH=${CMAKE_PREFIX_PATH}:/home/cc/ee106a/fa25/class/ee106a-adb/106project/106a-CATCH/lab5/install/ros2_aruco:/home/cc/ee106a/fa25/class/ee106a-adb/106project/106a-CATCH/lab5/install/planning:/home/cc/ee106a/fa25/class/ee106a-adb/106project/106a-CATCH/lab5/install/perception:/home/ff/ee106a/robot_workspaces/ur/install/ur7e_utils:/opt/ros/humble /usr/bin/cmake --install /home/cc/ee106a/fa25/class/ee106a-adb/106project/106a-CATCH/lab5/build/ros2_aruco_interfaces
