[1.640s] Invoking command in '/home/cc/ee106a/fa25/class/ee106a-adb/106project/106a-CATCH/lab5/src/perception': PYTHONPATH=/home/cc/ee106a/fa25/class/ee106a-adb/106project/106a-CATCH/build/perception/prefix_override:/usr/lib/python3/dist-packages/colcon_core/task/python/colcon_distutils_commands:/home/cc/ee106a/fa25/class/ee106a-adb/106project/106a-CATCH/install/perception/lib/python3.10/site-packages:${PYTHONPATH} /usr/bin/python3 -W ignore:setup.py install is deprecated -W ignore:easy_install command is deprecated setup.py egg_info --egg-base ../../../build/perception build --build-base /home/cc/ee106a/fa25/class/ee106a-adb/106project/106a-CATCH/build/perception/build install --record /home/cc/ee106a/fa25/class/ee106a-adb/106project/106a-CATCH/build/perception/install.log --single-version-externally-managed install_data
[1.936s] running egg_info
[1.937s] writing ../../../build/perception/perception.egg-info/PKG-INFO
[1.941s] writing dependency_links to ../../../build/perception/perception.egg-info/dependency_links.txt
[1.944s] writing entry points to ../../../build/perception/perception.egg-info/entry_points.txt
[1.947s] writing requirements to ../../../build/perception/perception.egg-info/requires.txt
[1.949s] writing top-level names to ../../../build/perception/perception.egg-info/top_level.txt
[1.958s] reading manifest file '../../../build/perception/perception.egg-info/SOURCES.txt'
[1.961s] writing manifest file '../../../build/perception/perception.egg-info/SOURCES.txt'
[1.963s] running build
[1.963s] running build_py
[1.967s] running install
[1.967s] running install_lib
[1.972s] running install_data
[1.972s] running install_egg_info
[1.975s] removing '/home/cc/ee106a/fa25/class/ee106a-adb/106project/106a-CATCH/install/perception/lib/python3.10/site-packages/perception-0.0.0-py3.10.egg-info' (and everything under it)
[1.982s] Copying ../../../build/perception/perception.egg-info to /home/cc/ee106a/fa25/class/ee106a-adb/106project/106a-CATCH/install/perception/lib/python3.10/site-packages/perception-0.0.0-py3.10.egg-info
[2.018s] running install_scripts
[2.041s] Installing color_identifier script to /home/cc/ee106a/fa25/class/ee106a-adb/106project/106a-CATCH/install/perception/lib/perception
[2.043s] Installing color_tracker_3d script to /home/cc/ee106a/fa25/class/ee106a-adb/106project/106a-CATCH/install/perception/lib/perception
[2.045s] Installing display_plane script to /home/cc/ee106a/fa25/class/ee106a-adb/106project/106a-CATCH/install/perception/lib/perception
[2.048s] Installing process_pointcloud script to /home/cc/ee106a/fa25/class/ee106a-adb/106project/106a-CATCH/install/perception/lib/perception
[2.051s] writing list of installed files to '/home/cc/ee106a/fa25/class/ee106a-adb/106project/106a-CATCH/build/perception/install.log'
[2.113s] Invoked command in '/home/cc/ee106a/fa25/class/ee106a-adb/106project/106a-CATCH/lab5/src/perception' returned '0': PYTHONPATH=/home/cc/ee106a/fa25/class/ee106a-adb/106project/106a-CATCH/build/perception/prefix_override:/usr/lib/python3/dist-packages/colcon_core/task/python/colcon_distutils_commands:/home/cc/ee106a/fa25/class/ee106a-adb/106project/106a-CATCH/install/perception/lib/python3.10/site-packages:${PYTHONPATH} /usr/bin/python3 -W ignore:setup.py install is deprecated -W ignore:easy_install command is deprecated setup.py egg_info --egg-base ../../../build/perception build --build-base /home/cc/ee106a/fa25/class/ee106a-adb/106project/106a-CATCH/build/perception/build install --record /home/cc/ee106a/fa25/class/ee106a-adb/106project/106a-CATCH/build/perception/install.log --single-version-externally-managed install_data
