[1.212s] Invoking command in '/home/cc/ee106a/fa25/class/ee106a-add/ros_workspaces/lab7/src/planning': PYTHONPATH=/home/cc/ee106a/fa25/class/ee106a-add/ros_workspaces/lab7/build/planning/prefix_override:/usr/lib/python3/dist-packages/colcon_core/task/python/colcon_distutils_commands:/home/cc/ee106a/fa25/class/ee106a-add/ros_workspaces/lab7/install/planning/lib/python3.10/site-packages:${PYTHONPATH} /usr/bin/python3 -W ignore:setup.py install is deprecated -W ignore:easy_install command is deprecated setup.py egg_info --egg-base ../../build/planning build --build-base /home/cc/ee106a/fa25/class/ee106a-add/ros_workspaces/lab7/build/planning/build install --record /home/cc/ee106a/fa25/class/ee106a-add/ros_workspaces/lab7/build/planning/install.log --single-version-externally-managed install_data
[1.449s] running egg_info
[1.450s] writing ../../build/planning/planning.egg-info/PKG-INFO
[1.453s] writing dependency_links to ../../build/planning/planning.egg-info/dependency_links.txt
[1.456s] writing entry points to ../../build/planning/planning.egg-info/entry_points.txt
[1.459s] writing requirements to ../../build/planning/planning.egg-info/requires.txt
[1.461s] writing top-level names to ../../build/planning/planning.egg-info/top_level.txt
[1.469s] reading manifest file '../../build/planning/planning.egg-info/SOURCES.txt'
[1.472s] writing manifest file '../../build/planning/planning.egg-info/SOURCES.txt'
[1.474s] running build
[1.474s] running build_py
[1.476s] copying planning/ik.py -> /home/cc/ee106a/fa25/class/ee106a-add/ros_workspaces/lab7/build/planning/build/lib/planning
[1.483s] copying planning/main.py -> /home/cc/ee106a/fa25/class/ee106a-add/ros_workspaces/lab7/build/planning/build/lib/planning
[1.489s] copying planning/transform_cube_pose.py -> /home/cc/ee106a/fa25/class/ee106a-add/ros_workspaces/lab7/build/planning/build/lib/planning
[1.495s] running install
[1.496s] running install_lib
[1.499s] copying /home/cc/ee106a/fa25/class/ee106a-add/ros_workspaces/lab7/build/planning/build/lib/planning/ik.py -> /home/cc/ee106a/fa25/class/ee106a-add/ros_workspaces/lab7/install/planning/lib/python3.10/site-packages/planning
[1.504s] copying /home/cc/ee106a/fa25/class/ee106a-add/ros_workspaces/lab7/build/planning/build/lib/planning/main.py -> /home/cc/ee106a/fa25/class/ee106a-add/ros_workspaces/lab7/install/planning/lib/python3.10/site-packages/planning
[1.510s] copying /home/cc/ee106a/fa25/class/ee106a-add/ros_workspaces/lab7/build/planning/build/lib/planning/transform_cube_pose.py -> /home/cc/ee106a/fa25/class/ee106a-add/ros_workspaces/lab7/install/planning/lib/python3.10/site-packages/planning
[1.518s] byte-compiling /home/cc/ee106a/fa25/class/ee106a-add/ros_workspaces/lab7/install/planning/lib/python3.10/site-packages/planning/ik.py to ik.cpython-310.pyc
[1.526s] byte-compiling /home/cc/ee106a/fa25/class/ee106a-add/ros_workspaces/lab7/install/planning/lib/python3.10/site-packages/planning/main.py to main.cpython-310.pyc
[1.532s] byte-compiling /home/cc/ee106a/fa25/class/ee106a-add/ros_workspaces/lab7/install/planning/lib/python3.10/site-packages/planning/transform_cube_pose.py to transform_cube_pose.cpython-310.pyc
[1.536s] running install_data
[1.539s] copying launch/lab7_bringup.launch.py -> /home/cc/ee106a/fa25/class/ee106a-add/ros_workspaces/lab7/install/planning/share/planning/launch
[1.543s] running install_egg_info
[1.545s] removing '/home/cc/ee106a/fa25/class/ee106a-add/ros_workspaces/lab7/install/planning/lib/python3.10/site-packages/planning-0.0.0-py3.10.egg-info' (and everything under it)
[1.551s] Copying ../../build/planning/planning.egg-info to /home/cc/ee106a/fa25/class/ee106a-add/ros_workspaces/lab7/install/planning/lib/python3.10/site-packages/planning-0.0.0-py3.10.egg-info
[1.582s] running install_scripts
[1.602s] Installing ik script to /home/cc/ee106a/fa25/class/ee106a-add/ros_workspaces/lab7/install/planning/lib/planning
[1.608s] Installing main script to /home/cc/ee106a/fa25/class/ee106a-add/ros_workspaces/lab7/install/planning/lib/planning
[1.608s] Installing tf script to /home/cc/ee106a/fa25/class/ee106a-add/ros_workspaces/lab7/install/planning/lib/planning
[1.610s] Installing transform_cube_pose script to /home/cc/ee106a/fa25/class/ee106a-add/ros_workspaces/lab7/install/planning/lib/planning
[1.614s] writing list of installed files to '/home/cc/ee106a/fa25/class/ee106a-add/ros_workspaces/lab7/build/planning/install.log'
[1.643s] Invoked command in '/home/cc/ee106a/fa25/class/ee106a-add/ros_workspaces/lab7/src/planning' returned '0': PYTHONPATH=/home/cc/ee106a/fa25/class/ee106a-add/ros_workspaces/lab7/build/planning/prefix_override:/usr/lib/python3/dist-packages/colcon_core/task/python/colcon_distutils_commands:/home/cc/ee106a/fa25/class/ee106a-add/ros_workspaces/lab7/install/planning/lib/python3.10/site-packages:${PYTHONPATH} /usr/bin/python3 -W ignore:setup.py install is deprecated -W ignore:easy_install command is deprecated setup.py egg_info --egg-base ../../build/planning build --build-base /home/cc/ee106a/fa25/class/ee106a-add/ros_workspaces/lab7/build/planning/build install --record /home/cc/ee106a/fa25/class/ee106a-add/ros_workspaces/lab7/build/planning/install.log --single-version-externally-managed install_data
