[1.813s] Invoking command in '/home/cc/ee106a/fa25/class/ee106a-add/106A-CATCH/lab5/src/perception': PYTHONPATH=/home/cc/ee106a/fa25/class/ee106a-add/106A-CATCH/lab5/build/perception/prefix_override:/usr/lib/python3/dist-packages/colcon_core/task/python/colcon_distutils_commands:/home/cc/ee106a/fa25/class/ee106a-add/106A-CATCH/lab5/install/perception/lib/python3.10/site-packages:${PYTHONPATH} /usr/bin/python3 -W ignore:setup.py install is deprecated -W ignore:easy_install command is deprecated setup.py egg_info --egg-base ../../build/perception build --build-base /home/cc/ee106a/fa25/class/ee106a-add/106A-CATCH/lab5/build/perception/build install --record /home/cc/ee106a/fa25/class/ee106a-add/106A-CATCH/lab5/build/perception/install.log --single-version-externally-managed install_data
[2.138s] running egg_info
[2.139s] writing ../../build/perception/perception.egg-info/PKG-INFO
[2.142s] writing dependency_links to ../../build/perception/perception.egg-info/dependency_links.txt
[2.144s] writing entry points to ../../build/perception/perception.egg-info/entry_points.txt
[2.147s] writing requirements to ../../build/perception/perception.egg-info/requires.txt
[2.149s] writing top-level names to ../../build/perception/perception.egg-info/top_level.txt
[2.158s] reading manifest file '../../build/perception/perception.egg-info/SOURCES.txt'
[2.162s] writing manifest file '../../build/perception/perception.egg-info/SOURCES.txt'
[2.164s] running build
[2.164s] running build_py
[2.168s] copying perception/blob_detector_ros2.py -> /home/cc/ee106a/fa25/class/ee106a-add/106A-CATCH/lab5/build/perception/build/lib/perception
[2.173s] copying perception/blob_detector.py -> /home/cc/ee106a/fa25/class/ee106a-add/106A-CATCH/lab5/build/perception/build/lib/perception
[2.178s] copying perception/range_detector.py -> /home/cc/ee106a/fa25/class/ee106a-add/106A-CATCH/lab5/build/perception/build/lib/perception
[2.182s] running install
[2.182s] running install_lib
[2.186s] copying /home/cc/ee106a/fa25/class/ee106a-add/106A-CATCH/lab5/build/perception/build/lib/perception/blob_detector_ros2.py -> /home/cc/ee106a/fa25/class/ee106a-add/106A-CATCH/lab5/install/perception/lib/python3.10/site-packages/perception
[2.190s] copying /home/cc/ee106a/fa25/class/ee106a-add/106A-CATCH/lab5/build/perception/build/lib/perception/blob_detector.py -> /home/cc/ee106a/fa25/class/ee106a-add/106A-CATCH/lab5/install/perception/lib/python3.10/site-packages/perception
[2.195s] copying /home/cc/ee106a/fa25/class/ee106a-add/106A-CATCH/lab5/build/perception/build/lib/perception/range_detector.py -> /home/cc/ee106a/fa25/class/ee106a-add/106A-CATCH/lab5/install/perception/lib/python3.10/site-packages/perception
[2.202s] byte-compiling /home/cc/ee106a/fa25/class/ee106a-add/106A-CATCH/lab5/install/perception/lib/python3.10/site-packages/perception/blob_detector_ros2.py to blob_detector_ros2.cpython-310.pyc
[2.209s] byte-compiling /home/cc/ee106a/fa25/class/ee106a-add/106A-CATCH/lab5/install/perception/lib/python3.10/site-packages/perception/blob_detector.py to blob_detector.cpython-310.pyc
[2.218s] byte-compiling /home/cc/ee106a/fa25/class/ee106a-add/106A-CATCH/lab5/install/perception/lib/python3.10/site-packages/perception/range_detector.py to range_detector.cpython-310.pyc
[2.224s] running install_data
[2.224s] running install_egg_info
[2.229s] removing '/home/cc/ee106a/fa25/class/ee106a-add/106A-CATCH/lab5/install/perception/lib/python3.10/site-packages/perception-0.0.0-py3.10.egg-info' (and everything under it)
[2.236s] Copying ../../build/perception/perception.egg-info to /home/cc/ee106a/fa25/class/ee106a-add/106A-CATCH/lab5/install/perception/lib/python3.10/site-packages/perception-0.0.0-py3.10.egg-info
[2.275s] running install_scripts
[2.302s] Installing blob_detector script to /home/cc/ee106a/fa25/class/ee106a-add/106A-CATCH/lab5/install/perception/lib/perception
[2.304s] Installing color_identifier script to /home/cc/ee106a/fa25/class/ee106a-add/106A-CATCH/lab5/install/perception/lib/perception
[2.307s] Installing display_plane script to /home/cc/ee106a/fa25/class/ee106a-add/106A-CATCH/lab5/install/perception/lib/perception
[2.310s] Installing process_pointcloud script to /home/cc/ee106a/fa25/class/ee106a-add/106A-CATCH/lab5/install/perception/lib/perception
[2.313s] writing list of installed files to '/home/cc/ee106a/fa25/class/ee106a-add/106A-CATCH/lab5/build/perception/install.log'
[2.457s] Invoked command in '/home/cc/ee106a/fa25/class/ee106a-add/106A-CATCH/lab5/src/perception' returned '0': PYTHONPATH=/home/cc/ee106a/fa25/class/ee106a-add/106A-CATCH/lab5/build/perception/prefix_override:/usr/lib/python3/dist-packages/colcon_core/task/python/colcon_distutils_commands:/home/cc/ee106a/fa25/class/ee106a-add/106A-CATCH/lab5/install/perception/lib/python3.10/site-packages:${PYTHONPATH} /usr/bin/python3 -W ignore:setup.py install is deprecated -W ignore:easy_install command is deprecated setup.py egg_info --egg-base ../../build/perception build --build-base /home/cc/ee106a/fa25/class/ee106a-add/106A-CATCH/lab5/build/perception/build install --record /home/cc/ee106a/fa25/class/ee106a-add/106A-CATCH/lab5/build/perception/install.log --single-version-externally-managed install_data
