[1.763s] Invoking command in '/home/cc/ee106a/fa25/class/ee106a-add/106A-CATCH/CATCH/src/planning': PYTHONPATH=/home/cc/ee106a/fa25/class/ee106a-add/106A-CATCH/CATCH/build/planning/prefix_override:/usr/lib/python3/dist-packages/colcon_core/task/python/colcon_distutils_commands:/home/cc/ee106a/fa25/class/ee106a-add/106A-CATCH/CATCH/install/planning/lib/python3.10/site-packages:${PYTHONPATH} /usr/bin/python3 -W ignore:setup.py install is deprecated -W ignore:easy_install command is deprecated setup.py egg_info --egg-base ../../build/planning build --build-base /home/cc/ee106a/fa25/class/ee106a-add/106A-CATCH/CATCH/build/planning/build install --record /home/cc/ee106a/fa25/class/ee106a-add/106A-CATCH/CATCH/build/planning/install.log --single-version-externally-managed install_data
[2.065s] running egg_info
[2.066s] writing ../../build/planning/planning.egg-info/PKG-INFO
[2.070s] writing dependency_links to ../../build/planning/planning.egg-info/dependency_links.txt
[2.074s] writing entry points to ../../build/planning/planning.egg-info/entry_points.txt
[2.078s] writing requirements to ../../build/planning/planning.egg-info/requires.txt
[2.082s] writing top-level names to ../../build/planning/planning.egg-info/top_level.txt
[2.088s] reading manifest file '../../build/planning/planning.egg-info/SOURCES.txt'
[2.091s] writing manifest file '../../build/planning/planning.egg-info/SOURCES.txt'
[2.093s] running build
[2.093s] running build_py
[2.094s] running install
[2.094s] running install_lib
[2.096s] running install_data
[2.096s] running install_egg_info
[2.097s] removing '/home/cc/ee106a/fa25/class/ee106a-add/106A-CATCH/CATCH/install/planning/lib/python3.10/site-packages/planning-0.0.0-py3.10.egg-info' (and everything under it)
[2.102s] Copying ../../build/planning/planning.egg-info to /home/cc/ee106a/fa25/class/ee106a-add/106A-CATCH/CATCH/install/planning/lib/python3.10/site-packages/planning-0.0.0-py3.10.egg-info
[2.143s] running install_scripts
[2.169s] Installing main script to /home/cc/ee106a/fa25/class/ee106a-add/106A-CATCH/CATCH/install/planning/lib/planning
[2.173s] Installing tf script to /home/cc/ee106a/fa25/class/ee106a-add/106A-CATCH/CATCH/install/planning/lib/planning
[2.177s] writing list of installed files to '/home/cc/ee106a/fa25/class/ee106a-add/106A-CATCH/CATCH/build/planning/install.log'
[2.219s] Invoked command in '/home/cc/ee106a/fa25/class/ee106a-add/106A-CATCH/CATCH/src/planning' returned '0': PYTHONPATH=/home/cc/ee106a/fa25/class/ee106a-add/106A-CATCH/CATCH/build/planning/prefix_override:/usr/lib/python3/dist-packages/colcon_core/task/python/colcon_distutils_commands:/home/cc/ee106a/fa25/class/ee106a-add/106A-CATCH/CATCH/install/planning/lib/python3.10/site-packages:${PYTHONPATH} /usr/bin/python3 -W ignore:setup.py install is deprecated -W ignore:easy_install command is deprecated setup.py egg_info --egg-base ../../build/planning build --build-base /home/cc/ee106a/fa25/class/ee106a-add/106A-CATCH/CATCH/build/planning/build install --record /home/cc/ee106a/fa25/class/ee106a-add/106A-CATCH/CATCH/build/planning/install.log --single-version-externally-managed install_data
