[1.433s] Invoking command in '/home/cc/ee106a/fa25/class/ee106a-add/106A-CATCH/CATCH/src/perception': PYTHONPATH=/home/cc/ee106a/fa25/class/ee106a-add/106A-CATCH/CATCH/build/perception/prefix_override:/usr/lib/python3/dist-packages/colcon_core/task/python/colcon_distutils_commands:/home/cc/ee106a/fa25/class/ee106a-add/106A-CATCH/CATCH/install/perception/lib/python3.10/site-packages:${PYTHONPATH} /usr/bin/python3 -W ignore:setup.py install is deprecated -W ignore:easy_install command is deprecated setup.py egg_info --egg-base ../../build/perception build --build-base /home/cc/ee106a/fa25/class/ee106a-add/106A-CATCH/CATCH/build/perception/build install --record /home/cc/ee106a/fa25/class/ee106a-add/106A-CATCH/CATCH/build/perception/install.log --single-version-externally-managed install_data
[1.658s] running egg_info
[1.659s] writing ../../build/perception/perception.egg-info/PKG-INFO
[1.663s] writing dependency_links to ../../build/perception/perception.egg-info/dependency_links.txt
[1.666s] writing entry points to ../../build/perception/perception.egg-info/entry_points.txt
[1.669s] writing requirements to ../../build/perception/perception.egg-info/requires.txt
[1.671s] writing top-level names to ../../build/perception/perception.egg-info/top_level.txt
[1.678s] reading manifest file '../../build/perception/perception.egg-info/SOURCES.txt'
[1.679s] writing manifest file '../../build/perception/perception.egg-info/SOURCES.txt'
[1.681s] running build
[1.681s] running build_py
[1.682s] copying perception/process_depth_image.py -> /home/cc/ee106a/fa25/class/ee106a-add/106A-CATCH/CATCH/build/perception/build/lib/perception
[1.686s] running install
[1.687s] running install_lib
[1.689s] copying /home/cc/ee106a/fa25/class/ee106a-add/106A-CATCH/CATCH/build/perception/build/lib/perception/process_depth_image.py -> /home/cc/ee106a/fa25/class/ee106a-add/106A-CATCH/CATCH/install/perception/lib/python3.10/site-packages/perception
[1.696s] byte-compiling /home/cc/ee106a/fa25/class/ee106a-add/106A-CATCH/CATCH/install/perception/lib/python3.10/site-packages/perception/process_depth_image.py to process_depth_image.cpython-310.pyc
[1.703s] running install_data
[1.704s] running install_egg_info
[1.705s] removing '/home/cc/ee106a/fa25/class/ee106a-add/106A-CATCH/CATCH/install/perception/lib/python3.10/site-packages/perception-0.0.0-py3.10.egg-info' (and everything under it)
[1.711s] Copying ../../build/perception/perception.egg-info to /home/cc/ee106a/fa25/class/ee106a-add/106A-CATCH/CATCH/install/perception/lib/python3.10/site-packages/perception-0.0.0-py3.10.egg-info
[1.748s] running install_scripts
[1.769s] Installing ball_trajectory_estimator script to /home/cc/ee106a/fa25/class/ee106a-add/106A-CATCH/CATCH/install/perception/lib/perception
[1.772s] Installing blob_detector script to /home/cc/ee106a/fa25/class/ee106a-add/106A-CATCH/CATCH/install/perception/lib/perception
[1.774s] Installing color_identifier script to /home/cc/ee106a/fa25/class/ee106a-add/106A-CATCH/CATCH/install/perception/lib/perception
[1.778s] Installing display_plane script to /home/cc/ee106a/fa25/class/ee106a-add/106A-CATCH/CATCH/install/perception/lib/perception
[1.781s] Installing process_depth_image script to /home/cc/ee106a/fa25/class/ee106a-add/106A-CATCH/CATCH/install/perception/lib/perception
[1.785s] Installing zxLS script to /home/cc/ee106a/fa25/class/ee106a-add/106A-CATCH/CATCH/install/perception/lib/perception
[1.788s] writing list of installed files to '/home/cc/ee106a/fa25/class/ee106a-add/106A-CATCH/CATCH/build/perception/install.log'
[1.916s] Invoked command in '/home/cc/ee106a/fa25/class/ee106a-add/106A-CATCH/CATCH/src/perception' returned '0': PYTHONPATH=/home/cc/ee106a/fa25/class/ee106a-add/106A-CATCH/CATCH/build/perception/prefix_override:/usr/lib/python3/dist-packages/colcon_core/task/python/colcon_distutils_commands:/home/cc/ee106a/fa25/class/ee106a-add/106A-CATCH/CATCH/install/perception/lib/python3.10/site-packages:${PYTHONPATH} /usr/bin/python3 -W ignore:setup.py install is deprecated -W ignore:easy_install command is deprecated setup.py egg_info --egg-base ../../build/perception build --build-base /home/cc/ee106a/fa25/class/ee106a-add/106A-CATCH/CATCH/build/perception/build install --record /home/cc/ee106a/fa25/class/ee106a-add/106A-CATCH/CATCH/build/perception/install.log --single-version-externally-managed install_data
