[2.142s] Invoking command in '/home/cc/ee106a/fa25/class/ee106a-add/106A-CATCH/CATCH/src/perception': PYTHONPATH=/home/cc/ee106a/fa25/class/ee106a-add/106A-CATCH/CATCH/build/perception/prefix_override:/usr/lib/python3/dist-packages/colcon_core/task/python/colcon_distutils_commands:/home/cc/ee106a/fa25/class/ee106a-add/106A-CATCH/CATCH/install/perception/lib/python3.10/site-packages:${PYTHONPATH} /usr/bin/python3 -W ignore:setup.py install is deprecated -W ignore:easy_install command is deprecated setup.py egg_info --egg-base ../../build/perception build --build-base /home/cc/ee106a/fa25/class/ee106a-add/106A-CATCH/CATCH/build/perception/build install --record /home/cc/ee106a/fa25/class/ee106a-add/106A-CATCH/CATCH/build/perception/install.log --single-version-externally-managed install_data
[2.539s] running egg_info
[2.539s] writing ../../build/perception/perception.egg-info/PKG-INFO
[2.541s] writing dependency_links to ../../build/perception/perception.egg-info/dependency_links.txt
[2.545s] writing entry points to ../../build/perception/perception.egg-info/entry_points.txt
[2.548s] writing requirements to ../../build/perception/perception.egg-info/requires.txt
[2.551s] writing top-level names to ../../build/perception/perception.egg-info/top_level.txt
[2.560s] reading manifest file '../../build/perception/perception.egg-info/SOURCES.txt'
[2.564s] writing manifest file '../../build/perception/perception.egg-info/SOURCES.txt'
[2.567s] running build
[2.567s] running build_py
[2.570s] running install
[2.570s] running install_lib
[2.580s] running install_data
[2.582s] running install_egg_info
[2.584s] removing '/home/cc/ee106a/fa25/class/ee106a-add/106A-CATCH/CATCH/install/perception/lib/python3.10/site-packages/perception-0.0.0-py3.10.egg-info' (and everything under it)
[2.596s] Copying ../../build/perception/perception.egg-info to /home/cc/ee106a/fa25/class/ee106a-add/106A-CATCH/CATCH/install/perception/lib/python3.10/site-packages/perception-0.0.0-py3.10.egg-info
[2.642s] running install_scripts
[2.668s] Installing ball_trajectory_estimator script to /home/cc/ee106a/fa25/class/ee106a-add/106A-CATCH/CATCH/install/perception/lib/perception
[2.671s] Installing blob_detector script to /home/cc/ee106a/fa25/class/ee106a-add/106A-CATCH/CATCH/install/perception/lib/perception
[2.674s] Installing closest_predicted_point script to /home/cc/ee106a/fa25/class/ee106a-add/106A-CATCH/CATCH/install/perception/lib/perception
[2.677s] Installing color_identifier script to /home/cc/ee106a/fa25/class/ee106a-add/106A-CATCH/CATCH/install/perception/lib/perception
[2.680s] Installing display_plane script to /home/cc/ee106a/fa25/class/ee106a-add/106A-CATCH/CATCH/install/perception/lib/perception
[2.686s] Installing process_depth_image script to /home/cc/ee106a/fa25/class/ee106a-add/106A-CATCH/CATCH/install/perception/lib/perception
[2.686s] Installing zxLS script to /home/cc/ee106a/fa25/class/ee106a-add/106A-CATCH/CATCH/install/perception/lib/perception
[2.688s] writing list of installed files to '/home/cc/ee106a/fa25/class/ee106a-add/106A-CATCH/CATCH/build/perception/install.log'
[2.801s] Invoked command in '/home/cc/ee106a/fa25/class/ee106a-add/106A-CATCH/CATCH/src/perception' returned '0': PYTHONPATH=/home/cc/ee106a/fa25/class/ee106a-add/106A-CATCH/CATCH/build/perception/prefix_override:/usr/lib/python3/dist-packages/colcon_core/task/python/colcon_distutils_commands:/home/cc/ee106a/fa25/class/ee106a-add/106A-CATCH/CATCH/install/perception/lib/python3.10/site-packages:${PYTHONPATH} /usr/bin/python3 -W ignore:setup.py install is deprecated -W ignore:easy_install command is deprecated setup.py egg_info --egg-base ../../build/perception build --build-base /home/cc/ee106a/fa25/class/ee106a-add/106A-CATCH/CATCH/build/perception/build install --record /home/cc/ee106a/fa25/class/ee106a-add/106A-CATCH/CATCH/build/perception/install.log --single-version-externally-managed install_data
