[1.436s] Invoking command in '/home/cc/ee106a/fa25/class/ee106a-add/106A-CATCH/lab5/src/planning': PYTHONPATH=/home/cc/ee106a/fa25/class/ee106a-add/106A-CATCH/lab5/build/planning/prefix_override:/usr/lib/python3/dist-packages/colcon_core/task/python/colcon_distutils_commands:/home/cc/ee106a/fa25/class/ee106a-add/106A-CATCH/lab5/install/planning/lib/python3.10/site-packages:${PYTHONPATH} /usr/bin/python3 -W ignore:setup.py install is deprecated -W ignore:easy_install command is deprecated setup.py egg_info --egg-base ../../build/planning build --build-base /home/cc/ee106a/fa25/class/ee106a-add/106A-CATCH/lab5/build/planning/build install --record /home/cc/ee106a/fa25/class/ee106a-add/106A-CATCH/lab5/build/planning/install.log --single-version-externally-managed install_data
[1.718s] running egg_info
[1.718s] writing ../../build/planning/planning.egg-info/PKG-INFO
[1.722s] writing dependency_links to ../../build/planning/planning.egg-info/dependency_links.txt
[1.726s] writing entry points to ../../build/planning/planning.egg-info/entry_points.txt
[1.730s] writing requirements to ../../build/planning/planning.egg-info/requires.txt
[1.733s] writing top-level names to ../../build/planning/planning.egg-info/top_level.txt
[1.739s] reading manifest file '../../build/planning/planning.egg-info/SOURCES.txt'
[1.743s] writing manifest file '../../build/planning/planning.egg-info/SOURCES.txt'
[1.745s] running build
[1.745s] running build_py
[1.746s] running install
[1.747s] running install_lib
[1.749s] running install_data
[1.749s] running install_egg_info
[1.750s] removing '/home/cc/ee106a/fa25/class/ee106a-add/106A-CATCH/lab5/install/planning/lib/python3.10/site-packages/planning-0.0.0-py3.10.egg-info' (and everything under it)
[1.757s] Copying ../../build/planning/planning.egg-info to /home/cc/ee106a/fa25/class/ee106a-add/106A-CATCH/lab5/install/planning/lib/python3.10/site-packages/planning-0.0.0-py3.10.egg-info
[1.793s] running install_scripts
[1.812s] Installing main script to /home/cc/ee106a/fa25/class/ee106a-add/106A-CATCH/lab5/install/planning/lib/planning
[1.814s] Installing tf script to /home/cc/ee106a/fa25/class/ee106a-add/106A-CATCH/lab5/install/planning/lib/planning
[1.817s] writing list of installed files to '/home/cc/ee106a/fa25/class/ee106a-add/106A-CATCH/lab5/build/planning/install.log'
[1.930s] Invoked command in '/home/cc/ee106a/fa25/class/ee106a-add/106A-CATCH/lab5/src/planning' returned '0': PYTHONPATH=/home/cc/ee106a/fa25/class/ee106a-add/106A-CATCH/lab5/build/planning/prefix_override:/usr/lib/python3/dist-packages/colcon_core/task/python/colcon_distutils_commands:/home/cc/ee106a/fa25/class/ee106a-add/106A-CATCH/lab5/install/planning/lib/python3.10/site-packages:${PYTHONPATH} /usr/bin/python3 -W ignore:setup.py install is deprecated -W ignore:easy_install command is deprecated setup.py egg_info --egg-base ../../build/planning build --build-base /home/cc/ee106a/fa25/class/ee106a-add/106A-CATCH/lab5/build/planning/build install --record /home/cc/ee106a/fa25/class/ee106a-add/106A-CATCH/lab5/build/planning/install.log --single-version-externally-managed install_data
