[0.981s] Invoking command in '/home/cc/ee106a/fa25/class/ee106a-add/106A-CATCH/lab7/build/ros2_aruco_interfaces': CMAKE_PREFIX_PATH=/home/ff/ee106a/robot_workspaces/ur/install/ur7e_utils:/opt/ros/humble /usr/bin/cmake --build /home/cc/ee106a/fa25/class/ee106a-add/106A-CATCH/lab7/build/ros2_aruco_interfaces -- -j32 -l32
[0.999s] [0mCMake Error: The current CMakeCache.txt directory /home/cc/ee106a/fa25/class/ee106a-add/106A-CATCH/lab7/build/ros2_aruco_interfaces/CMakeCache.txt is different than the directory /home/cc/ee106a/fa25/class/ee106a-add/ros_workspaces/lab7/build/ros2_aruco_interfaces where CMakeCache.txt was created. This may result in binaries being created in the wrong place. If you are not sure, reedit the CMakeCache.txt[0m
[1.143s] [  3%] Built target ros2_aruco_interfaces__cpp
[1.166s] [ 12%] Built target ros2_aruco_interfaces__rosidl_generator_c
[1.232s] [ 22%] Built target ros2_aruco_interfaces__rosidl_typesupport_cpp
[1.249s] [ 41%] Built target ros2_aruco_interfaces__rosidl_typesupport_introspection_cpp
[1.250s] [ 41%] Built target ros2_aruco_interfaces__rosidl_typesupport_fastrtps_cpp
[1.256s] [ 41%] Built target ament_cmake_python_copy_ros2_aruco_interfaces
[1.262s] [ 51%] Built target ros2_aruco_interfaces__rosidl_typesupport_c
[1.271s] [ 70%] Built target ros2_aruco_interfaces__rosidl_typesupport_fastrtps_c
[1.272s] [ 70%] Built target ros2_aruco_interfaces__rosidl_typesupport_introspection_c
[1.311s] [ 70%] Built target ros2_aruco_interfaces
[1.360s] [ 74%] Built target ros2_aruco_interfaces__py
[1.417s] [ 80%] Built target ros2_aruco_interfaces__rosidl_generator_py
[1.497s] [100%] Built target ros2_aruco_interfaces__rosidl_typesupport_fastrtps_c__pyext
[1.498s] [100%] Built target ros2_aruco_interfaces__rosidl_typesupport_introspection_c__pyext
[1.498s] [100%] Built target ros2_aruco_interfaces__rosidl_typesupport_c__pyext
[1.628s] running egg_info
[1.630s] writing ros2_aruco_interfaces.egg-info/PKG-INFO
[1.632s] writing dependency_links to ros2_aruco_interfaces.egg-info/dependency_links.txt
[1.636s] writing top-level names to ros2_aruco_interfaces.egg-info/top_level.txt
[1.642s] reading manifest file 'ros2_aruco_interfaces.egg-info/SOURCES.txt'
[1.644s] writing manifest file 'ros2_aruco_interfaces.egg-info/SOURCES.txt'
[1.679s] [100%] Built target ament_cmake_python_build_ros2_aruco_interfaces_egg
[1.713s] Invoked command in '/home/cc/ee106a/fa25/class/ee106a-add/106A-CATCH/lab7/build/ros2_aruco_interfaces' returned '0': CMAKE_PREFIX_PATH=/home/ff/ee106a/robot_workspaces/ur/install/ur7e_utils:/opt/ros/humble /usr/bin/cmake --build /home/cc/ee106a/fa25/class/ee106a-add/106A-CATCH/lab7/build/ros2_aruco_interfaces -- -j32 -l32
[1.731s] Invoking command in '/home/cc/ee106a/fa25/class/ee106a-add/106A-CATCH/lab7/build/ros2_aruco_interfaces': CMAKE_PREFIX_PATH=/home/ff/ee106a/robot_workspaces/ur/install/ur7e_utils:/opt/ros/humble /usr/bin/cmake --install /home/cc/ee106a/fa25/class/ee106a-add/106A-CATCH/lab7/build/ros2_aruco_interfaces
[1.744s] -- Install configuration: ""
[1.750s] -- Up-to-date: /home/cc/ee106a/fa25/class/ee106a-add/ros_workspaces/lab7/install/ros2_aruco_interfaces/share/ament_index/resource_index/rosidl_interfaces/ros2_aruco_interfaces
[1.752s] -- Up-to-date: /home/cc/ee106a/fa25/class/ee106a-add/ros_workspaces/lab7/install/ros2_aruco_interfaces/include/ros2_aruco_interfaces/ros2_aruco_interfaces
[1.753s] -- Up-to-date: /home/cc/ee106a/fa25/class/ee106a-add/ros_workspaces/lab7/install/ros2_aruco_interfaces/include/ros2_aruco_interfaces/ros2_aruco_interfaces/msg
[1.755s] -- Up-to-date: /home/cc/ee106a/fa25/class/ee106a-add/ros_workspaces/lab7/install/ros2_aruco_interfaces/include/ros2_aruco_interfaces/ros2_aruco_interfaces/msg/aruco_markers.h
[1.757s] -- Up-to-date: /home/cc/ee106a/fa25/class/ee106a-add/ros_workspaces/lab7/install/ros2_aruco_interfaces/include/ros2_aruco_interfaces/ros2_aruco_interfaces/msg/rosidl_generator_c__visibility_control.h
[1.758s] -- Up-to-date: /home/cc/ee106a/fa25/class/ee106a-add/ros_workspaces/lab7/install/ros2_aruco_interfaces/include/ros2_aruco_interfaces/ros2_aruco_interfaces/msg/detail
[1.759s] -- Up-to-date: /home/cc/ee106a/fa25/class/ee106a-add/ros_workspaces/lab7/install/ros2_aruco_interfaces/include/ros2_aruco_interfaces/ros2_aruco_interfaces/msg/detail/aruco_markers__functions.c
[1.760s] -- Up-to-date: /home/cc/ee106a/fa25/class/ee106a-add/ros_workspaces/lab7/install/ros2_aruco_interfaces/include/ros2_aruco_interfaces/ros2_aruco_interfaces/msg/detail/aruco_markers__functions.h
[1.761s] -- Up-to-date: /home/cc/ee106a/fa25/class/ee106a-add/ros_workspaces/lab7/install/ros2_aruco_interfaces/include/ros2_aruco_interfaces/ros2_aruco_interfaces/msg/detail/aruco_markers__struct.h
[1.762s] -- Up-to-date: /home/cc/ee106a/fa25/class/ee106a-add/ros_workspaces/lab7/install/ros2_aruco_interfaces/include/ros2_aruco_interfaces/ros2_aruco_interfaces/msg/detail/aruco_markers__type_support.h
[1.764s] -- Up-to-date: /home/cc/ee106a/fa25/class/ee106a-add/ros_workspaces/lab7/install/ros2_aruco_interfaces/share/ros2_aruco_interfaces/environment/library_path.sh
[1.766s] -- Up-to-date: /home/cc/ee106a/fa25/class/ee106a-add/ros_workspaces/lab7/install/ros2_aruco_interfaces/share/ros2_aruco_interfaces/environment/library_path.dsv
[1.770s] -- Up-to-date: /home/cc/ee106a/fa25/class/ee106a-add/ros_workspaces/lab7/install/ros2_aruco_interfaces/lib/libros2_aruco_interfaces__rosidl_generator_c.so
[1.773s] -- Up-to-date: /home/cc/ee106a/fa25/class/ee106a-add/ros_workspaces/lab7/install/ros2_aruco_interfaces/include/ros2_aruco_interfaces/ros2_aruco_interfaces
[1.775s] -- Up-to-date: /home/cc/ee106a/fa25/class/ee106a-add/ros_workspaces/lab7/install/ros2_aruco_interfaces/include/ros2_aruco_interfaces/ros2_aruco_interfaces/msg
[1.777s] -- Up-to-date: /home/cc/ee106a/fa25/class/ee106a-add/ros_workspaces/lab7/install/ros2_aruco_interfaces/include/ros2_aruco_interfaces/ros2_aruco_interfaces/msg/detail
[1.779s] -- Up-to-date: /home/cc/ee106a/fa25/class/ee106a-add/ros_workspaces/lab7/install/ros2_aruco_interfaces/include/ros2_aruco_interfaces/ros2_aruco_interfaces/msg/detail/aruco_markers__rosidl_typesupport_fastrtps_c.h
[1.780s] -- Up-to-date: /home/cc/ee106a/fa25/class/ee106a-add/ros_workspaces/lab7/install/ros2_aruco_interfaces/include/ros2_aruco_interfaces/ros2_aruco_interfaces/msg/rosidl_typesupport_fastrtps_c__visibility_control.h
[1.784s] -- Up-to-date: /home/cc/ee106a/fa25/class/ee106a-add/ros_workspaces/lab7/install/ros2_aruco_interfaces/lib/libros2_aruco_interfaces__rosidl_typesupport_fastrtps_c.so
[1.787s] -- Up-to-date: /home/cc/ee106a/fa25/class/ee106a-add/ros_workspaces/lab7/install/ros2_aruco_interfaces/include/ros2_aruco_interfaces/ros2_aruco_interfaces
[1.789s] -- Up-to-date: /home/cc/ee106a/fa25/class/ee106a-add/ros_workspaces/lab7/install/ros2_aruco_interfaces/include/ros2_aruco_interfaces/ros2_aruco_interfaces/msg
[1.791s] -- Up-to-date: /home/cc/ee106a/fa25/class/ee106a-add/ros_workspaces/lab7/install/ros2_aruco_interfaces/include/ros2_aruco_interfaces/ros2_aruco_interfaces/msg/aruco_markers.hpp
[1.792s] -- Up-to-date: /home/cc/ee106a/fa25/class/ee106a-add/ros_workspaces/lab7/install/ros2_aruco_interfaces/include/ros2_aruco_interfaces/ros2_aruco_interfaces/msg/rosidl_generator_cpp__visibility_control.hpp
[1.792s] -- Up-to-date: /home/cc/ee106a/fa25/class/ee106a-add/ros_workspaces/lab7/install/ros2_aruco_interfaces/include/ros2_aruco_interfaces/ros2_aruco_interfaces/msg/detail
[1.794s] -- Up-to-date: /home/cc/ee106a/fa25/class/ee106a-add/ros_workspaces/lab7/install/ros2_aruco_interfaces/include/ros2_aruco_interfaces/ros2_aruco_interfaces/msg/detail/aruco_markers__builder.hpp
[1.795s] -- Up-to-date: /home/cc/ee106a/fa25/class/ee106a-add/ros_workspaces/lab7/install/ros2_aruco_interfaces/include/ros2_aruco_interfaces/ros2_aruco_interfaces/msg/detail/aruco_markers__struct.hpp
[1.796s] -- Up-to-date: /home/cc/ee106a/fa25/class/ee106a-add/ros_workspaces/lab7/install/ros2_aruco_interfaces/include/ros2_aruco_interfaces/ros2_aruco_interfaces/msg/detail/aruco_markers__traits.hpp
[1.797s] -- Up-to-date: /home/cc/ee106a/fa25/class/ee106a-add/ros_workspaces/lab7/install/ros2_aruco_interfaces/include/ros2_aruco_interfaces/ros2_aruco_interfaces/msg/detail/aruco_markers__type_support.hpp
[1.797s] -- Up-to-date: /home/cc/ee106a/fa25/class/ee106a-add/ros_workspaces/lab7/install/ros2_aruco_interfaces/include/ros2_aruco_interfaces/ros2_aruco_interfaces
[1.799s] -- Up-to-date: /home/cc/ee106a/fa25/class/ee106a-add/ros_workspaces/lab7/install/ros2_aruco_interfaces/include/ros2_aruco_interfaces/ros2_aruco_interfaces/msg
[1.800s] -- Up-to-date: /home/cc/ee106a/fa25/class/ee106a-add/ros_workspaces/lab7/install/ros2_aruco_interfaces/include/ros2_aruco_interfaces/ros2_aruco_interfaces/msg/detail
[1.801s] -- Up-to-date: /home/cc/ee106a/fa25/class/ee106a-add/ros_workspaces/lab7/install/ros2_aruco_interfaces/include/ros2_aruco_interfaces/ros2_aruco_interfaces/msg/detail/aruco_markers__rosidl_typesupport_fastrtps_cpp.hpp
[1.802s] -- Up-to-date: /home/cc/ee106a/fa25/class/ee106a-add/ros_workspaces/lab7/install/ros2_aruco_interfaces/include/ros2_aruco_interfaces/ros2_aruco_interfaces/msg/detail/dds_fastrtps
[1.804s] -- Up-to-date: /home/cc/ee106a/fa25/class/ee106a-add/ros_workspaces/lab7/install/ros2_aruco_interfaces/include/ros2_aruco_interfaces/ros2_aruco_interfaces/msg/rosidl_typesupport_fastrtps_cpp__visibility_control.h
[1.808s] -- Up-to-date: /home/cc/ee106a/fa25/class/ee106a-add/ros_workspaces/lab7/install/ros2_aruco_interfaces/lib/libros2_aruco_interfaces__rosidl_typesupport_fastrtps_cpp.so
[1.811s] -- Up-to-date: /home/cc/ee106a/fa25/class/ee106a-add/ros_workspaces/lab7/install/ros2_aruco_interfaces/include/ros2_aruco_interfaces/ros2_aruco_interfaces
[1.812s] -- Up-to-date: /home/cc/ee106a/fa25/class/ee106a-add/ros_workspaces/lab7/install/ros2_aruco_interfaces/include/ros2_aruco_interfaces/ros2_aruco_interfaces/msg
[1.814s] -- Up-to-date: /home/cc/ee106a/fa25/class/ee106a-add/ros_workspaces/lab7/install/ros2_aruco_interfaces/include/ros2_aruco_interfaces/ros2_aruco_interfaces/msg/detail
[1.815s] -- Up-to-date: /home/cc/ee106a/fa25/class/ee106a-add/ros_workspaces/lab7/install/ros2_aruco_interfaces/include/ros2_aruco_interfaces/ros2_aruco_interfaces/msg/detail/aruco_markers__rosidl_typesupport_introspection_c.h
[1.816s] -- Up-to-date: /home/cc/ee106a/fa25/class/ee106a-add/ros_workspaces/lab7/install/ros2_aruco_interfaces/include/ros2_aruco_interfaces/ros2_aruco_interfaces/msg/detail/aruco_markers__type_support.c
[1.818s] -- Up-to-date: /home/cc/ee106a/fa25/class/ee106a-add/ros_workspaces/lab7/install/ros2_aruco_interfaces/include/ros2_aruco_interfaces/ros2_aruco_interfaces/msg/rosidl_typesupport_introspection_c__visibility_control.h
[1.822s] -- Up-to-date: /home/cc/ee106a/fa25/class/ee106a-add/ros_workspaces/lab7/install/ros2_aruco_interfaces/lib/libros2_aruco_interfaces__rosidl_typesupport_introspection_c.so
[1.827s] -- Up-to-date: /home/cc/ee106a/fa25/class/ee106a-add/ros_workspaces/lab7/install/ros2_aruco_interfaces/lib/libros2_aruco_interfaces__rosidl_typesupport_c.so
[1.829s] -- Up-to-date: /home/cc/ee106a/fa25/class/ee106a-add/ros_workspaces/lab7/install/ros2_aruco_interfaces/include/ros2_aruco_interfaces/ros2_aruco_interfaces
[1.831s] -- Up-to-date: /home/cc/ee106a/fa25/class/ee106a-add/ros_workspaces/lab7/install/ros2_aruco_interfaces/include/ros2_aruco_interfaces/ros2_aruco_interfaces/msg
[1.833s] -- Up-to-date: /home/cc/ee106a/fa25/class/ee106a-add/ros_workspaces/lab7/install/ros2_aruco_interfaces/include/ros2_aruco_interfaces/ros2_aruco_interfaces/msg/detail
[1.834s] -- Up-to-date: /home/cc/ee106a/fa25/class/ee106a-add/ros_workspaces/lab7/install/ros2_aruco_interfaces/include/ros2_aruco_interfaces/ros2_aruco_interfaces/msg/detail/aruco_markers__rosidl_typesupport_introspection_cpp.hpp
[1.835s] -- Up-to-date: /home/cc/ee106a/fa25/class/ee106a-add/ros_workspaces/lab7/install/ros2_aruco_interfaces/include/ros2_aruco_interfaces/ros2_aruco_interfaces/msg/detail/aruco_markers__type_support.cpp
[1.838s] -- Up-to-date: /home/cc/ee106a/fa25/class/ee106a-add/ros_workspaces/lab7/install/ros2_aruco_interfaces/lib/libros2_aruco_interfaces__rosidl_typesupport_introspection_cpp.so
[1.844s] -- Up-to-date: /home/cc/ee106a/fa25/class/ee106a-add/ros_workspaces/lab7/install/ros2_aruco_interfaces/lib/libros2_aruco_interfaces__rosidl_typesupport_cpp.so
[1.847s] -- Up-to-date: /home/cc/ee106a/fa25/class/ee106a-add/ros_workspaces/lab7/install/ros2_aruco_interfaces/share/ros2_aruco_interfaces/environment/pythonpath.sh
[1.849s] -- Up-to-date: /home/cc/ee106a/fa25/class/ee106a-add/ros_workspaces/lab7/install/ros2_aruco_interfaces/share/ros2_aruco_interfaces/environment/pythonpath.dsv
[1.852s] -- Up-to-date: /home/cc/ee106a/fa25/class/ee106a-add/ros_workspaces/lab7/install/ros2_aruco_interfaces/local/lib/python3.10/dist-packages/ros2_aruco_interfaces-0.1.0-py3.10.egg-info
[1.853s] -- Installing: /home/cc/ee106a/fa25/class/ee106a-add/ros_workspaces/lab7/install/ros2_aruco_interfaces/local/lib/python3.10/dist-packages/ros2_aruco_interfaces-0.1.0-py3.10.egg-info/PKG-INFO
[1.861s] -- Installing: /home/cc/ee106a/fa25/class/ee106a-add/ros_workspaces/lab7/install/ros2_aruco_interfaces/local/lib/python3.10/dist-packages/ros2_aruco_interfaces-0.1.0-py3.10.egg-info/dependency_links.txt
[1.868s] -- Installing: /home/cc/ee106a/fa25/class/ee106a-add/ros_workspaces/lab7/install/ros2_aruco_interfaces/local/lib/python3.10/dist-packages/ros2_aruco_interfaces-0.1.0-py3.10.egg-info/top_level.txt
[1.875s] -- Installing: /home/cc/ee106a/fa25/class/ee106a-add/ros_workspaces/lab7/install/ros2_aruco_interfaces/local/lib/python3.10/dist-packages/ros2_aruco_interfaces-0.1.0-py3.10.egg-info/SOURCES.txt
[1.882s] -- Up-to-date: /home/cc/ee106a/fa25/class/ee106a-add/ros_workspaces/lab7/install/ros2_aruco_interfaces/local/lib/python3.10/dist-packages/ros2_aruco_interfaces
[1.883s] -- Up-to-date: /home/cc/ee106a/fa25/class/ee106a-add/ros_workspaces/lab7/install/ros2_aruco_interfaces/local/lib/python3.10/dist-packages/ros2_aruco_interfaces/__init__.py
[1.884s] -- Up-to-date: /home/cc/ee106a/fa25/class/ee106a-add/ros_workspaces/lab7/install/ros2_aruco_interfaces/local/lib/python3.10/dist-packages/ros2_aruco_interfaces/msg
[1.885s] -- Up-to-date: /home/cc/ee106a/fa25/class/ee106a-add/ros_workspaces/lab7/install/ros2_aruco_interfaces/local/lib/python3.10/dist-packages/ros2_aruco_interfaces/msg/_aruco_markers.py
[1.886s] -- Up-to-date: /home/cc/ee106a/fa25/class/ee106a-add/ros_workspaces/lab7/install/ros2_aruco_interfaces/local/lib/python3.10/dist-packages/ros2_aruco_interfaces/msg/_aruco_markers_s.c
[1.887s] -- Up-to-date: /home/cc/ee106a/fa25/class/ee106a-add/ros_workspaces/lab7/install/ros2_aruco_interfaces/local/lib/python3.10/dist-packages/ros2_aruco_interfaces/msg/__init__.py
[1.888s] -- Up-to-date: /home/cc/ee106a/fa25/class/ee106a-add/ros_workspaces/lab7/install/ros2_aruco_interfaces/local/lib/python3.10/dist-packages/ros2_aruco_interfaces/_ros2_aruco_interfaces_s.ep.rosidl_typesupport_fastrtps_c.c
[1.889s] -- Up-to-date: /home/cc/ee106a/fa25/class/ee106a-add/ros_workspaces/lab7/install/ros2_aruco_interfaces/local/lib/python3.10/dist-packages/ros2_aruco_interfaces/_ros2_aruco_interfaces_s.ep.rosidl_typesupport_introspection_c.c
[1.889s] -- Up-to-date: /home/cc/ee106a/fa25/class/ee106a-add/ros_workspaces/lab7/install/ros2_aruco_interfaces/local/lib/python3.10/dist-packages/ros2_aruco_interfaces/_ros2_aruco_interfaces_s.ep.rosidl_typesupport_c.c
[1.890s] -- Up-to-date: /home/cc/ee106a/fa25/class/ee106a-add/ros_workspaces/lab7/install/ros2_aruco_interfaces/local/lib/python3.10/dist-packages/ros2_aruco_interfaces/libros2_aruco_interfaces__rosidl_generator_py.so
[1.891s] -- Up-to-date: /home/cc/ee106a/fa25/class/ee106a-add/ros_workspaces/lab7/install/ros2_aruco_interfaces/local/lib/python3.10/dist-packages/ros2_aruco_interfaces/ros2_aruco_interfaces_s__rosidl_typesupport_c.cpython-310-x86_64-linux-gnu.so
[1.892s] -- Up-to-date: /home/cc/ee106a/fa25/class/ee106a-add/ros_workspaces/lab7/install/ros2_aruco_interfaces/local/lib/python3.10/dist-packages/ros2_aruco_interfaces/ros2_aruco_interfaces_s__rosidl_typesupport_fastrtps_c.cpython-310-x86_64-linux-gnu.so
[1.892s] -- Up-to-date: /home/cc/ee106a/fa25/class/ee106a-add/ros_workspaces/lab7/install/ros2_aruco_interfaces/local/lib/python3.10/dist-packages/ros2_aruco_interfaces/ros2_aruco_interfaces_s__rosidl_typesupport_introspection_c.cpython-310-x86_64-linux-gnu.so
[1.942s] Listing '/home/cc/ee106a/fa25/class/ee106a-add/ros_workspaces/lab7/install/ros2_aruco_interfaces/local/lib/python3.10/dist-packages/ros2_aruco_interfaces'...
[1.942s] Listing '/home/cc/ee106a/fa25/class/ee106a-add/ros_workspaces/lab7/install/ros2_aruco_interfaces/local/lib/python3.10/dist-packages/ros2_aruco_interfaces/msg'...
[1.950s] -- Up-to-date: /home/cc/ee106a/fa25/class/ee106a-add/ros_workspaces/lab7/install/ros2_aruco_interfaces/local/lib/python3.10/dist-packages/ros2_aruco_interfaces/ros2_aruco_interfaces_s__rosidl_typesupport_fastrtps_c.cpython-310-x86_64-linux-gnu.so
[1.958s] -- Up-to-date: /home/cc/ee106a/fa25/class/ee106a-add/ros_workspaces/lab7/install/ros2_aruco_interfaces/local/lib/python3.10/dist-packages/ros2_aruco_interfaces/ros2_aruco_interfaces_s__rosidl_typesupport_introspection_c.cpython-310-x86_64-linux-gnu.so
[1.966s] -- Up-to-date: /home/cc/ee106a/fa25/class/ee106a-add/ros_workspaces/lab7/install/ros2_aruco_interfaces/local/lib/python3.10/dist-packages/ros2_aruco_interfaces/ros2_aruco_interfaces_s__rosidl_typesupport_c.cpython-310-x86_64-linux-gnu.so
[1.975s] -- Up-to-date: /home/cc/ee106a/fa25/class/ee106a-add/ros_workspaces/lab7/install/ros2_aruco_interfaces/lib/libros2_aruco_interfaces__rosidl_generator_py.so
[1.983s] -- Up-to-date: /home/cc/ee106a/fa25/class/ee106a-add/ros_workspaces/lab7/install/ros2_aruco_interfaces/share/ros2_aruco_interfaces/msg/ArucoMarkers.idl
[1.984s] -- Up-to-date: /home/cc/ee106a/fa25/class/ee106a-add/ros_workspaces/lab7/install/ros2_aruco_interfaces/share/ros2_aruco_interfaces/msg/ArucoMarkers.msg
[1.987s] -- Up-to-date: /home/cc/ee106a/fa25/class/ee106a-add/ros_workspaces/lab7/install/ros2_aruco_interfaces/share/ament_index/resource_index/package_run_dependencies/ros2_aruco_interfaces
[1.990s] -- Up-to-date: /home/cc/ee106a/fa25/class/ee106a-add/ros_workspaces/lab7/install/ros2_aruco_interfaces/share/ament_index/resource_index/parent_prefix_path/ros2_aruco_interfaces
[1.991s] -- Up-to-date: /home/cc/ee106a/fa25/class/ee106a-add/ros_workspaces/lab7/install/ros2_aruco_interfaces/share/ros2_aruco_interfaces/environment/ament_prefix_path.sh
[1.992s] -- Up-to-date: /home/cc/ee106a/fa25/class/ee106a-add/ros_workspaces/lab7/install/ros2_aruco_interfaces/share/ros2_aruco_interfaces/environment/ament_prefix_path.dsv
[1.993s] -- Up-to-date: /home/cc/ee106a/fa25/class/ee106a-add/ros_workspaces/lab7/install/ros2_aruco_interfaces/share/ros2_aruco_interfaces/environment/path.sh
[1.994s] -- Up-to-date: /home/cc/ee106a/fa25/class/ee106a-add/ros_workspaces/lab7/install/ros2_aruco_interfaces/share/ros2_aruco_interfaces/environment/path.dsv
[1.996s] -- Up-to-date: /home/cc/ee106a/fa25/class/ee106a-add/ros_workspaces/lab7/install/ros2_aruco_interfaces/share/ros2_aruco_interfaces/local_setup.bash
[1.998s] -- Up-to-date: /home/cc/ee106a/fa25/class/ee106a-add/ros_workspaces/lab7/install/ros2_aruco_interfaces/share/ros2_aruco_interfaces/local_setup.sh
[1.999s] -- Up-to-date: /home/cc/ee106a/fa25/class/ee106a-add/ros_workspaces/lab7/install/ros2_aruco_interfaces/share/ros2_aruco_interfaces/local_setup.zsh
[2.001s] -- Up-to-date: /home/cc/ee106a/fa25/class/ee106a-add/ros_workspaces/lab7/install/ros2_aruco_interfaces/share/ros2_aruco_interfaces/local_setup.dsv
[2.002s] -- Up-to-date: /home/cc/ee106a/fa25/class/ee106a-add/ros_workspaces/lab7/install/ros2_aruco_interfaces/share/ros2_aruco_interfaces/package.dsv
[2.005s] -- Up-to-date: /home/cc/ee106a/fa25/class/ee106a-add/ros_workspaces/lab7/install/ros2_aruco_interfaces/share/ament_index/resource_index/packages/ros2_aruco_interfaces
[2.013s] -- Up-to-date: /home/cc/ee106a/fa25/class/ee106a-add/ros_workspaces/lab7/install/ros2_aruco_interfaces/share/ros2_aruco_interfaces/cmake/export_ros2_aruco_interfaces__rosidl_generator_cExport.cmake
[2.014s] -- Up-to-date: /home/cc/ee106a/fa25/class/ee106a-add/ros_workspaces/lab7/install/ros2_aruco_interfaces/share/ros2_aruco_interfaces/cmake/export_ros2_aruco_interfaces__rosidl_generator_cExport-noconfig.cmake
[2.020s] -- Up-to-date: /home/cc/ee106a/fa25/class/ee106a-add/ros_workspaces/lab7/install/ros2_aruco_interfaces/share/ros2_aruco_interfaces/cmake/export_ros2_aruco_interfaces__rosidl_typesupport_fastrtps_cExport.cmake
[2.022s] -- Up-to-date: /home/cc/ee106a/fa25/class/ee106a-add/ros_workspaces/lab7/install/ros2_aruco_interfaces/share/ros2_aruco_interfaces/cmake/export_ros2_aruco_interfaces__rosidl_typesupport_fastrtps_cExport-noconfig.cmake
[2.026s] -- Up-to-date: /home/cc/ee106a/fa25/class/ee106a-add/ros_workspaces/lab7/install/ros2_aruco_interfaces/share/ros2_aruco_interfaces/cmake/export_ros2_aruco_interfaces__rosidl_generator_cppExport.cmake
[2.030s] -- Up-to-date: /home/cc/ee106a/fa25/class/ee106a-add/ros_workspaces/lab7/install/ros2_aruco_interfaces/share/ros2_aruco_interfaces/cmake/export_ros2_aruco_interfaces__rosidl_typesupport_fastrtps_cppExport.cmake
[2.032s] -- Up-to-date: /home/cc/ee106a/fa25/class/ee106a-add/ros_workspaces/lab7/install/ros2_aruco_interfaces/share/ros2_aruco_interfaces/cmake/export_ros2_aruco_interfaces__rosidl_typesupport_fastrtps_cppExport-noconfig.cmake
[2.037s] -- Up-to-date: /home/cc/ee106a/fa25/class/ee106a-add/ros_workspaces/lab7/install/ros2_aruco_interfaces/share/ros2_aruco_interfaces/cmake/ros2_aruco_interfaces__rosidl_typesupport_introspection_cExport.cmake
[2.038s] -- Up-to-date: /home/cc/ee106a/fa25/class/ee106a-add/ros_workspaces/lab7/install/ros2_aruco_interfaces/share/ros2_aruco_interfaces/cmake/ros2_aruco_interfaces__rosidl_typesupport_introspection_cExport-noconfig.cmake
[2.042s] -- Up-to-date: /home/cc/ee106a/fa25/class/ee106a-add/ros_workspaces/lab7/install/ros2_aruco_interfaces/share/ros2_aruco_interfaces/cmake/ros2_aruco_interfaces__rosidl_typesupport_cExport.cmake
[2.043s] -- Up-to-date: /home/cc/ee106a/fa25/class/ee106a-add/ros_workspaces/lab7/install/ros2_aruco_interfaces/share/ros2_aruco_interfaces/cmake/ros2_aruco_interfaces__rosidl_typesupport_cExport-noconfig.cmake
[2.047s] -- Up-to-date: /home/cc/ee106a/fa25/class/ee106a-add/ros_workspaces/lab7/install/ros2_aruco_interfaces/share/ros2_aruco_interfaces/cmake/ros2_aruco_interfaces__rosidl_typesupport_introspection_cppExport.cmake
[2.049s] -- Up-to-date: /home/cc/ee106a/fa25/class/ee106a-add/ros_workspaces/lab7/install/ros2_aruco_interfaces/share/ros2_aruco_interfaces/cmake/ros2_aruco_interfaces__rosidl_typesupport_introspection_cppExport-noconfig.cmake
[2.053s] -- Up-to-date: /home/cc/ee106a/fa25/class/ee106a-add/ros_workspaces/lab7/install/ros2_aruco_interfaces/share/ros2_aruco_interfaces/cmake/ros2_aruco_interfaces__rosidl_typesupport_cppExport.cmake
[2.054s] -- Up-to-date: /home/cc/ee106a/fa25/class/ee106a-add/ros_workspaces/lab7/install/ros2_aruco_interfaces/share/ros2_aruco_interfaces/cmake/ros2_aruco_interfaces__rosidl_typesupport_cppExport-noconfig.cmake
[2.059s] -- Up-to-date: /home/cc/ee106a/fa25/class/ee106a-add/ros_workspaces/lab7/install/ros2_aruco_interfaces/share/ros2_aruco_interfaces/cmake/export_ros2_aruco_interfaces__rosidl_generator_pyExport.cmake
[2.060s] -- Up-to-date: /home/cc/ee106a/fa25/class/ee106a-add/ros_workspaces/lab7/install/ros2_aruco_interfaces/share/ros2_aruco_interfaces/cmake/export_ros2_aruco_interfaces__rosidl_generator_pyExport-noconfig.cmake
[2.063s] -- Up-to-date: /home/cc/ee106a/fa25/class/ee106a-add/ros_workspaces/lab7/install/ros2_aruco_interfaces/share/ros2_aruco_interfaces/cmake/rosidl_cmake-extras.cmake
[2.065s] -- Up-to-date: /home/cc/ee106a/fa25/class/ee106a-add/ros_workspaces/lab7/install/ros2_aruco_interfaces/share/ros2_aruco_interfaces/cmake/ament_cmake_export_dependencies-extras.cmake
[2.068s] -- Up-to-date: /home/cc/ee106a/fa25/class/ee106a-add/ros_workspaces/lab7/install/ros2_aruco_interfaces/share/ros2_aruco_interfaces/cmake/ament_cmake_export_include_directories-extras.cmake
[2.070s] -- Up-to-date: /home/cc/ee106a/fa25/class/ee106a-add/ros_workspaces/lab7/install/ros2_aruco_interfaces/share/ros2_aruco_interfaces/cmake/ament_cmake_export_libraries-extras.cmake
[2.072s] -- Up-to-date: /home/cc/ee106a/fa25/class/ee106a-add/ros_workspaces/lab7/install/ros2_aruco_interfaces/share/ros2_aruco_interfaces/cmake/ament_cmake_export_targets-extras.cmake
[2.074s] -- Up-to-date: /home/cc/ee106a/fa25/class/ee106a-add/ros_workspaces/lab7/install/ros2_aruco_interfaces/share/ros2_aruco_interfaces/cmake/rosidl_cmake_export_typesupport_targets-extras.cmake
[2.075s] -- Up-to-date: /home/cc/ee106a/fa25/class/ee106a-add/ros_workspaces/lab7/install/ros2_aruco_interfaces/share/ros2_aruco_interfaces/cmake/rosidl_cmake_export_typesupport_libraries-extras.cmake
[2.077s] -- Up-to-date: /home/cc/ee106a/fa25/class/ee106a-add/ros_workspaces/lab7/install/ros2_aruco_interfaces/share/ros2_aruco_interfaces/cmake/ros2_aruco_interfacesConfig.cmake
[2.079s] -- Up-to-date: /home/cc/ee106a/fa25/class/ee106a-add/ros_workspaces/lab7/install/ros2_aruco_interfaces/share/ros2_aruco_interfaces/cmake/ros2_aruco_interfacesConfig-version.cmake
[2.080s] -- Up-to-date: /home/cc/ee106a/fa25/class/ee106a-add/ros_workspaces/lab7/install/ros2_aruco_interfaces/share/ros2_aruco_interfaces/package.xml
[2.089s] Invoked command in '/home/cc/ee106a/fa25/class/ee106a-add/106A-CATCH/lab7/build/ros2_aruco_interfaces' returned '0': CMAKE_PREFIX_PATH=/home/ff/ee106a/robot_workspaces/ur/install/ur7e_utils:/opt/ros/humble /usr/bin/cmake --install /home/cc/ee106a/fa25/class/ee106a-add/106A-CATCH/lab7/build/ros2_aruco_interfaces
