[2.457s] Invoking command in '/home/cc/ee106a/fa25/class/ee106a-adb/106project/106a-CATCH/lab5/src/perception': PYTHONPATH=/home/cc/ee106a/fa25/class/ee106a-adb/106project/106a-CATCH/lab5/build/perception/prefix_override:/usr/lib/python3/dist-packages/colcon_core/task/python/colcon_distutils_commands:/home/cc/ee106a/fa25/class/ee106a-adb/106project/106a-CATCH/lab5/install/perception/lib/python3.10/site-packages:${PYTHONPATH} /usr/bin/python3 -W ignore:setup.py install is deprecated -W ignore:easy_install command is deprecated setup.py egg_info --egg-base ../../build/perception build --build-base /home/cc/ee106a/fa25/class/ee106a-adb/106project/106a-CATCH/lab5/build/perception/build install --record /home/cc/ee106a/fa25/class/ee106a-adb/106project/106a-CATCH/lab5/build/perception/install.log --single-version-externally-managed install_data
[2.961s] running egg_info
[2.962s] writing ../../build/perception/perception.egg-info/PKG-INFO
[2.966s] writing dependency_links to ../../build/perception/perception.egg-info/dependency_links.txt
[2.969s] writing entry points to ../../build/perception/perception.egg-info/entry_points.txt
[2.971s] writing requirements to ../../build/perception/perception.egg-info/requires.txt
[2.974s] writing top-level names to ../../build/perception/perception.egg-info/top_level.txt
[2.980s] reading manifest file '../../build/perception/perception.egg-info/SOURCES.txt'
[2.984s] writing manifest file '../../build/perception/perception.egg-info/SOURCES.txt'
[2.985s] running build
[2.986s] running build_py
[2.987s] running install
[2.988s] running install_lib
[2.992s] running install_data
[2.992s] running install_egg_info
[2.997s] removing '/home/cc/ee106a/fa25/class/ee106a-adb/106project/106a-CATCH/lab5/install/perception/lib/python3.10/site-packages/perception-0.0.0-py3.10.egg-info' (and everything under it)
[3.004s] Copying ../../build/perception/perception.egg-info to /home/cc/ee106a/fa25/class/ee106a-adb/106project/106a-CATCH/lab5/install/perception/lib/python3.10/site-packages/perception-0.0.0-py3.10.egg-info
[3.044s] running install_scripts
[3.079s] Installing ball_tracker script to /home/cc/ee106a/fa25/class/ee106a-adb/106project/106a-CATCH/lab5/install/perception/lib/perception
[3.082s] Installing color_identifier script to /home/cc/ee106a/fa25/class/ee106a-adb/106project/106a-CATCH/lab5/install/perception/lib/perception
[3.085s] Installing display_plane script to /home/cc/ee106a/fa25/class/ee106a-adb/106project/106a-CATCH/lab5/install/perception/lib/perception
[3.087s] Installing process_pointcloud script to /home/cc/ee106a/fa25/class/ee106a-adb/106project/106a-CATCH/lab5/install/perception/lib/perception
[3.090s] Installing show_hsv script to /home/cc/ee106a/fa25/class/ee106a-adb/106project/106a-CATCH/lab5/install/perception/lib/perception
[3.092s] Installing track_ball script to /home/cc/ee106a/fa25/class/ee106a-adb/106project/106a-CATCH/lab5/install/perception/lib/perception
[3.095s] writing list of installed files to '/home/cc/ee106a/fa25/class/ee106a-adb/106project/106a-CATCH/lab5/build/perception/install.log'
[3.177s] Invoked command in '/home/cc/ee106a/fa25/class/ee106a-adb/106project/106a-CATCH/lab5/src/perception' returned '0': PYTHONPATH=/home/cc/ee106a/fa25/class/ee106a-adb/106project/106a-CATCH/lab5/build/perception/prefix_override:/usr/lib/python3/dist-packages/colcon_core/task/python/colcon_distutils_commands:/home/cc/ee106a/fa25/class/ee106a-adb/106project/106a-CATCH/lab5/install/perception/lib/python3.10/site-packages:${PYTHONPATH} /usr/bin/python3 -W ignore:setup.py install is deprecated -W ignore:easy_install command is deprecated setup.py egg_info --egg-base ../../build/perception build --build-base /home/cc/ee106a/fa25/class/ee106a-adb/106project/106a-CATCH/lab5/build/perception/build install --record /home/cc/ee106a/fa25/class/ee106a-adb/106project/106a-CATCH/lab5/build/perception/install.log --single-version-externally-managed install_data
