[1.270s] Invoking command in '/home/cc/ee106a/fa25/class/ee106a-add/ros_workspaces/lab7/src/perception': PYTHONPATH=/home/cc/ee106a/fa25/class/ee106a-add/ros_workspaces/lab7/build/perception/prefix_override:/usr/lib/python3/dist-packages/colcon_core/task/python/colcon_distutils_commands:/home/cc/ee106a/fa25/class/ee106a-add/ros_workspaces/lab7/install/perception/lib/python3.10/site-packages:${PYTHONPATH} /usr/bin/python3 -W ignore:setup.py install is deprecated -W ignore:easy_install command is deprecated setup.py egg_info --egg-base ../../build/perception build --build-base /home/cc/ee106a/fa25/class/ee106a-add/ros_workspaces/lab7/build/perception/build install --record /home/cc/ee106a/fa25/class/ee106a-add/ros_workspaces/lab7/build/perception/install.log --single-version-externally-managed install_data
[1.501s] running egg_info
[1.501s] writing ../../build/perception/perception.egg-info/PKG-INFO
[1.505s] writing dependency_links to ../../build/perception/perception.egg-info/dependency_links.txt
[1.508s] writing entry points to ../../build/perception/perception.egg-info/entry_points.txt
[1.511s] writing requirements to ../../build/perception/perception.egg-info/requires.txt
[1.513s] writing top-level names to ../../build/perception/perception.egg-info/top_level.txt
[1.522s] reading manifest file '../../build/perception/perception.egg-info/SOURCES.txt'
[1.525s] writing manifest file '../../build/perception/perception.egg-info/SOURCES.txt'
[1.527s] running build
[1.528s] running build_py
[1.532s] running install
[1.532s] running install_lib
[1.537s] running install_data
[1.540s] running install_egg_info
[1.542s] removing '/home/cc/ee106a/fa25/class/ee106a-add/ros_workspaces/lab7/install/perception/lib/python3.10/site-packages/perception-0.0.0-py3.10.egg-info' (and everything under it)
[1.548s] Copying ../../build/perception/perception.egg-info to /home/cc/ee106a/fa25/class/ee106a-add/ros_workspaces/lab7/install/perception/lib/python3.10/site-packages/perception-0.0.0-py3.10.egg-info
[1.587s] running install_scripts
[1.610s] Installing interactive_plane script to /home/cc/ee106a/fa25/class/ee106a-add/ros_workspaces/lab7/install/perception/lib/perception
[1.613s] Installing process_pointcloud script to /home/cc/ee106a/fa25/class/ee106a-add/ros_workspaces/lab7/install/perception/lib/perception
[1.617s] writing list of installed files to '/home/cc/ee106a/fa25/class/ee106a-add/ros_workspaces/lab7/build/perception/install.log'
[1.637s] Invoked command in '/home/cc/ee106a/fa25/class/ee106a-add/ros_workspaces/lab7/src/perception' returned '0': PYTHONPATH=/home/cc/ee106a/fa25/class/ee106a-add/ros_workspaces/lab7/build/perception/prefix_override:/usr/lib/python3/dist-packages/colcon_core/task/python/colcon_distutils_commands:/home/cc/ee106a/fa25/class/ee106a-add/ros_workspaces/lab7/install/perception/lib/python3.10/site-packages:${PYTHONPATH} /usr/bin/python3 -W ignore:setup.py install is deprecated -W ignore:easy_install command is deprecated setup.py egg_info --egg-base ../../build/perception build --build-base /home/cc/ee106a/fa25/class/ee106a-add/ros_workspaces/lab7/build/perception/build install --record /home/cc/ee106a/fa25/class/ee106a-add/ros_workspaces/lab7/build/perception/install.log --single-version-externally-managed install_data
