[1.786s] Invoking command in '/home/cc/ee106a/fa25/class/ee106a-add/106A-CATCH/lab5/src/perception': PYTHONPATH=/home/cc/ee106a/fa25/class/ee106a-add/106A-CATCH/lab5/build/perception/prefix_override:/usr/lib/python3/dist-packages/colcon_core/task/python/colcon_distutils_commands:/home/cc/ee106a/fa25/class/ee106a-add/106A-CATCH/lab5/install/perception/lib/python3.10/site-packages:${PYTHONPATH} /usr/bin/python3 -W ignore:setup.py install is deprecated -W ignore:easy_install command is deprecated setup.py egg_info --egg-base ../../build/perception build --build-base /home/cc/ee106a/fa25/class/ee106a-add/106A-CATCH/lab5/build/perception/build install --record /home/cc/ee106a/fa25/class/ee106a-add/106A-CATCH/lab5/build/perception/install.log --single-version-externally-managed install_data
[2.087s] running egg_info
[2.088s] writing ../../build/perception/perception.egg-info/PKG-INFO
[2.092s] writing dependency_links to ../../build/perception/perception.egg-info/dependency_links.txt
[2.095s] writing entry points to ../../build/perception/perception.egg-info/entry_points.txt
[2.098s] writing requirements to ../../build/perception/perception.egg-info/requires.txt
[2.100s] writing top-level names to ../../build/perception/perception.egg-info/top_level.txt
[2.109s] reading manifest file '../../build/perception/perception.egg-info/SOURCES.txt'
[2.112s] writing manifest file '../../build/perception/perception.egg-info/SOURCES.txt'
[2.113s] running build
[2.113s] running build_py
[2.117s] copying perception/blob_detector_ros2.py -> /home/cc/ee106a/fa25/class/ee106a-add/106A-CATCH/lab5/build/perception/build/lib/perception
[2.121s] copying perception/blob_detector.py -> /home/cc/ee106a/fa25/class/ee106a-add/106A-CATCH/lab5/build/perception/build/lib/perception
[2.127s] running install
[2.128s] running install_lib
[2.131s] copying /home/cc/ee106a/fa25/class/ee106a-add/106A-CATCH/lab5/build/perception/build/lib/perception/blob_detector_ros2.py -> /home/cc/ee106a/fa25/class/ee106a-add/106A-CATCH/lab5/install/perception/lib/python3.10/site-packages/perception
[2.137s] copying /home/cc/ee106a/fa25/class/ee106a-add/106A-CATCH/lab5/build/perception/build/lib/perception/blob_detector.py -> /home/cc/ee106a/fa25/class/ee106a-add/106A-CATCH/lab5/install/perception/lib/python3.10/site-packages/perception
[2.149s] byte-compiling /home/cc/ee106a/fa25/class/ee106a-add/106A-CATCH/lab5/install/perception/lib/python3.10/site-packages/perception/blob_detector_ros2.py to blob_detector_ros2.cpython-310.pyc
[2.156s] byte-compiling /home/cc/ee106a/fa25/class/ee106a-add/106A-CATCH/lab5/install/perception/lib/python3.10/site-packages/perception/blob_detector.py to blob_detector.cpython-310.pyc
[2.164s] running install_data
[2.166s] running install_egg_info
[2.169s] removing '/home/cc/ee106a/fa25/class/ee106a-add/106A-CATCH/lab5/install/perception/lib/python3.10/site-packages/perception-0.0.0-py3.10.egg-info' (and everything under it)
[2.175s] Copying ../../build/perception/perception.egg-info to /home/cc/ee106a/fa25/class/ee106a-add/106A-CATCH/lab5/install/perception/lib/python3.10/site-packages/perception-0.0.0-py3.10.egg-info
[2.213s] running install_scripts
[2.239s] Installing blob_detector script to /home/cc/ee106a/fa25/class/ee106a-add/106A-CATCH/lab5/install/perception/lib/perception
[2.242s] Installing color_identifier script to /home/cc/ee106a/fa25/class/ee106a-add/106A-CATCH/lab5/install/perception/lib/perception
[2.244s] Installing display_plane script to /home/cc/ee106a/fa25/class/ee106a-add/106A-CATCH/lab5/install/perception/lib/perception
[2.247s] Installing process_pointcloud script to /home/cc/ee106a/fa25/class/ee106a-add/106A-CATCH/lab5/install/perception/lib/perception
[2.250s] writing list of installed files to '/home/cc/ee106a/fa25/class/ee106a-add/106A-CATCH/lab5/build/perception/install.log'
[2.387s] Invoked command in '/home/cc/ee106a/fa25/class/ee106a-add/106A-CATCH/lab5/src/perception' returned '0': PYTHONPATH=/home/cc/ee106a/fa25/class/ee106a-add/106A-CATCH/lab5/build/perception/prefix_override:/usr/lib/python3/dist-packages/colcon_core/task/python/colcon_distutils_commands:/home/cc/ee106a/fa25/class/ee106a-add/106A-CATCH/lab5/install/perception/lib/python3.10/site-packages:${PYTHONPATH} /usr/bin/python3 -W ignore:setup.py install is deprecated -W ignore:easy_install command is deprecated setup.py egg_info --egg-base ../../build/perception build --build-base /home/cc/ee106a/fa25/class/ee106a-add/106A-CATCH/lab5/build/perception/build install --record /home/cc/ee106a/fa25/class/ee106a-add/106A-CATCH/lab5/build/perception/install.log --single-version-externally-managed install_data
