[0.941s] Invoking command in '/home/cc/ee106a/fa25/class/ee106a-add/106A-CATCH/lab7/build/ros2_aruco_interfaces': CMAKE_PREFIX_PATH=${CMAKE_PREFIX_PATH}:/home/cc/ee106a/fa25/class/ee106a-add/106A-CATCH/lab7/install/ros2_aruco:/home/cc/ee106a/fa25/class/ee106a-add/106A-CATCH/lab7/install/planning:/home/cc/ee106a/fa25/class/ee106a-add/106A-CATCH/lab7/install/perception:/home/ff/ee106a/robot_workspaces/ur/install/ur7e_utils:/opt/ros/humble /usr/bin/cmake --build /home/cc/ee106a/fa25/class/ee106a-add/106A-CATCH/lab7/build/ros2_aruco_interfaces -- -j32 -l32
[0.952s] [0mCMake Error: The current CMakeCache.txt directory /home/cc/ee106a/fa25/class/ee106a-add/106A-CATCH/lab7/build/ros2_aruco_interfaces/CMakeCache.txt is different than the directory /home/cc/ee106a/fa25/class/ee106a-add/ros_workspaces/lab7/build/ros2_aruco_interfaces where CMakeCache.txt was created. This may result in binaries being created in the wrong place. If you are not sure, reedit the CMakeCache.txt[0m
[1.097s] [  3%] Built target ros2_aruco_interfaces__cpp
[1.125s] [ 12%] Built target ros2_aruco_interfaces__rosidl_generator_c
[1.216s] [ 22%] Built target ros2_aruco_interfaces__rosidl_typesupport_cpp
[1.234s] [ 41%] Built target ros2_aruco_interfaces__rosidl_typesupport_fastrtps_cpp
[1.235s] [ 41%] Built target ros2_aruco_interfaces__rosidl_typesupport_introspection_cpp
[1.252s] [ 54%] Built target ros2_aruco_interfaces__rosidl_typesupport_fastrtps_c
[1.260s] [ 67%] Built target ros2_aruco_interfaces__rosidl_typesupport_c
[1.265s] [ 70%] Built target ros2_aruco_interfaces__rosidl_typesupport_introspection_c
[1.294s] [ 70%] Built target ament_cmake_python_copy_ros2_aruco_interfaces
[1.307s] [ 70%] Built target ros2_aruco_interfaces
[1.353s] [ 74%] Built target ros2_aruco_interfaces__py
[1.416s] [ 80%] Built target ros2_aruco_interfaces__rosidl_generator_py
[1.500s] [100%] Built target ros2_aruco_interfaces__rosidl_typesupport_introspection_c__pyext
[1.500s] [100%] Built target ros2_aruco_interfaces__rosidl_typesupport_fastrtps_c__pyext
[1.500s] [100%] Built target ros2_aruco_interfaces__rosidl_typesupport_c__pyext
[1.693s] running egg_info
[1.694s] writing ros2_aruco_interfaces.egg-info/PKG-INFO
[1.697s] writing dependency_links to ros2_aruco_interfaces.egg-info/dependency_links.txt
[1.702s] writing top-level names to ros2_aruco_interfaces.egg-info/top_level.txt
[1.709s] reading manifest file 'ros2_aruco_interfaces.egg-info/SOURCES.txt'
[1.711s] writing manifest file 'ros2_aruco_interfaces.egg-info/SOURCES.txt'
[1.739s] [100%] Built target ament_cmake_python_build_ros2_aruco_interfaces_egg
[1.782s] Invoked command in '/home/cc/ee106a/fa25/class/ee106a-add/106A-CATCH/lab7/build/ros2_aruco_interfaces' returned '0': CMAKE_PREFIX_PATH=${CMAKE_PREFIX_PATH}:/home/cc/ee106a/fa25/class/ee106a-add/106A-CATCH/lab7/install/ros2_aruco:/home/cc/ee106a/fa25/class/ee106a-add/106A-CATCH/lab7/install/planning:/home/cc/ee106a/fa25/class/ee106a-add/106A-CATCH/lab7/install/perception:/home/ff/ee106a/robot_workspaces/ur/install/ur7e_utils:/opt/ros/humble /usr/bin/cmake --build /home/cc/ee106a/fa25/class/ee106a-add/106A-CATCH/lab7/build/ros2_aruco_interfaces -- -j32 -l32
[1.799s] Invoking command in '/home/cc/ee106a/fa25/class/ee106a-add/106A-CATCH/lab7/build/ros2_aruco_interfaces': CMAKE_PREFIX_PATH=${CMAKE_PREFIX_PATH}:/home/cc/ee106a/fa25/class/ee106a-add/106A-CATCH/lab7/install/ros2_aruco:/home/cc/ee106a/fa25/class/ee106a-add/106A-CATCH/lab7/install/planning:/home/cc/ee106a/fa25/class/ee106a-add/106A-CATCH/lab7/install/perception:/home/ff/ee106a/robot_workspaces/ur/install/ur7e_utils:/opt/ros/humble /usr/bin/cmake --install /home/cc/ee106a/fa25/class/ee106a-add/106A-CATCH/lab7/build/ros2_aruco_interfaces
[1.812s] -- Install configuration: ""
[1.816s] -- Up-to-date: /home/cc/ee106a/fa25/class/ee106a-add/ros_workspaces/lab7/install/ros2_aruco_interfaces/share/ament_index/resource_index/rosidl_interfaces/ros2_aruco_interfaces
[1.818s] -- Up-to-date: /home/cc/ee106a/fa25/class/ee106a-add/ros_workspaces/lab7/install/ros2_aruco_interfaces/include/ros2_aruco_interfaces/ros2_aruco_interfaces
[1.819s] -- Up-to-date: /home/cc/ee106a/fa25/class/ee106a-add/ros_workspaces/lab7/install/ros2_aruco_interfaces/include/ros2_aruco_interfaces/ros2_aruco_interfaces/msg
[1.821s] -- Up-to-date: /home/cc/ee106a/fa25/class/ee106a-add/ros_workspaces/lab7/install/ros2_aruco_interfaces/include/ros2_aruco_interfaces/ros2_aruco_interfaces/msg/aruco_markers.h
[1.822s] -- Up-to-date: /home/cc/ee106a/fa25/class/ee106a-add/ros_workspaces/lab7/install/ros2_aruco_interfaces/include/ros2_aruco_interfaces/ros2_aruco_interfaces/msg/rosidl_generator_c__visibility_control.h
[1.822s] -- Up-to-date: /home/cc/ee106a/fa25/class/ee106a-add/ros_workspaces/lab7/install/ros2_aruco_interfaces/include/ros2_aruco_interfaces/ros2_aruco_interfaces/msg/detail
[1.824s] -- Up-to-date: /home/cc/ee106a/fa25/class/ee106a-add/ros_workspaces/lab7/install/ros2_aruco_interfaces/include/ros2_aruco_interfaces/ros2_aruco_interfaces/msg/detail/aruco_markers__functions.c
[1.825s] -- Up-to-date: /home/cc/ee106a/fa25/class/ee106a-add/ros_workspaces/lab7/install/ros2_aruco_interfaces/include/ros2_aruco_interfaces/ros2_aruco_interfaces/msg/detail/aruco_markers__functions.h
[1.826s] -- Up-to-date: /home/cc/ee106a/fa25/class/ee106a-add/ros_workspaces/lab7/install/ros2_aruco_interfaces/include/ros2_aruco_interfaces/ros2_aruco_interfaces/msg/detail/aruco_markers__struct.h
[1.827s] -- Up-to-date: /home/cc/ee106a/fa25/class/ee106a-add/ros_workspaces/lab7/install/ros2_aruco_interfaces/include/ros2_aruco_interfaces/ros2_aruco_interfaces/msg/detail/aruco_markers__type_support.h
[1.829s] -- Up-to-date: /home/cc/ee106a/fa25/class/ee106a-add/ros_workspaces/lab7/install/ros2_aruco_interfaces/share/ros2_aruco_interfaces/environment/library_path.sh
[1.830s] -- Up-to-date: /home/cc/ee106a/fa25/class/ee106a-add/ros_workspaces/lab7/install/ros2_aruco_interfaces/share/ros2_aruco_interfaces/environment/library_path.dsv
[1.834s] -- Up-to-date: /home/cc/ee106a/fa25/class/ee106a-add/ros_workspaces/lab7/install/ros2_aruco_interfaces/lib/libros2_aruco_interfaces__rosidl_generator_c.so
[1.838s] -- Up-to-date: /home/cc/ee106a/fa25/class/ee106a-add/ros_workspaces/lab7/install/ros2_aruco_interfaces/include/ros2_aruco_interfaces/ros2_aruco_interfaces
[1.840s] -- Up-to-date: /home/cc/ee106a/fa25/class/ee106a-add/ros_workspaces/lab7/install/ros2_aruco_interfaces/include/ros2_aruco_interfaces/ros2_aruco_interfaces/msg
[1.842s] -- Up-to-date: /home/cc/ee106a/fa25/class/ee106a-add/ros_workspaces/lab7/install/ros2_aruco_interfaces/include/ros2_aruco_interfaces/ros2_aruco_interfaces/msg/detail
[1.843s] -- Up-to-date: /home/cc/ee106a/fa25/class/ee106a-add/ros_workspaces/lab7/install/ros2_aruco_interfaces/include/ros2_aruco_interfaces/ros2_aruco_interfaces/msg/detail/aruco_markers__rosidl_typesupport_fastrtps_c.h
[1.844s] -- Up-to-date: /home/cc/ee106a/fa25/class/ee106a-add/ros_workspaces/lab7/install/ros2_aruco_interfaces/include/ros2_aruco_interfaces/ros2_aruco_interfaces/msg/rosidl_typesupport_fastrtps_c__visibility_control.h
[1.861s] -- Up-to-date: /home/cc/ee106a/fa25/class/ee106a-add/ros_workspaces/lab7/install/ros2_aruco_interfaces/lib/libros2_aruco_interfaces__rosidl_typesupport_fastrtps_c.so
[1.865s] -- Up-to-date: /home/cc/ee106a/fa25/class/ee106a-add/ros_workspaces/lab7/install/ros2_aruco_interfaces/include/ros2_aruco_interfaces/ros2_aruco_interfaces
[1.866s] -- Up-to-date: /home/cc/ee106a/fa25/class/ee106a-add/ros_workspaces/lab7/install/ros2_aruco_interfaces/include/ros2_aruco_interfaces/ros2_aruco_interfaces/msg
[1.867s] -- Up-to-date: /home/cc/ee106a/fa25/class/ee106a-add/ros_workspaces/lab7/install/ros2_aruco_interfaces/include/ros2_aruco_interfaces/ros2_aruco_interfaces/msg/aruco_markers.hpp
[1.868s] -- Up-to-date: /home/cc/ee106a/fa25/class/ee106a-add/ros_workspaces/lab7/install/ros2_aruco_interfaces/include/ros2_aruco_interfaces/ros2_aruco_interfaces/msg/rosidl_generator_cpp__visibility_control.hpp
[1.870s] -- Up-to-date: /home/cc/ee106a/fa25/class/ee106a-add/ros_workspaces/lab7/install/ros2_aruco_interfaces/include/ros2_aruco_interfaces/ros2_aruco_interfaces/msg/detail
[1.872s] -- Up-to-date: /home/cc/ee106a/fa25/class/ee106a-add/ros_workspaces/lab7/install/ros2_aruco_interfaces/include/ros2_aruco_interfaces/ros2_aruco_interfaces/msg/detail/aruco_markers__builder.hpp
[1.872s] -- Up-to-date: /home/cc/ee106a/fa25/class/ee106a-add/ros_workspaces/lab7/install/ros2_aruco_interfaces/include/ros2_aruco_interfaces/ros2_aruco_interfaces/msg/detail/aruco_markers__struct.hpp
[1.873s] -- Up-to-date: /home/cc/ee106a/fa25/class/ee106a-add/ros_workspaces/lab7/install/ros2_aruco_interfaces/include/ros2_aruco_interfaces/ros2_aruco_interfaces/msg/detail/aruco_markers__traits.hpp
[1.874s] -- Up-to-date: /home/cc/ee106a/fa25/class/ee106a-add/ros_workspaces/lab7/install/ros2_aruco_interfaces/include/ros2_aruco_interfaces/ros2_aruco_interfaces/msg/detail/aruco_markers__type_support.hpp
[1.875s] -- Up-to-date: /home/cc/ee106a/fa25/class/ee106a-add/ros_workspaces/lab7/install/ros2_aruco_interfaces/include/ros2_aruco_interfaces/ros2_aruco_interfaces
[1.877s] -- Up-to-date: /home/cc/ee106a/fa25/class/ee106a-add/ros_workspaces/lab7/install/ros2_aruco_interfaces/include/ros2_aruco_interfaces/ros2_aruco_interfaces/msg
[1.878s] -- Up-to-date: /home/cc/ee106a/fa25/class/ee106a-add/ros_workspaces/lab7/install/ros2_aruco_interfaces/include/ros2_aruco_interfaces/ros2_aruco_interfaces/msg/detail
[1.880s] -- Up-to-date: /home/cc/ee106a/fa25/class/ee106a-add/ros_workspaces/lab7/install/ros2_aruco_interfaces/include/ros2_aruco_interfaces/ros2_aruco_interfaces/msg/detail/aruco_markers__rosidl_typesupport_fastrtps_cpp.hpp
[1.881s] -- Up-to-date: /home/cc/ee106a/fa25/class/ee106a-add/ros_workspaces/lab7/install/ros2_aruco_interfaces/include/ros2_aruco_interfaces/ros2_aruco_interfaces/msg/detail/dds_fastrtps
[1.882s] -- Up-to-date: /home/cc/ee106a/fa25/class/ee106a-add/ros_workspaces/lab7/install/ros2_aruco_interfaces/include/ros2_aruco_interfaces/ros2_aruco_interfaces/msg/rosidl_typesupport_fastrtps_cpp__visibility_control.h
[1.886s] -- Up-to-date: /home/cc/ee106a/fa25/class/ee106a-add/ros_workspaces/lab7/install/ros2_aruco_interfaces/lib/libros2_aruco_interfaces__rosidl_typesupport_fastrtps_cpp.so
[1.890s] -- Up-to-date: /home/cc/ee106a/fa25/class/ee106a-add/ros_workspaces/lab7/install/ros2_aruco_interfaces/include/ros2_aruco_interfaces/ros2_aruco_interfaces
[1.892s] -- Up-to-date: /home/cc/ee106a/fa25/class/ee106a-add/ros_workspaces/lab7/install/ros2_aruco_interfaces/include/ros2_aruco_interfaces/ros2_aruco_interfaces/msg
[1.893s] -- Up-to-date: /home/cc/ee106a/fa25/class/ee106a-add/ros_workspaces/lab7/install/ros2_aruco_interfaces/include/ros2_aruco_interfaces/ros2_aruco_interfaces/msg/detail
[1.894s] -- Up-to-date: /home/cc/ee106a/fa25/class/ee106a-add/ros_workspaces/lab7/install/ros2_aruco_interfaces/include/ros2_aruco_interfaces/ros2_aruco_interfaces/msg/detail/aruco_markers__rosidl_typesupport_introspection_c.h
[1.895s] -- Up-to-date: /home/cc/ee106a/fa25/class/ee106a-add/ros_workspaces/lab7/install/ros2_aruco_interfaces/include/ros2_aruco_interfaces/ros2_aruco_interfaces/msg/detail/aruco_markers__type_support.c
[1.896s] -- Up-to-date: /home/cc/ee106a/fa25/class/ee106a-add/ros_workspaces/lab7/install/ros2_aruco_interfaces/include/ros2_aruco_interfaces/ros2_aruco_interfaces/msg/rosidl_typesupport_introspection_c__visibility_control.h
[1.921s] -- Up-to-date: /home/cc/ee106a/fa25/class/ee106a-add/ros_workspaces/lab7/install/ros2_aruco_interfaces/lib/libros2_aruco_interfaces__rosidl_typesupport_introspection_c.so
[1.942s] -- Up-to-date: /home/cc/ee106a/fa25/class/ee106a-add/ros_workspaces/lab7/install/ros2_aruco_interfaces/lib/libros2_aruco_interfaces__rosidl_typesupport_c.so
[1.945s] -- Up-to-date: /home/cc/ee106a/fa25/class/ee106a-add/ros_workspaces/lab7/install/ros2_aruco_interfaces/include/ros2_aruco_interfaces/ros2_aruco_interfaces
[1.946s] -- Up-to-date: /home/cc/ee106a/fa25/class/ee106a-add/ros_workspaces/lab7/install/ros2_aruco_interfaces/include/ros2_aruco_interfaces/ros2_aruco_interfaces/msg
[1.948s] -- Up-to-date: /home/cc/ee106a/fa25/class/ee106a-add/ros_workspaces/lab7/install/ros2_aruco_interfaces/include/ros2_aruco_interfaces/ros2_aruco_interfaces/msg/detail
[1.949s] -- Up-to-date: /home/cc/ee106a/fa25/class/ee106a-add/ros_workspaces/lab7/install/ros2_aruco_interfaces/include/ros2_aruco_interfaces/ros2_aruco_interfaces/msg/detail/aruco_markers__rosidl_typesupport_introspection_cpp.hpp
[1.950s] -- Up-to-date: /home/cc/ee106a/fa25/class/ee106a-add/ros_workspaces/lab7/install/ros2_aruco_interfaces/include/ros2_aruco_interfaces/ros2_aruco_interfaces/msg/detail/aruco_markers__type_support.cpp
[1.954s] -- Up-to-date: /home/cc/ee106a/fa25/class/ee106a-add/ros_workspaces/lab7/install/ros2_aruco_interfaces/lib/libros2_aruco_interfaces__rosidl_typesupport_introspection_cpp.so
[1.961s] -- Up-to-date: /home/cc/ee106a/fa25/class/ee106a-add/ros_workspaces/lab7/install/ros2_aruco_interfaces/lib/libros2_aruco_interfaces__rosidl_typesupport_cpp.so
[1.964s] -- Up-to-date: /home/cc/ee106a/fa25/class/ee106a-add/ros_workspaces/lab7/install/ros2_aruco_interfaces/share/ros2_aruco_interfaces/environment/pythonpath.sh
[1.966s] -- Up-to-date: /home/cc/ee106a/fa25/class/ee106a-add/ros_workspaces/lab7/install/ros2_aruco_interfaces/share/ros2_aruco_interfaces/environment/pythonpath.dsv
[1.967s] -- Up-to-date: /home/cc/ee106a/fa25/class/ee106a-add/ros_workspaces/lab7/install/ros2_aruco_interfaces/local/lib/python3.10/dist-packages/ros2_aruco_interfaces-0.1.0-py3.10.egg-info
[1.969s] -- Installing: /home/cc/ee106a/fa25/class/ee106a-add/ros_workspaces/lab7/install/ros2_aruco_interfaces/local/lib/python3.10/dist-packages/ros2_aruco_interfaces-0.1.0-py3.10.egg-info/PKG-INFO
[1.977s] -- Installing: /home/cc/ee106a/fa25/class/ee106a-add/ros_workspaces/lab7/install/ros2_aruco_interfaces/local/lib/python3.10/dist-packages/ros2_aruco_interfaces-0.1.0-py3.10.egg-info/dependency_links.txt
[1.987s] -- Installing: /home/cc/ee106a/fa25/class/ee106a-add/ros_workspaces/lab7/install/ros2_aruco_interfaces/local/lib/python3.10/dist-packages/ros2_aruco_interfaces-0.1.0-py3.10.egg-info/top_level.txt
[1.995s] -- Installing: /home/cc/ee106a/fa25/class/ee106a-add/ros_workspaces/lab7/install/ros2_aruco_interfaces/local/lib/python3.10/dist-packages/ros2_aruco_interfaces-0.1.0-py3.10.egg-info/SOURCES.txt
[2.005s] -- Up-to-date: /home/cc/ee106a/fa25/class/ee106a-add/ros_workspaces/lab7/install/ros2_aruco_interfaces/local/lib/python3.10/dist-packages/ros2_aruco_interfaces
[2.007s] -- Up-to-date: /home/cc/ee106a/fa25/class/ee106a-add/ros_workspaces/lab7/install/ros2_aruco_interfaces/local/lib/python3.10/dist-packages/ros2_aruco_interfaces/__init__.py
[2.007s] -- Up-to-date: /home/cc/ee106a/fa25/class/ee106a-add/ros_workspaces/lab7/install/ros2_aruco_interfaces/local/lib/python3.10/dist-packages/ros2_aruco_interfaces/msg
[2.009s] -- Up-to-date: /home/cc/ee106a/fa25/class/ee106a-add/ros_workspaces/lab7/install/ros2_aruco_interfaces/local/lib/python3.10/dist-packages/ros2_aruco_interfaces/msg/_aruco_markers.py
[2.011s] -- Up-to-date: /home/cc/ee106a/fa25/class/ee106a-add/ros_workspaces/lab7/install/ros2_aruco_interfaces/local/lib/python3.10/dist-packages/ros2_aruco_interfaces/msg/_aruco_markers_s.c
[2.011s] -- Up-to-date: /home/cc/ee106a/fa25/class/ee106a-add/ros_workspaces/lab7/install/ros2_aruco_interfaces/local/lib/python3.10/dist-packages/ros2_aruco_interfaces/msg/__init__.py
[2.013s] -- Up-to-date: /home/cc/ee106a/fa25/class/ee106a-add/ros_workspaces/lab7/install/ros2_aruco_interfaces/local/lib/python3.10/dist-packages/ros2_aruco_interfaces/_ros2_aruco_interfaces_s.ep.rosidl_typesupport_fastrtps_c.c
[2.013s] -- Up-to-date: /home/cc/ee106a/fa25/class/ee106a-add/ros_workspaces/lab7/install/ros2_aruco_interfaces/local/lib/python3.10/dist-packages/ros2_aruco_interfaces/_ros2_aruco_interfaces_s.ep.rosidl_typesupport_introspection_c.c
[2.013s] -- Up-to-date: /home/cc/ee106a/fa25/class/ee106a-add/ros_workspaces/lab7/install/ros2_aruco_interfaces/local/lib/python3.10/dist-packages/ros2_aruco_interfaces/_ros2_aruco_interfaces_s.ep.rosidl_typesupport_c.c
[2.015s] -- Up-to-date: /home/cc/ee106a/fa25/class/ee106a-add/ros_workspaces/lab7/install/ros2_aruco_interfaces/local/lib/python3.10/dist-packages/ros2_aruco_interfaces/libros2_aruco_interfaces__rosidl_generator_py.so
[2.015s] -- Up-to-date: /home/cc/ee106a/fa25/class/ee106a-add/ros_workspaces/lab7/install/ros2_aruco_interfaces/local/lib/python3.10/dist-packages/ros2_aruco_interfaces/ros2_aruco_interfaces_s__rosidl_typesupport_c.cpython-310-x86_64-linux-gnu.so
[2.016s] -- Up-to-date: /home/cc/ee106a/fa25/class/ee106a-add/ros_workspaces/lab7/install/ros2_aruco_interfaces/local/lib/python3.10/dist-packages/ros2_aruco_interfaces/ros2_aruco_interfaces_s__rosidl_typesupport_fastrtps_c.cpython-310-x86_64-linux-gnu.so
[2.017s] -- Up-to-date: /home/cc/ee106a/fa25/class/ee106a-add/ros_workspaces/lab7/install/ros2_aruco_interfaces/local/lib/python3.10/dist-packages/ros2_aruco_interfaces/ros2_aruco_interfaces_s__rosidl_typesupport_introspection_c.cpython-310-x86_64-linux-gnu.so
[2.063s] Listing '/home/cc/ee106a/fa25/class/ee106a-add/ros_workspaces/lab7/install/ros2_aruco_interfaces/local/lib/python3.10/dist-packages/ros2_aruco_interfaces'...
[2.064s] Listing '/home/cc/ee106a/fa25/class/ee106a-add/ros_workspaces/lab7/install/ros2_aruco_interfaces/local/lib/python3.10/dist-packages/ros2_aruco_interfaces/msg'...
[2.090s] -- Up-to-date: /home/cc/ee106a/fa25/class/ee106a-add/ros_workspaces/lab7/install/ros2_aruco_interfaces/local/lib/python3.10/dist-packages/ros2_aruco_interfaces/ros2_aruco_interfaces_s__rosidl_typesupport_fastrtps_c.cpython-310-x86_64-linux-gnu.so
[2.096s] -- Up-to-date: /home/cc/ee106a/fa25/class/ee106a-add/ros_workspaces/lab7/install/ros2_aruco_interfaces/local/lib/python3.10/dist-packages/ros2_aruco_interfaces/ros2_aruco_interfaces_s__rosidl_typesupport_introspection_c.cpython-310-x86_64-linux-gnu.so
[2.115s] -- Up-to-date: /home/cc/ee106a/fa25/class/ee106a-add/ros_workspaces/lab7/install/ros2_aruco_interfaces/local/lib/python3.10/dist-packages/ros2_aruco_interfaces/ros2_aruco_interfaces_s__rosidl_typesupport_c.cpython-310-x86_64-linux-gnu.so
[2.156s] -- Up-to-date: /home/cc/ee106a/fa25/class/ee106a-add/ros_workspaces/lab7/install/ros2_aruco_interfaces/lib/libros2_aruco_interfaces__rosidl_generator_py.so
[2.162s] -- Up-to-date: /home/cc/ee106a/fa25/class/ee106a-add/ros_workspaces/lab7/install/ros2_aruco_interfaces/share/ros2_aruco_interfaces/msg/ArucoMarkers.idl
[2.162s] -- Up-to-date: /home/cc/ee106a/fa25/class/ee106a-add/ros_workspaces/lab7/install/ros2_aruco_interfaces/share/ros2_aruco_interfaces/msg/ArucoMarkers.msg
[2.165s] -- Up-to-date: /home/cc/ee106a/fa25/class/ee106a-add/ros_workspaces/lab7/install/ros2_aruco_interfaces/share/ament_index/resource_index/package_run_dependencies/ros2_aruco_interfaces
[2.167s] -- Up-to-date: /home/cc/ee106a/fa25/class/ee106a-add/ros_workspaces/lab7/install/ros2_aruco_interfaces/share/ament_index/resource_index/parent_prefix_path/ros2_aruco_interfaces
[2.167s] -- Up-to-date: /home/cc/ee106a/fa25/class/ee106a-add/ros_workspaces/lab7/install/ros2_aruco_interfaces/share/ros2_aruco_interfaces/environment/ament_prefix_path.sh
[2.170s] -- Up-to-date: /home/cc/ee106a/fa25/class/ee106a-add/ros_workspaces/lab7/install/ros2_aruco_interfaces/share/ros2_aruco_interfaces/environment/ament_prefix_path.dsv
[2.170s] -- Up-to-date: /home/cc/ee106a/fa25/class/ee106a-add/ros_workspaces/lab7/install/ros2_aruco_interfaces/share/ros2_aruco_interfaces/environment/path.sh
[2.171s] -- Up-to-date: /home/cc/ee106a/fa25/class/ee106a-add/ros_workspaces/lab7/install/ros2_aruco_interfaces/share/ros2_aruco_interfaces/environment/path.dsv
[2.172s] -- Up-to-date: /home/cc/ee106a/fa25/class/ee106a-add/ros_workspaces/lab7/install/ros2_aruco_interfaces/share/ros2_aruco_interfaces/local_setup.bash
[2.174s] -- Up-to-date: /home/cc/ee106a/fa25/class/ee106a-add/ros_workspaces/lab7/install/ros2_aruco_interfaces/share/ros2_aruco_interfaces/local_setup.sh
[2.175s] -- Up-to-date: /home/cc/ee106a/fa25/class/ee106a-add/ros_workspaces/lab7/install/ros2_aruco_interfaces/share/ros2_aruco_interfaces/local_setup.zsh
[2.176s] -- Up-to-date: /home/cc/ee106a/fa25/class/ee106a-add/ros_workspaces/lab7/install/ros2_aruco_interfaces/share/ros2_aruco_interfaces/local_setup.dsv
[2.178s] -- Up-to-date: /home/cc/ee106a/fa25/class/ee106a-add/ros_workspaces/lab7/install/ros2_aruco_interfaces/share/ros2_aruco_interfaces/package.dsv
[2.180s] -- Up-to-date: /home/cc/ee106a/fa25/class/ee106a-add/ros_workspaces/lab7/install/ros2_aruco_interfaces/share/ament_index/resource_index/packages/ros2_aruco_interfaces
[2.186s] -- Up-to-date: /home/cc/ee106a/fa25/class/ee106a-add/ros_workspaces/lab7/install/ros2_aruco_interfaces/share/ros2_aruco_interfaces/cmake/export_ros2_aruco_interfaces__rosidl_generator_cExport.cmake
[2.188s] -- Up-to-date: /home/cc/ee106a/fa25/class/ee106a-add/ros_workspaces/lab7/install/ros2_aruco_interfaces/share/ros2_aruco_interfaces/cmake/export_ros2_aruco_interfaces__rosidl_generator_cExport-noconfig.cmake
[2.194s] -- Up-to-date: /home/cc/ee106a/fa25/class/ee106a-add/ros_workspaces/lab7/install/ros2_aruco_interfaces/share/ros2_aruco_interfaces/cmake/export_ros2_aruco_interfaces__rosidl_typesupport_fastrtps_cExport.cmake
[2.195s] -- Up-to-date: /home/cc/ee106a/fa25/class/ee106a-add/ros_workspaces/lab7/install/ros2_aruco_interfaces/share/ros2_aruco_interfaces/cmake/export_ros2_aruco_interfaces__rosidl_typesupport_fastrtps_cExport-noconfig.cmake
[2.199s] -- Up-to-date: /home/cc/ee106a/fa25/class/ee106a-add/ros_workspaces/lab7/install/ros2_aruco_interfaces/share/ros2_aruco_interfaces/cmake/export_ros2_aruco_interfaces__rosidl_generator_cppExport.cmake
[2.203s] -- Up-to-date: /home/cc/ee106a/fa25/class/ee106a-add/ros_workspaces/lab7/install/ros2_aruco_interfaces/share/ros2_aruco_interfaces/cmake/export_ros2_aruco_interfaces__rosidl_typesupport_fastrtps_cppExport.cmake
[2.204s] -- Up-to-date: /home/cc/ee106a/fa25/class/ee106a-add/ros_workspaces/lab7/install/ros2_aruco_interfaces/share/ros2_aruco_interfaces/cmake/export_ros2_aruco_interfaces__rosidl_typesupport_fastrtps_cppExport-noconfig.cmake
[2.209s] -- Up-to-date: /home/cc/ee106a/fa25/class/ee106a-add/ros_workspaces/lab7/install/ros2_aruco_interfaces/share/ros2_aruco_interfaces/cmake/ros2_aruco_interfaces__rosidl_typesupport_introspection_cExport.cmake
[2.209s] -- Up-to-date: /home/cc/ee106a/fa25/class/ee106a-add/ros_workspaces/lab7/install/ros2_aruco_interfaces/share/ros2_aruco_interfaces/cmake/ros2_aruco_interfaces__rosidl_typesupport_introspection_cExport-noconfig.cmake
[2.213s] -- Up-to-date: /home/cc/ee106a/fa25/class/ee106a-add/ros_workspaces/lab7/install/ros2_aruco_interfaces/share/ros2_aruco_interfaces/cmake/ros2_aruco_interfaces__rosidl_typesupport_cExport.cmake
[2.215s] -- Up-to-date: /home/cc/ee106a/fa25/class/ee106a-add/ros_workspaces/lab7/install/ros2_aruco_interfaces/share/ros2_aruco_interfaces/cmake/ros2_aruco_interfaces__rosidl_typesupport_cExport-noconfig.cmake
[2.219s] -- Up-to-date: /home/cc/ee106a/fa25/class/ee106a-add/ros_workspaces/lab7/install/ros2_aruco_interfaces/share/ros2_aruco_interfaces/cmake/ros2_aruco_interfaces__rosidl_typesupport_introspection_cppExport.cmake
[2.220s] -- Up-to-date: /home/cc/ee106a/fa25/class/ee106a-add/ros_workspaces/lab7/install/ros2_aruco_interfaces/share/ros2_aruco_interfaces/cmake/ros2_aruco_interfaces__rosidl_typesupport_introspection_cppExport-noconfig.cmake
[2.225s] -- Up-to-date: /home/cc/ee106a/fa25/class/ee106a-add/ros_workspaces/lab7/install/ros2_aruco_interfaces/share/ros2_aruco_interfaces/cmake/ros2_aruco_interfaces__rosidl_typesupport_cppExport.cmake
[2.226s] -- Up-to-date: /home/cc/ee106a/fa25/class/ee106a-add/ros_workspaces/lab7/install/ros2_aruco_interfaces/share/ros2_aruco_interfaces/cmake/ros2_aruco_interfaces__rosidl_typesupport_cppExport-noconfig.cmake
[2.243s] -- Up-to-date: /home/cc/ee106a/fa25/class/ee106a-add/ros_workspaces/lab7/install/ros2_aruco_interfaces/share/ros2_aruco_interfaces/cmake/export_ros2_aruco_interfaces__rosidl_generator_pyExport.cmake
[2.243s] -- Up-to-date: /home/cc/ee106a/fa25/class/ee106a-add/ros_workspaces/lab7/install/ros2_aruco_interfaces/share/ros2_aruco_interfaces/cmake/export_ros2_aruco_interfaces__rosidl_generator_pyExport-noconfig.cmake
[2.243s] -- Up-to-date: /home/cc/ee106a/fa25/class/ee106a-add/ros_workspaces/lab7/install/ros2_aruco_interfaces/share/ros2_aruco_interfaces/cmake/rosidl_cmake-extras.cmake
[2.243s] -- Up-to-date: /home/cc/ee106a/fa25/class/ee106a-add/ros_workspaces/lab7/install/ros2_aruco_interfaces/share/ros2_aruco_interfaces/cmake/ament_cmake_export_dependencies-extras.cmake
[2.245s] -- Up-to-date: /home/cc/ee106a/fa25/class/ee106a-add/ros_workspaces/lab7/install/ros2_aruco_interfaces/share/ros2_aruco_interfaces/cmake/ament_cmake_export_include_directories-extras.cmake
[2.246s] -- Up-to-date: /home/cc/ee106a/fa25/class/ee106a-add/ros_workspaces/lab7/install/ros2_aruco_interfaces/share/ros2_aruco_interfaces/cmake/ament_cmake_export_libraries-extras.cmake
[2.248s] -- Up-to-date: /home/cc/ee106a/fa25/class/ee106a-add/ros_workspaces/lab7/install/ros2_aruco_interfaces/share/ros2_aruco_interfaces/cmake/ament_cmake_export_targets-extras.cmake
[2.249s] -- Up-to-date: /home/cc/ee106a/fa25/class/ee106a-add/ros_workspaces/lab7/install/ros2_aruco_interfaces/share/ros2_aruco_interfaces/cmake/rosidl_cmake_export_typesupport_targets-extras.cmake
[2.250s] -- Up-to-date: /home/cc/ee106a/fa25/class/ee106a-add/ros_workspaces/lab7/install/ros2_aruco_interfaces/share/ros2_aruco_interfaces/cmake/rosidl_cmake_export_typesupport_libraries-extras.cmake
[2.251s] -- Up-to-date: /home/cc/ee106a/fa25/class/ee106a-add/ros_workspaces/lab7/install/ros2_aruco_interfaces/share/ros2_aruco_interfaces/cmake/ros2_aruco_interfacesConfig.cmake
[2.252s] -- Up-to-date: /home/cc/ee106a/fa25/class/ee106a-add/ros_workspaces/lab7/install/ros2_aruco_interfaces/share/ros2_aruco_interfaces/cmake/ros2_aruco_interfacesConfig-version.cmake
[2.254s] -- Up-to-date: /home/cc/ee106a/fa25/class/ee106a-add/ros_workspaces/lab7/install/ros2_aruco_interfaces/share/ros2_aruco_interfaces/package.xml
[2.314s] Invoked command in '/home/cc/ee106a/fa25/class/ee106a-add/106A-CATCH/lab7/build/ros2_aruco_interfaces' returned '0': CMAKE_PREFIX_PATH=${CMAKE_PREFIX_PATH}:/home/cc/ee106a/fa25/class/ee106a-add/106A-CATCH/lab7/install/ros2_aruco:/home/cc/ee106a/fa25/class/ee106a-add/106A-CATCH/lab7/install/planning:/home/cc/ee106a/fa25/class/ee106a-add/106A-CATCH/lab7/install/perception:/home/ff/ee106a/robot_workspaces/ur/install/ur7e_utils:/opt/ros/humble /usr/bin/cmake --install /home/cc/ee106a/fa25/class/ee106a-add/106A-CATCH/lab7/build/ros2_aruco_interfaces
