[0.788s] Invoking command in '/home/cc/ee106a/fa25/class/ee106a-add/106A-CATCH/lab5/build/ros2_aruco_interfaces': CMAKE_PREFIX_PATH=${CMAKE_PREFIX_PATH}:/home/cc/ee106a/fa25/class/ee106a-add/106A-CATCH/lab5/install/ros2_aruco:/home/cc/ee106a/fa25/class/ee106a-add/106A-CATCH/lab5/install/planning:/home/cc/ee106a/fa25/class/ee106a-add/106A-CATCH/lab5/install/perception:/home/ff/ee106a/robot_workspaces/ur/install/ur7e_utils:/opt/ros/humble /usr/bin/cmake --build /home/cc/ee106a/fa25/class/ee106a-add/106A-CATCH/lab5/build/ros2_aruco_interfaces -- -j32 -l32
[0.903s] [  3%] Built target ros2_aruco_interfaces__cpp
[0.909s] [ 12%] Built target ros2_aruco_interfaces__rosidl_generator_c
[0.994s] [ 22%] Built target ros2_aruco_interfaces__rosidl_typesupport_fastrtps_cpp
[1.006s] [ 32%] Built target ros2_aruco_interfaces__rosidl_typesupport_cpp
[1.016s] [ 48%] Built target ros2_aruco_interfaces__rosidl_typesupport_introspection_cpp
[1.020s] [ 61%] Built target ament_cmake_python_copy_ros2_aruco_interfaces
[1.023s] [ 70%] Built target ros2_aruco_interfaces__rosidl_typesupport_fastrtps_c
[1.023s] [ 70%] Built target ros2_aruco_interfaces__rosidl_typesupport_c
[1.023s] [ 70%] Built target ros2_aruco_interfaces__rosidl_typesupport_introspection_c
[1.069s] [ 70%] Built target ros2_aruco_interfaces
[1.117s] [ 74%] Built target ros2_aruco_interfaces__py
[1.172s] [ 80%] Built target ros2_aruco_interfaces__rosidl_generator_py
[1.252s] [100%] Built target ros2_aruco_interfaces__rosidl_typesupport_c__pyext
[1.253s] [100%] Built target ros2_aruco_interfaces__rosidl_typesupport_introspection_c__pyext
[1.253s] [100%] Built target ros2_aruco_interfaces__rosidl_typesupport_fastrtps_c__pyext
[1.392s] running egg_info
[1.393s] writing ros2_aruco_interfaces.egg-info/PKG-INFO
[1.396s] writing dependency_links to ros2_aruco_interfaces.egg-info/dependency_links.txt
[1.399s] writing top-level names to ros2_aruco_interfaces.egg-info/top_level.txt
[1.405s] reading manifest file 'ros2_aruco_interfaces.egg-info/SOURCES.txt'
[1.407s] writing manifest file 'ros2_aruco_interfaces.egg-info/SOURCES.txt'
[1.439s] [100%] Built target ament_cmake_python_build_ros2_aruco_interfaces_egg
[1.473s] Invoked command in '/home/cc/ee106a/fa25/class/ee106a-add/106A-CATCH/lab5/build/ros2_aruco_interfaces' returned '0': CMAKE_PREFIX_PATH=${CMAKE_PREFIX_PATH}:/home/cc/ee106a/fa25/class/ee106a-add/106A-CATCH/lab5/install/ros2_aruco:/home/cc/ee106a/fa25/class/ee106a-add/106A-CATCH/lab5/install/planning:/home/cc/ee106a/fa25/class/ee106a-add/106A-CATCH/lab5/install/perception:/home/ff/ee106a/robot_workspaces/ur/install/ur7e_utils:/opt/ros/humble /usr/bin/cmake --build /home/cc/ee106a/fa25/class/ee106a-add/106A-CATCH/lab5/build/ros2_aruco_interfaces -- -j32 -l32
[1.490s] Invoking command in '/home/cc/ee106a/fa25/class/ee106a-add/106A-CATCH/lab5/build/ros2_aruco_interfaces': CMAKE_PREFIX_PATH=${CMAKE_PREFIX_PATH}:/home/cc/ee106a/fa25/class/ee106a-add/106A-CATCH/lab5/install/ros2_aruco:/home/cc/ee106a/fa25/class/ee106a-add/106A-CATCH/lab5/install/planning:/home/cc/ee106a/fa25/class/ee106a-add/106A-CATCH/lab5/install/perception:/home/ff/ee106a/robot_workspaces/ur/install/ur7e_utils:/opt/ros/humble /usr/bin/cmake --install /home/cc/ee106a/fa25/class/ee106a-add/106A-CATCH/lab5/build/ros2_aruco_interfaces
[1.502s] -- Install configuration: ""
[1.503s] -- Up-to-date: /home/cc/ee106a/fa25/class/ee106a-add/106A-CATCH/lab5/install/ros2_aruco_interfaces/share/ament_index/resource_index/rosidl_interfaces/ros2_aruco_interfaces
[1.504s] -- Up-to-date: /home/cc/ee106a/fa25/class/ee106a-add/106A-CATCH/lab5/install/ros2_aruco_interfaces/include/ros2_aruco_interfaces/ros2_aruco_interfaces
[1.505s] -- Up-to-date: /home/cc/ee106a/fa25/class/ee106a-add/106A-CATCH/lab5/install/ros2_aruco_interfaces/include/ros2_aruco_interfaces/ros2_aruco_interfaces/msg
[1.507s] -- Up-to-date: /home/cc/ee106a/fa25/class/ee106a-add/106A-CATCH/lab5/install/ros2_aruco_interfaces/include/ros2_aruco_interfaces/ros2_aruco_interfaces/msg/aruco_markers.h
[1.507s] -- Up-to-date: /home/cc/ee106a/fa25/class/ee106a-add/106A-CATCH/lab5/install/ros2_aruco_interfaces/include/ros2_aruco_interfaces/ros2_aruco_interfaces/msg/rosidl_generator_c__visibility_control.h
[1.508s] -- Up-to-date: /home/cc/ee106a/fa25/class/ee106a-add/106A-CATCH/lab5/install/ros2_aruco_interfaces/include/ros2_aruco_interfaces/ros2_aruco_interfaces/msg/detail
[1.510s] -- Up-to-date: /home/cc/ee106a/fa25/class/ee106a-add/106A-CATCH/lab5/install/ros2_aruco_interfaces/include/ros2_aruco_interfaces/ros2_aruco_interfaces/msg/detail/aruco_markers__functions.c
[1.510s] -- Up-to-date: /home/cc/ee106a/fa25/class/ee106a-add/106A-CATCH/lab5/install/ros2_aruco_interfaces/include/ros2_aruco_interfaces/ros2_aruco_interfaces/msg/detail/aruco_markers__functions.h
[1.512s] -- Up-to-date: /home/cc/ee106a/fa25/class/ee106a-add/106A-CATCH/lab5/install/ros2_aruco_interfaces/include/ros2_aruco_interfaces/ros2_aruco_interfaces/msg/detail/aruco_markers__struct.h
[1.512s] -- Up-to-date: /home/cc/ee106a/fa25/class/ee106a-add/106A-CATCH/lab5/install/ros2_aruco_interfaces/include/ros2_aruco_interfaces/ros2_aruco_interfaces/msg/detail/aruco_markers__type_support.h
[1.513s] -- Up-to-date: /home/cc/ee106a/fa25/class/ee106a-add/106A-CATCH/lab5/install/ros2_aruco_interfaces/share/ros2_aruco_interfaces/environment/library_path.sh
[1.514s] -- Up-to-date: /home/cc/ee106a/fa25/class/ee106a-add/106A-CATCH/lab5/install/ros2_aruco_interfaces/share/ros2_aruco_interfaces/environment/library_path.dsv
[1.517s] -- Up-to-date: /home/cc/ee106a/fa25/class/ee106a-add/106A-CATCH/lab5/install/ros2_aruco_interfaces/lib/libros2_aruco_interfaces__rosidl_generator_c.so
[1.519s] -- Up-to-date: /home/cc/ee106a/fa25/class/ee106a-add/106A-CATCH/lab5/install/ros2_aruco_interfaces/include/ros2_aruco_interfaces/ros2_aruco_interfaces
[1.520s] -- Up-to-date: /home/cc/ee106a/fa25/class/ee106a-add/106A-CATCH/lab5/install/ros2_aruco_interfaces/include/ros2_aruco_interfaces/ros2_aruco_interfaces/msg
[1.522s] -- Up-to-date: /home/cc/ee106a/fa25/class/ee106a-add/106A-CATCH/lab5/install/ros2_aruco_interfaces/include/ros2_aruco_interfaces/ros2_aruco_interfaces/msg/detail
[1.523s] -- Up-to-date: /home/cc/ee106a/fa25/class/ee106a-add/106A-CATCH/lab5/install/ros2_aruco_interfaces/include/ros2_aruco_interfaces/ros2_aruco_interfaces/msg/detail/aruco_markers__rosidl_typesupport_fastrtps_c.h
[1.524s] -- Up-to-date: /home/cc/ee106a/fa25/class/ee106a-add/106A-CATCH/lab5/install/ros2_aruco_interfaces/include/ros2_aruco_interfaces/ros2_aruco_interfaces/msg/rosidl_typesupport_fastrtps_c__visibility_control.h
[1.528s] -- Up-to-date: /home/cc/ee106a/fa25/class/ee106a-add/106A-CATCH/lab5/install/ros2_aruco_interfaces/lib/libros2_aruco_interfaces__rosidl_typesupport_fastrtps_c.so
[1.531s] -- Up-to-date: /home/cc/ee106a/fa25/class/ee106a-add/106A-CATCH/lab5/install/ros2_aruco_interfaces/include/ros2_aruco_interfaces/ros2_aruco_interfaces
[1.532s] -- Up-to-date: /home/cc/ee106a/fa25/class/ee106a-add/106A-CATCH/lab5/install/ros2_aruco_interfaces/include/ros2_aruco_interfaces/ros2_aruco_interfaces/msg
[1.534s] -- Up-to-date: /home/cc/ee106a/fa25/class/ee106a-add/106A-CATCH/lab5/install/ros2_aruco_interfaces/include/ros2_aruco_interfaces/ros2_aruco_interfaces/msg/aruco_markers.hpp
[1.535s] -- Up-to-date: /home/cc/ee106a/fa25/class/ee106a-add/106A-CATCH/lab5/install/ros2_aruco_interfaces/include/ros2_aruco_interfaces/ros2_aruco_interfaces/msg/rosidl_generator_cpp__visibility_control.hpp
[1.536s] -- Up-to-date: /home/cc/ee106a/fa25/class/ee106a-add/106A-CATCH/lab5/install/ros2_aruco_interfaces/include/ros2_aruco_interfaces/ros2_aruco_interfaces/msg/detail
[1.537s] -- Up-to-date: /home/cc/ee106a/fa25/class/ee106a-add/106A-CATCH/lab5/install/ros2_aruco_interfaces/include/ros2_aruco_interfaces/ros2_aruco_interfaces/msg/detail/aruco_markers__builder.hpp
[1.538s] -- Up-to-date: /home/cc/ee106a/fa25/class/ee106a-add/106A-CATCH/lab5/install/ros2_aruco_interfaces/include/ros2_aruco_interfaces/ros2_aruco_interfaces/msg/detail/aruco_markers__struct.hpp
[1.539s] -- Up-to-date: /home/cc/ee106a/fa25/class/ee106a-add/106A-CATCH/lab5/install/ros2_aruco_interfaces/include/ros2_aruco_interfaces/ros2_aruco_interfaces/msg/detail/aruco_markers__traits.hpp
[1.539s] -- Up-to-date: /home/cc/ee106a/fa25/class/ee106a-add/106A-CATCH/lab5/install/ros2_aruco_interfaces/include/ros2_aruco_interfaces/ros2_aruco_interfaces/msg/detail/aruco_markers__type_support.hpp
[1.540s] -- Up-to-date: /home/cc/ee106a/fa25/class/ee106a-add/106A-CATCH/lab5/install/ros2_aruco_interfaces/include/ros2_aruco_interfaces/ros2_aruco_interfaces
[1.541s] -- Up-to-date: /home/cc/ee106a/fa25/class/ee106a-add/106A-CATCH/lab5/install/ros2_aruco_interfaces/include/ros2_aruco_interfaces/ros2_aruco_interfaces/msg
[1.542s] -- Up-to-date: /home/cc/ee106a/fa25/class/ee106a-add/106A-CATCH/lab5/install/ros2_aruco_interfaces/include/ros2_aruco_interfaces/ros2_aruco_interfaces/msg/detail
[1.544s] -- Up-to-date: /home/cc/ee106a/fa25/class/ee106a-add/106A-CATCH/lab5/install/ros2_aruco_interfaces/include/ros2_aruco_interfaces/ros2_aruco_interfaces/msg/detail/aruco_markers__rosidl_typesupport_fastrtps_cpp.hpp
[1.544s] -- Up-to-date: /home/cc/ee106a/fa25/class/ee106a-add/106A-CATCH/lab5/install/ros2_aruco_interfaces/include/ros2_aruco_interfaces/ros2_aruco_interfaces/msg/detail/dds_fastrtps
[1.545s] -- Up-to-date: /home/cc/ee106a/fa25/class/ee106a-add/106A-CATCH/lab5/install/ros2_aruco_interfaces/include/ros2_aruco_interfaces/ros2_aruco_interfaces/msg/rosidl_typesupport_fastrtps_cpp__visibility_control.h
[1.548s] -- Up-to-date: /home/cc/ee106a/fa25/class/ee106a-add/106A-CATCH/lab5/install/ros2_aruco_interfaces/lib/libros2_aruco_interfaces__rosidl_typesupport_fastrtps_cpp.so
[1.552s] -- Up-to-date: /home/cc/ee106a/fa25/class/ee106a-add/106A-CATCH/lab5/install/ros2_aruco_interfaces/include/ros2_aruco_interfaces/ros2_aruco_interfaces
[1.553s] -- Up-to-date: /home/cc/ee106a/fa25/class/ee106a-add/106A-CATCH/lab5/install/ros2_aruco_interfaces/include/ros2_aruco_interfaces/ros2_aruco_interfaces/msg
[1.554s] -- Up-to-date: /home/cc/ee106a/fa25/class/ee106a-add/106A-CATCH/lab5/install/ros2_aruco_interfaces/include/ros2_aruco_interfaces/ros2_aruco_interfaces/msg/detail
[1.556s] -- Up-to-date: /home/cc/ee106a/fa25/class/ee106a-add/106A-CATCH/lab5/install/ros2_aruco_interfaces/include/ros2_aruco_interfaces/ros2_aruco_interfaces/msg/detail/aruco_markers__rosidl_typesupport_introspection_c.h
[1.556s] -- Up-to-date: /home/cc/ee106a/fa25/class/ee106a-add/106A-CATCH/lab5/install/ros2_aruco_interfaces/include/ros2_aruco_interfaces/ros2_aruco_interfaces/msg/detail/aruco_markers__type_support.c
[1.557s] -- Up-to-date: /home/cc/ee106a/fa25/class/ee106a-add/106A-CATCH/lab5/install/ros2_aruco_interfaces/include/ros2_aruco_interfaces/ros2_aruco_interfaces/msg/rosidl_typesupport_introspection_c__visibility_control.h
[1.560s] -- Up-to-date: /home/cc/ee106a/fa25/class/ee106a-add/106A-CATCH/lab5/install/ros2_aruco_interfaces/lib/libros2_aruco_interfaces__rosidl_typesupport_introspection_c.so
[1.565s] -- Up-to-date: /home/cc/ee106a/fa25/class/ee106a-add/106A-CATCH/lab5/install/ros2_aruco_interfaces/lib/libros2_aruco_interfaces__rosidl_typesupport_c.so
[1.567s] -- Up-to-date: /home/cc/ee106a/fa25/class/ee106a-add/106A-CATCH/lab5/install/ros2_aruco_interfaces/include/ros2_aruco_interfaces/ros2_aruco_interfaces
[1.568s] -- Up-to-date: /home/cc/ee106a/fa25/class/ee106a-add/106A-CATCH/lab5/install/ros2_aruco_interfaces/include/ros2_aruco_interfaces/ros2_aruco_interfaces/msg
[1.570s] -- Up-to-date: /home/cc/ee106a/fa25/class/ee106a-add/106A-CATCH/lab5/install/ros2_aruco_interfaces/include/ros2_aruco_interfaces/ros2_aruco_interfaces/msg/detail
[1.571s] -- Up-to-date: /home/cc/ee106a/fa25/class/ee106a-add/106A-CATCH/lab5/install/ros2_aruco_interfaces/include/ros2_aruco_interfaces/ros2_aruco_interfaces/msg/detail/aruco_markers__rosidl_typesupport_introspection_cpp.hpp
[1.571s] -- Up-to-date: /home/cc/ee106a/fa25/class/ee106a-add/106A-CATCH/lab5/install/ros2_aruco_interfaces/include/ros2_aruco_interfaces/ros2_aruco_interfaces/msg/detail/aruco_markers__type_support.cpp
[1.575s] -- Up-to-date: /home/cc/ee106a/fa25/class/ee106a-add/106A-CATCH/lab5/install/ros2_aruco_interfaces/lib/libros2_aruco_interfaces__rosidl_typesupport_introspection_cpp.so
[1.580s] -- Up-to-date: /home/cc/ee106a/fa25/class/ee106a-add/106A-CATCH/lab5/install/ros2_aruco_interfaces/lib/libros2_aruco_interfaces__rosidl_typesupport_cpp.so
[1.583s] -- Up-to-date: /home/cc/ee106a/fa25/class/ee106a-add/106A-CATCH/lab5/install/ros2_aruco_interfaces/share/ros2_aruco_interfaces/environment/pythonpath.sh
[1.584s] -- Up-to-date: /home/cc/ee106a/fa25/class/ee106a-add/106A-CATCH/lab5/install/ros2_aruco_interfaces/share/ros2_aruco_interfaces/environment/pythonpath.dsv
[1.585s] -- Up-to-date: /home/cc/ee106a/fa25/class/ee106a-add/106A-CATCH/lab5/install/ros2_aruco_interfaces/local/lib/python3.10/dist-packages/ros2_aruco_interfaces-0.1.0-py3.10.egg-info
[1.586s] -- Installing: /home/cc/ee106a/fa25/class/ee106a-add/106A-CATCH/lab5/install/ros2_aruco_interfaces/local/lib/python3.10/dist-packages/ros2_aruco_interfaces-0.1.0-py3.10.egg-info/PKG-INFO
[1.593s] -- Installing: /home/cc/ee106a/fa25/class/ee106a-add/106A-CATCH/lab5/install/ros2_aruco_interfaces/local/lib/python3.10/dist-packages/ros2_aruco_interfaces-0.1.0-py3.10.egg-info/dependency_links.txt
[1.601s] -- Installing: /home/cc/ee106a/fa25/class/ee106a-add/106A-CATCH/lab5/install/ros2_aruco_interfaces/local/lib/python3.10/dist-packages/ros2_aruco_interfaces-0.1.0-py3.10.egg-info/top_level.txt
[1.607s] -- Installing: /home/cc/ee106a/fa25/class/ee106a-add/106A-CATCH/lab5/install/ros2_aruco_interfaces/local/lib/python3.10/dist-packages/ros2_aruco_interfaces-0.1.0-py3.10.egg-info/SOURCES.txt
[1.613s] -- Up-to-date: /home/cc/ee106a/fa25/class/ee106a-add/106A-CATCH/lab5/install/ros2_aruco_interfaces/local/lib/python3.10/dist-packages/ros2_aruco_interfaces
[1.614s] -- Up-to-date: /home/cc/ee106a/fa25/class/ee106a-add/106A-CATCH/lab5/install/ros2_aruco_interfaces/local/lib/python3.10/dist-packages/ros2_aruco_interfaces/__init__.py
[1.615s] -- Up-to-date: /home/cc/ee106a/fa25/class/ee106a-add/106A-CATCH/lab5/install/ros2_aruco_interfaces/local/lib/python3.10/dist-packages/ros2_aruco_interfaces/msg
[1.617s] -- Up-to-date: /home/cc/ee106a/fa25/class/ee106a-add/106A-CATCH/lab5/install/ros2_aruco_interfaces/local/lib/python3.10/dist-packages/ros2_aruco_interfaces/msg/_aruco_markers.py
[1.617s] -- Up-to-date: /home/cc/ee106a/fa25/class/ee106a-add/106A-CATCH/lab5/install/ros2_aruco_interfaces/local/lib/python3.10/dist-packages/ros2_aruco_interfaces/msg/_aruco_markers_s.c
[1.618s] -- Up-to-date: /home/cc/ee106a/fa25/class/ee106a-add/106A-CATCH/lab5/install/ros2_aruco_interfaces/local/lib/python3.10/dist-packages/ros2_aruco_interfaces/msg/__init__.py
[1.619s] -- Up-to-date: /home/cc/ee106a/fa25/class/ee106a-add/106A-CATCH/lab5/install/ros2_aruco_interfaces/local/lib/python3.10/dist-packages/ros2_aruco_interfaces/_ros2_aruco_interfaces_s.ep.rosidl_typesupport_fastrtps_c.c
[1.619s] -- Up-to-date: /home/cc/ee106a/fa25/class/ee106a-add/106A-CATCH/lab5/install/ros2_aruco_interfaces/local/lib/python3.10/dist-packages/ros2_aruco_interfaces/_ros2_aruco_interfaces_s.ep.rosidl_typesupport_introspection_c.c
[1.620s] -- Up-to-date: /home/cc/ee106a/fa25/class/ee106a-add/106A-CATCH/lab5/install/ros2_aruco_interfaces/local/lib/python3.10/dist-packages/ros2_aruco_interfaces/_ros2_aruco_interfaces_s.ep.rosidl_typesupport_c.c
[1.621s] -- Up-to-date: /home/cc/ee106a/fa25/class/ee106a-add/106A-CATCH/lab5/install/ros2_aruco_interfaces/local/lib/python3.10/dist-packages/ros2_aruco_interfaces/libros2_aruco_interfaces__rosidl_generator_py.so
[1.622s] -- Up-to-date: /home/cc/ee106a/fa25/class/ee106a-add/106A-CATCH/lab5/install/ros2_aruco_interfaces/local/lib/python3.10/dist-packages/ros2_aruco_interfaces/ros2_aruco_interfaces_s__rosidl_typesupport_c.cpython-310-x86_64-linux-gnu.so
[1.622s] -- Up-to-date: /home/cc/ee106a/fa25/class/ee106a-add/106A-CATCH/lab5/install/ros2_aruco_interfaces/local/lib/python3.10/dist-packages/ros2_aruco_interfaces/ros2_aruco_interfaces_s__rosidl_typesupport_fastrtps_c.cpython-310-x86_64-linux-gnu.so
[1.623s] -- Up-to-date: /home/cc/ee106a/fa25/class/ee106a-add/106A-CATCH/lab5/install/ros2_aruco_interfaces/local/lib/python3.10/dist-packages/ros2_aruco_interfaces/ros2_aruco_interfaces_s__rosidl_typesupport_introspection_c.cpython-310-x86_64-linux-gnu.so
[1.667s] Listing '/home/cc/ee106a/fa25/class/ee106a-add/106A-CATCH/lab5/install/ros2_aruco_interfaces/local/lib/python3.10/dist-packages/ros2_aruco_interfaces'...
[1.667s] Listing '/home/cc/ee106a/fa25/class/ee106a-add/106A-CATCH/lab5/install/ros2_aruco_interfaces/local/lib/python3.10/dist-packages/ros2_aruco_interfaces/msg'...
[1.674s] -- Up-to-date: /home/cc/ee106a/fa25/class/ee106a-add/106A-CATCH/lab5/install/ros2_aruco_interfaces/local/lib/python3.10/dist-packages/ros2_aruco_interfaces/ros2_aruco_interfaces_s__rosidl_typesupport_fastrtps_c.cpython-310-x86_64-linux-gnu.so
[1.680s] -- Up-to-date: /home/cc/ee106a/fa25/class/ee106a-add/106A-CATCH/lab5/install/ros2_aruco_interfaces/local/lib/python3.10/dist-packages/ros2_aruco_interfaces/ros2_aruco_interfaces_s__rosidl_typesupport_introspection_c.cpython-310-x86_64-linux-gnu.so
[1.686s] -- Up-to-date: /home/cc/ee106a/fa25/class/ee106a-add/106A-CATCH/lab5/install/ros2_aruco_interfaces/local/lib/python3.10/dist-packages/ros2_aruco_interfaces/ros2_aruco_interfaces_s__rosidl_typesupport_c.cpython-310-x86_64-linux-gnu.so
[1.692s] -- Up-to-date: /home/cc/ee106a/fa25/class/ee106a-add/106A-CATCH/lab5/install/ros2_aruco_interfaces/lib/libros2_aruco_interfaces__rosidl_generator_py.so
[1.696s] -- Up-to-date: /home/cc/ee106a/fa25/class/ee106a-add/106A-CATCH/lab5/install/ros2_aruco_interfaces/share/ros2_aruco_interfaces/msg/ArucoMarkers.idl
[1.696s] -- Up-to-date: /home/cc/ee106a/fa25/class/ee106a-add/106A-CATCH/lab5/install/ros2_aruco_interfaces/share/ros2_aruco_interfaces/msg/ArucoMarkers.msg
[1.697s] -- Up-to-date: /home/cc/ee106a/fa25/class/ee106a-add/106A-CATCH/lab5/install/ros2_aruco_interfaces/share/ament_index/resource_index/package_run_dependencies/ros2_aruco_interfaces
[1.699s] -- Up-to-date: /home/cc/ee106a/fa25/class/ee106a-add/106A-CATCH/lab5/install/ros2_aruco_interfaces/share/ament_index/resource_index/parent_prefix_path/ros2_aruco_interfaces
[1.700s] -- Up-to-date: /home/cc/ee106a/fa25/class/ee106a-add/106A-CATCH/lab5/install/ros2_aruco_interfaces/share/ros2_aruco_interfaces/environment/ament_prefix_path.sh
[1.701s] -- Up-to-date: /home/cc/ee106a/fa25/class/ee106a-add/106A-CATCH/lab5/install/ros2_aruco_interfaces/share/ros2_aruco_interfaces/environment/ament_prefix_path.dsv
[1.701s] -- Up-to-date: /home/cc/ee106a/fa25/class/ee106a-add/106A-CATCH/lab5/install/ros2_aruco_interfaces/share/ros2_aruco_interfaces/environment/path.sh
[1.703s] -- Up-to-date: /home/cc/ee106a/fa25/class/ee106a-add/106A-CATCH/lab5/install/ros2_aruco_interfaces/share/ros2_aruco_interfaces/environment/path.dsv
[1.703s] -- Up-to-date: /home/cc/ee106a/fa25/class/ee106a-add/106A-CATCH/lab5/install/ros2_aruco_interfaces/share/ros2_aruco_interfaces/local_setup.bash
[1.704s] -- Up-to-date: /home/cc/ee106a/fa25/class/ee106a-add/106A-CATCH/lab5/install/ros2_aruco_interfaces/share/ros2_aruco_interfaces/local_setup.sh
[1.705s] -- Up-to-date: /home/cc/ee106a/fa25/class/ee106a-add/106A-CATCH/lab5/install/ros2_aruco_interfaces/share/ros2_aruco_interfaces/local_setup.zsh
[1.706s] -- Up-to-date: /home/cc/ee106a/fa25/class/ee106a-add/106A-CATCH/lab5/install/ros2_aruco_interfaces/share/ros2_aruco_interfaces/local_setup.dsv
[1.707s] -- Installing: /home/cc/ee106a/fa25/class/ee106a-add/106A-CATCH/lab5/install/ros2_aruco_interfaces/share/ros2_aruco_interfaces/package.dsv
[1.716s] -- Up-to-date: /home/cc/ee106a/fa25/class/ee106a-add/106A-CATCH/lab5/install/ros2_aruco_interfaces/share/ament_index/resource_index/packages/ros2_aruco_interfaces
[1.722s] -- Up-to-date: /home/cc/ee106a/fa25/class/ee106a-add/106A-CATCH/lab5/install/ros2_aruco_interfaces/share/ros2_aruco_interfaces/cmake/export_ros2_aruco_interfaces__rosidl_generator_cExport.cmake
[1.723s] -- Up-to-date: /home/cc/ee106a/fa25/class/ee106a-add/106A-CATCH/lab5/install/ros2_aruco_interfaces/share/ros2_aruco_interfaces/cmake/export_ros2_aruco_interfaces__rosidl_generator_cExport-noconfig.cmake
[1.727s] -- Up-to-date: /home/cc/ee106a/fa25/class/ee106a-add/106A-CATCH/lab5/install/ros2_aruco_interfaces/share/ros2_aruco_interfaces/cmake/export_ros2_aruco_interfaces__rosidl_typesupport_fastrtps_cExport.cmake
[1.728s] -- Up-to-date: /home/cc/ee106a/fa25/class/ee106a-add/106A-CATCH/lab5/install/ros2_aruco_interfaces/share/ros2_aruco_interfaces/cmake/export_ros2_aruco_interfaces__rosidl_typesupport_fastrtps_cExport-noconfig.cmake
[1.732s] -- Up-to-date: /home/cc/ee106a/fa25/class/ee106a-add/106A-CATCH/lab5/install/ros2_aruco_interfaces/share/ros2_aruco_interfaces/cmake/export_ros2_aruco_interfaces__rosidl_generator_cppExport.cmake
[1.735s] -- Up-to-date: /home/cc/ee106a/fa25/class/ee106a-add/106A-CATCH/lab5/install/ros2_aruco_interfaces/share/ros2_aruco_interfaces/cmake/export_ros2_aruco_interfaces__rosidl_typesupport_fastrtps_cppExport.cmake
[1.736s] -- Up-to-date: /home/cc/ee106a/fa25/class/ee106a-add/106A-CATCH/lab5/install/ros2_aruco_interfaces/share/ros2_aruco_interfaces/cmake/export_ros2_aruco_interfaces__rosidl_typesupport_fastrtps_cppExport-noconfig.cmake
[1.740s] -- Up-to-date: /home/cc/ee106a/fa25/class/ee106a-add/106A-CATCH/lab5/install/ros2_aruco_interfaces/share/ros2_aruco_interfaces/cmake/ros2_aruco_interfaces__rosidl_typesupport_introspection_cExport.cmake
[1.742s] -- Up-to-date: /home/cc/ee106a/fa25/class/ee106a-add/106A-CATCH/lab5/install/ros2_aruco_interfaces/share/ros2_aruco_interfaces/cmake/ros2_aruco_interfaces__rosidl_typesupport_introspection_cExport-noconfig.cmake
[1.745s] -- Up-to-date: /home/cc/ee106a/fa25/class/ee106a-add/106A-CATCH/lab5/install/ros2_aruco_interfaces/share/ros2_aruco_interfaces/cmake/ros2_aruco_interfaces__rosidl_typesupport_cExport.cmake
[1.746s] -- Up-to-date: /home/cc/ee106a/fa25/class/ee106a-add/106A-CATCH/lab5/install/ros2_aruco_interfaces/share/ros2_aruco_interfaces/cmake/ros2_aruco_interfaces__rosidl_typesupport_cExport-noconfig.cmake
[1.750s] -- Up-to-date: /home/cc/ee106a/fa25/class/ee106a-add/106A-CATCH/lab5/install/ros2_aruco_interfaces/share/ros2_aruco_interfaces/cmake/ros2_aruco_interfaces__rosidl_typesupport_introspection_cppExport.cmake
[1.751s] -- Up-to-date: /home/cc/ee106a/fa25/class/ee106a-add/106A-CATCH/lab5/install/ros2_aruco_interfaces/share/ros2_aruco_interfaces/cmake/ros2_aruco_interfaces__rosidl_typesupport_introspection_cppExport-noconfig.cmake
[1.754s] -- Up-to-date: /home/cc/ee106a/fa25/class/ee106a-add/106A-CATCH/lab5/install/ros2_aruco_interfaces/share/ros2_aruco_interfaces/cmake/ros2_aruco_interfaces__rosidl_typesupport_cppExport.cmake
[1.755s] -- Up-to-date: /home/cc/ee106a/fa25/class/ee106a-add/106A-CATCH/lab5/install/ros2_aruco_interfaces/share/ros2_aruco_interfaces/cmake/ros2_aruco_interfaces__rosidl_typesupport_cppExport-noconfig.cmake
[1.759s] -- Up-to-date: /home/cc/ee106a/fa25/class/ee106a-add/106A-CATCH/lab5/install/ros2_aruco_interfaces/share/ros2_aruco_interfaces/cmake/export_ros2_aruco_interfaces__rosidl_generator_pyExport.cmake
[1.761s] -- Up-to-date: /home/cc/ee106a/fa25/class/ee106a-add/106A-CATCH/lab5/install/ros2_aruco_interfaces/share/ros2_aruco_interfaces/cmake/export_ros2_aruco_interfaces__rosidl_generator_pyExport-noconfig.cmake
[1.761s] -- Up-to-date: /home/cc/ee106a/fa25/class/ee106a-add/106A-CATCH/lab5/install/ros2_aruco_interfaces/share/ros2_aruco_interfaces/cmake/rosidl_cmake-extras.cmake
[1.762s] -- Up-to-date: /home/cc/ee106a/fa25/class/ee106a-add/106A-CATCH/lab5/install/ros2_aruco_interfaces/share/ros2_aruco_interfaces/cmake/ament_cmake_export_dependencies-extras.cmake
[1.763s] -- Up-to-date: /home/cc/ee106a/fa25/class/ee106a-add/106A-CATCH/lab5/install/ros2_aruco_interfaces/share/ros2_aruco_interfaces/cmake/ament_cmake_export_include_directories-extras.cmake
[1.764s] -- Up-to-date: /home/cc/ee106a/fa25/class/ee106a-add/106A-CATCH/lab5/install/ros2_aruco_interfaces/share/ros2_aruco_interfaces/cmake/ament_cmake_export_libraries-extras.cmake
[1.764s] -- Up-to-date: /home/cc/ee106a/fa25/class/ee106a-add/106A-CATCH/lab5/install/ros2_aruco_interfaces/share/ros2_aruco_interfaces/cmake/ament_cmake_export_targets-extras.cmake
[1.765s] -- Up-to-date: /home/cc/ee106a/fa25/class/ee106a-add/106A-CATCH/lab5/install/ros2_aruco_interfaces/share/ros2_aruco_interfaces/cmake/rosidl_cmake_export_typesupport_targets-extras.cmake
[1.766s] -- Up-to-date: /home/cc/ee106a/fa25/class/ee106a-add/106A-CATCH/lab5/install/ros2_aruco_interfaces/share/ros2_aruco_interfaces/cmake/rosidl_cmake_export_typesupport_libraries-extras.cmake
[1.767s] -- Up-to-date: /home/cc/ee106a/fa25/class/ee106a-add/106A-CATCH/lab5/install/ros2_aruco_interfaces/share/ros2_aruco_interfaces/cmake/ros2_aruco_interfacesConfig.cmake
[1.768s] -- Up-to-date: /home/cc/ee106a/fa25/class/ee106a-add/106A-CATCH/lab5/install/ros2_aruco_interfaces/share/ros2_aruco_interfaces/cmake/ros2_aruco_interfacesConfig-version.cmake
[1.769s] -- Up-to-date: /home/cc/ee106a/fa25/class/ee106a-add/106A-CATCH/lab5/install/ros2_aruco_interfaces/share/ros2_aruco_interfaces/package.xml
[1.778s] Invoked command in '/home/cc/ee106a/fa25/class/ee106a-add/106A-CATCH/lab5/build/ros2_aruco_interfaces' returned '0': CMAKE_PREFIX_PATH=${CMAKE_PREFIX_PATH}:/home/cc/ee106a/fa25/class/ee106a-add/106A-CATCH/lab5/install/ros2_aruco:/home/cc/ee106a/fa25/class/ee106a-add/106A-CATCH/lab5/install/planning:/home/cc/ee106a/fa25/class/ee106a-add/106A-CATCH/lab5/install/perception:/home/ff/ee106a/robot_workspaces/ur/install/ur7e_utils:/opt/ros/humble /usr/bin/cmake --install /home/cc/ee106a/fa25/class/ee106a-add/106A-CATCH/lab5/build/ros2_aruco_interfaces
