[2.465s] Invoking command in '/home/cc/ee106a/fa25/class/ee106a-adb/106project/106a-CATCH/lab5/src/perception': PYTHONPATH=/home/cc/ee106a/fa25/class/ee106a-adb/106project/106a-CATCH/lab5/build/perception/prefix_override:/usr/lib/python3/dist-packages/colcon_core/task/python/colcon_distutils_commands:/home/cc/ee106a/fa25/class/ee106a-adb/106project/106a-CATCH/lab5/install/perception/lib/python3.10/site-packages:${PYTHONPATH} /usr/bin/python3 -W ignore:setup.py install is deprecated -W ignore:easy_install command is deprecated setup.py egg_info --egg-base ../../build/perception build --build-base /home/cc/ee106a/fa25/class/ee106a-adb/106project/106a-CATCH/lab5/build/perception/build install --record /home/cc/ee106a/fa25/class/ee106a-adb/106project/106a-CATCH/lab5/build/perception/install.log --single-version-externally-managed install_data
[2.871s] running egg_info
[2.872s] writing ../../build/perception/perception.egg-info/PKG-INFO
[2.875s] writing dependency_links to ../../build/perception/perception.egg-info/dependency_links.txt
[2.878s] writing entry points to ../../build/perception/perception.egg-info/entry_points.txt
[2.881s] writing requirements to ../../build/perception/perception.egg-info/requires.txt
[2.883s] writing top-level names to ../../build/perception/perception.egg-info/top_level.txt
[2.891s] reading manifest file '../../build/perception/perception.egg-info/SOURCES.txt'
[2.896s] writing manifest file '../../build/perception/perception.egg-info/SOURCES.txt'
[2.898s] running build
[2.898s] running build_py
[2.899s] running install
[2.900s] running install_lib
[2.904s] running install_data
[2.904s] running install_egg_info
[2.908s] removing '/home/cc/ee106a/fa25/class/ee106a-adb/106project/106a-CATCH/lab5/install/perception/lib/python3.10/site-packages/perception-0.0.0-py3.10.egg-info' (and everything under it)
[2.915s] Copying ../../build/perception/perception.egg-info to /home/cc/ee106a/fa25/class/ee106a-adb/106project/106a-CATCH/lab5/install/perception/lib/python3.10/site-packages/perception-0.0.0-py3.10.egg-info
[2.953s] running install_scripts
[2.988s] Installing ball_tracker script to /home/cc/ee106a/fa25/class/ee106a-adb/106project/106a-CATCH/lab5/install/perception/lib/perception
[2.990s] Installing color_identifier script to /home/cc/ee106a/fa25/class/ee106a-adb/106project/106a-CATCH/lab5/install/perception/lib/perception
[2.993s] Installing display_plane script to /home/cc/ee106a/fa25/class/ee106a-adb/106project/106a-CATCH/lab5/install/perception/lib/perception
[2.995s] Installing process_pointcloud script to /home/cc/ee106a/fa25/class/ee106a-adb/106project/106a-CATCH/lab5/install/perception/lib/perception
[2.998s] Installing show_hsv script to /home/cc/ee106a/fa25/class/ee106a-adb/106project/106a-CATCH/lab5/install/perception/lib/perception
[3.001s] Installing track_ball script to /home/cc/ee106a/fa25/class/ee106a-adb/106project/106a-CATCH/lab5/install/perception/lib/perception
[3.004s] writing list of installed files to '/home/cc/ee106a/fa25/class/ee106a-adb/106project/106a-CATCH/lab5/build/perception/install.log'
[3.082s] Invoked command in '/home/cc/ee106a/fa25/class/ee106a-adb/106project/106a-CATCH/lab5/src/perception' returned '0': PYTHONPATH=/home/cc/ee106a/fa25/class/ee106a-adb/106project/106a-CATCH/lab5/build/perception/prefix_override:/usr/lib/python3/dist-packages/colcon_core/task/python/colcon_distutils_commands:/home/cc/ee106a/fa25/class/ee106a-adb/106project/106a-CATCH/lab5/install/perception/lib/python3.10/site-packages:${PYTHONPATH} /usr/bin/python3 -W ignore:setup.py install is deprecated -W ignore:easy_install command is deprecated setup.py egg_info --egg-base ../../build/perception build --build-base /home/cc/ee106a/fa25/class/ee106a-adb/106project/106a-CATCH/lab5/build/perception/build install --record /home/cc/ee106a/fa25/class/ee106a-adb/106project/106a-CATCH/lab5/build/perception/install.log --single-version-externally-managed install_data
