[2.183s] Invoking command in '/home/cc/ee106a/fa25/class/ee106a-adb/106project/106a-CATCH/lab5/src/planning': PYTHONPATH=/home/cc/ee106a/fa25/class/ee106a-adb/106project/106a-CATCH/lab5/build/planning/prefix_override:/usr/lib/python3/dist-packages/colcon_core/task/python/colcon_distutils_commands:/home/cc/ee106a/fa25/class/ee106a-adb/106project/106a-CATCH/lab5/install/planning/lib/python3.10/site-packages:${PYTHONPATH} /usr/bin/python3 -W ignore:setup.py install is deprecated -W ignore:easy_install command is deprecated setup.py egg_info --egg-base ../../build/planning build --build-base /home/cc/ee106a/fa25/class/ee106a-adb/106project/106a-CATCH/lab5/build/planning/build install --record /home/cc/ee106a/fa25/class/ee106a-adb/106project/106a-CATCH/lab5/build/planning/install.log --single-version-externally-managed install_data
[2.630s] running egg_info
[2.631s] writing ../../build/planning/planning.egg-info/PKG-INFO
[2.634s] writing dependency_links to ../../build/planning/planning.egg-info/dependency_links.txt
[2.637s] writing entry points to ../../build/planning/planning.egg-info/entry_points.txt
[2.641s] writing requirements to ../../build/planning/planning.egg-info/requires.txt
[2.643s] writing top-level names to ../../build/planning/planning.egg-info/top_level.txt
[2.651s] reading manifest file '../../build/planning/planning.egg-info/SOURCES.txt'
[2.656s] writing manifest file '../../build/planning/planning.egg-info/SOURCES.txt'
[2.658s] running build
[2.658s] running build_py
[2.661s] copying planning/pyroki_ik_planner.py -> /home/cc/ee106a/fa25/class/ee106a-adb/106project/106a-CATCH/lab5/build/planning/build/lib/planning
[2.666s] running install
[2.666s] running install_lib
[2.670s] copying /home/cc/ee106a/fa25/class/ee106a-adb/106project/106a-CATCH/lab5/build/planning/build/lib/planning/pyroki_ik_planner.py -> /home/cc/ee106a/fa25/class/ee106a-adb/106project/106a-CATCH/lab5/install/planning/lib/python3.10/site-packages/planning
[2.682s] byte-compiling /home/cc/ee106a/fa25/class/ee106a-adb/106project/106a-CATCH/lab5/install/planning/lib/python3.10/site-packages/planning/pyroki_ik_planner.py to pyroki_ik_planner.cpython-310.pyc
[2.692s] running install_data
[2.692s] running install_egg_info
[2.697s] removing '/home/cc/ee106a/fa25/class/ee106a-adb/106project/106a-CATCH/lab5/install/planning/lib/python3.10/site-packages/planning-0.0.0-py3.10.egg-info' (and everything under it)
[2.702s] Copying ../../build/planning/planning.egg-info to /home/cc/ee106a/fa25/class/ee106a-adb/106project/106a-CATCH/lab5/install/planning/lib/python3.10/site-packages/planning-0.0.0-py3.10.egg-info
[2.732s] running install_scripts
[2.752s] Installing ball_catcher_node script to /home/cc/ee106a/fa25/class/ee106a-adb/106project/106a-CATCH/lab5/install/planning/lib/planning
[2.754s] Installing basic_IK script to /home/cc/ee106a/fa25/class/ee106a-adb/106project/106a-CATCH/lab5/install/planning/lib/planning
[2.756s] Installing current_pos script to /home/cc/ee106a/fa25/class/ee106a-adb/106project/106a-CATCH/lab5/install/planning/lib/planning
[2.758s] Installing debug_catcher script to /home/cc/ee106a/fa25/class/ee106a-adb/106project/106a-CATCH/lab5/install/planning/lib/planning
[2.761s] Installing main script to /home/cc/ee106a/fa25/class/ee106a-adb/106project/106a-CATCH/lab5/install/planning/lib/planning
[2.763s] Installing publish_ball script to /home/cc/ee106a/fa25/class/ee106a-adb/106project/106a-CATCH/lab5/install/planning/lib/planning
[2.765s] Installing pyroki_test script to /home/cc/ee106a/fa25/class/ee106a-adb/106project/106a-CATCH/lab5/install/planning/lib/planning
[2.768s] Installing robot_control script to /home/cc/ee106a/fa25/class/ee106a-adb/106project/106a-CATCH/lab5/install/planning/lib/planning
[2.770s] Installing single_pos script to /home/cc/ee106a/fa25/class/ee106a-adb/106project/106a-CATCH/lab5/install/planning/lib/planning
[2.772s] Installing tf script to /home/cc/ee106a/fa25/class/ee106a-adb/106project/106a-CATCH/lab5/install/planning/lib/planning
[2.775s] Installing topic_catcher script to /home/cc/ee106a/fa25/class/ee106a-adb/106project/106a-CATCH/lab5/install/planning/lib/planning
[2.778s] writing list of installed files to '/home/cc/ee106a/fa25/class/ee106a-adb/106project/106a-CATCH/lab5/build/planning/install.log'
[2.829s] Invoked command in '/home/cc/ee106a/fa25/class/ee106a-adb/106project/106a-CATCH/lab5/src/planning' returned '0': PYTHONPATH=/home/cc/ee106a/fa25/class/ee106a-adb/106project/106a-CATCH/lab5/build/planning/prefix_override:/usr/lib/python3/dist-packages/colcon_core/task/python/colcon_distutils_commands:/home/cc/ee106a/fa25/class/ee106a-adb/106project/106a-CATCH/lab5/install/planning/lib/python3.10/site-packages:${PYTHONPATH} /usr/bin/python3 -W ignore:setup.py install is deprecated -W ignore:easy_install command is deprecated setup.py egg_info --egg-base ../../build/planning build --build-base /home/cc/ee106a/fa25/class/ee106a-adb/106project/106a-CATCH/lab5/build/planning/build install --record /home/cc/ee106a/fa25/class/ee106a-adb/106project/106a-CATCH/lab5/build/planning/install.log --single-version-externally-managed install_data
