[1.666s] Invoking command in '/home/cc/ee106a/fa25/class/ee106a-adb/106project/106a-CATCH/lab5/src/planning': PYTHONPATH=/home/cc/ee106a/fa25/class/ee106a-adb/106project/106a-CATCH/lab5/build/planning/prefix_override:/usr/lib/python3/dist-packages/colcon_core/task/python/colcon_distutils_commands:/home/cc/ee106a/fa25/class/ee106a-adb/106project/106a-CATCH/lab5/install/planning/lib/python3.10/site-packages:${PYTHONPATH} /usr/bin/python3 -W ignore:setup.py install is deprecated -W ignore:easy_install command is deprecated setup.py egg_info --egg-base ../../build/planning build --build-base /home/cc/ee106a/fa25/class/ee106a-adb/106project/106a-CATCH/lab5/build/planning/build install --record /home/cc/ee106a/fa25/class/ee106a-adb/106project/106a-CATCH/lab5/build/planning/install.log --single-version-externally-managed install_data
[2.007s] running egg_info
[2.007s] writing ../../build/planning/planning.egg-info/PKG-INFO
[2.011s] writing dependency_links to ../../build/planning/planning.egg-info/dependency_links.txt
[2.014s] writing entry points to ../../build/planning/planning.egg-info/entry_points.txt
[2.017s] writing requirements to ../../build/planning/planning.egg-info/requires.txt
[2.020s] writing top-level names to ../../build/planning/planning.egg-info/top_level.txt
[2.030s] reading manifest file '../../build/planning/planning.egg-info/SOURCES.txt'
[2.033s] writing manifest file '../../build/planning/planning.egg-info/SOURCES.txt'
[2.036s] running build
[2.036s] running build_py
[2.036s] copying planning/debug_ball_catcher.py -> /home/cc/ee106a/fa25/class/ee106a-adb/106project/106a-CATCH/lab5/build/planning/build/lib/planning
[2.041s] running install
[2.042s] running install_lib
[2.044s] copying /home/cc/ee106a/fa25/class/ee106a-adb/106project/106a-CATCH/lab5/build/planning/build/lib/planning/debug_ball_catcher.py -> /home/cc/ee106a/fa25/class/ee106a-adb/106project/106a-CATCH/lab5/install/planning/lib/python3.10/site-packages/planning
[2.051s] byte-compiling /home/cc/ee106a/fa25/class/ee106a-adb/106project/106a-CATCH/lab5/install/planning/lib/python3.10/site-packages/planning/debug_ball_catcher.py to debug_ball_catcher.cpython-310.pyc
[2.059s] running install_data
[2.059s] running install_egg_info
[2.061s] removing '/home/cc/ee106a/fa25/class/ee106a-adb/106project/106a-CATCH/lab5/install/planning/lib/python3.10/site-packages/planning-0.0.0-py3.10.egg-info' (and everything under it)
[2.067s] Copying ../../build/planning/planning.egg-info to /home/cc/ee106a/fa25/class/ee106a-adb/106project/106a-CATCH/lab5/install/planning/lib/python3.10/site-packages/planning-0.0.0-py3.10.egg-info
[2.102s] running install_scripts
[2.126s] Installing ball_catcher_node script to /home/cc/ee106a/fa25/class/ee106a-adb/106project/106a-CATCH/lab5/install/planning/lib/planning
[2.129s] Installing current_pos script to /home/cc/ee106a/fa25/class/ee106a-adb/106project/106a-CATCH/lab5/install/planning/lib/planning
[2.132s] Installing debug_catcher script to /home/cc/ee106a/fa25/class/ee106a-adb/106project/106a-CATCH/lab5/install/planning/lib/planning
[2.134s] Installing main script to /home/cc/ee106a/fa25/class/ee106a-adb/106project/106a-CATCH/lab5/install/planning/lib/planning
[2.137s] Installing publish_ball script to /home/cc/ee106a/fa25/class/ee106a-adb/106project/106a-CATCH/lab5/install/planning/lib/planning
[2.140s] Installing pyroki_moveit script to /home/cc/ee106a/fa25/class/ee106a-adb/106project/106a-CATCH/lab5/install/planning/lib/planning
[2.147s] Installing pyroki_test script to /home/cc/ee106a/fa25/class/ee106a-adb/106project/106a-CATCH/lab5/install/planning/lib/planning
[2.147s] Installing robot_control script to /home/cc/ee106a/fa25/class/ee106a-adb/106project/106a-CATCH/lab5/install/planning/lib/planning
[2.149s] Installing single_pos script to /home/cc/ee106a/fa25/class/ee106a-adb/106project/106a-CATCH/lab5/install/planning/lib/planning
[2.152s] Installing tf script to /home/cc/ee106a/fa25/class/ee106a-adb/106project/106a-CATCH/lab5/install/planning/lib/planning
[2.154s] Installing topic_catcher script to /home/cc/ee106a/fa25/class/ee106a-adb/106project/106a-CATCH/lab5/install/planning/lib/planning
[2.157s] writing list of installed files to '/home/cc/ee106a/fa25/class/ee106a-adb/106project/106a-CATCH/lab5/build/planning/install.log'
[2.178s] Invoked command in '/home/cc/ee106a/fa25/class/ee106a-adb/106project/106a-CATCH/lab5/src/planning' returned '0': PYTHONPATH=/home/cc/ee106a/fa25/class/ee106a-adb/106project/106a-CATCH/lab5/build/planning/prefix_override:/usr/lib/python3/dist-packages/colcon_core/task/python/colcon_distutils_commands:/home/cc/ee106a/fa25/class/ee106a-adb/106project/106a-CATCH/lab5/install/planning/lib/python3.10/site-packages:${PYTHONPATH} /usr/bin/python3 -W ignore:setup.py install is deprecated -W ignore:easy_install command is deprecated setup.py egg_info --egg-base ../../build/planning build --build-base /home/cc/ee106a/fa25/class/ee106a-adb/106project/106a-CATCH/lab5/build/planning/build install --record /home/cc/ee106a/fa25/class/ee106a-adb/106project/106a-CATCH/lab5/build/planning/install.log --single-version-externally-managed install_data
