[2.172s] Invoking command in '/home/cc/ee106a/fa25/class/ee106a-add/106A-CATCH/lab5/src/planning': PYTHONPATH=/home/cc/ee106a/fa25/class/ee106a-add/106A-CATCH/lab5/build/planning/prefix_override:/usr/lib/python3/dist-packages/colcon_core/task/python/colcon_distutils_commands:/home/cc/ee106a/fa25/class/ee106a-add/106A-CATCH/lab5/install/planning/lib/python3.10/site-packages:${PYTHONPATH} /usr/bin/python3 -W ignore:setup.py install is deprecated -W ignore:easy_install command is deprecated setup.py egg_info --egg-base ../../build/planning build --build-base /home/cc/ee106a/fa25/class/ee106a-add/106A-CATCH/lab5/build/planning/build install --record /home/cc/ee106a/fa25/class/ee106a-add/106A-CATCH/lab5/build/planning/install.log --single-version-externally-managed install_data
[2.581s] running egg_info
[2.582s] writing ../../build/planning/planning.egg-info/PKG-INFO
[2.587s] writing dependency_links to ../../build/planning/planning.egg-info/dependency_links.txt
[2.589s] writing entry points to ../../build/planning/planning.egg-info/entry_points.txt
[2.592s] writing requirements to ../../build/planning/planning.egg-info/requires.txt
[2.595s] writing top-level names to ../../build/planning/planning.egg-info/top_level.txt
[2.603s] reading manifest file '../../build/planning/planning.egg-info/SOURCES.txt'
[2.606s] writing manifest file '../../build/planning/planning.egg-info/SOURCES.txt'
[2.608s] running build
[2.609s] running build_py
[2.611s] running install
[2.612s] running install_lib
[2.618s] running install_data
[2.619s] running install_egg_info
[2.623s] removing '/home/cc/ee106a/fa25/class/ee106a-add/106A-CATCH/lab5/install/planning/lib/python3.10/site-packages/planning-0.0.0-py3.10.egg-info' (and everything under it)
[2.630s] Copying ../../build/planning/planning.egg-info to /home/cc/ee106a/fa25/class/ee106a-add/106A-CATCH/lab5/install/planning/lib/python3.10/site-packages/planning-0.0.0-py3.10.egg-info
[2.672s] running install_scripts
[2.693s] Installing main script to /home/cc/ee106a/fa25/class/ee106a-add/106A-CATCH/lab5/install/planning/lib/planning
[2.699s] Installing tf script to /home/cc/ee106a/fa25/class/ee106a-add/106A-CATCH/lab5/install/planning/lib/planning
[2.699s] writing list of installed files to '/home/cc/ee106a/fa25/class/ee106a-add/106A-CATCH/lab5/build/planning/install.log'
[2.753s] Invoked command in '/home/cc/ee106a/fa25/class/ee106a-add/106A-CATCH/lab5/src/planning' returned '0': PYTHONPATH=/home/cc/ee106a/fa25/class/ee106a-add/106A-CATCH/lab5/build/planning/prefix_override:/usr/lib/python3/dist-packages/colcon_core/task/python/colcon_distutils_commands:/home/cc/ee106a/fa25/class/ee106a-add/106A-CATCH/lab5/install/planning/lib/python3.10/site-packages:${PYTHONPATH} /usr/bin/python3 -W ignore:setup.py install is deprecated -W ignore:easy_install command is deprecated setup.py egg_info --egg-base ../../build/planning build --build-base /home/cc/ee106a/fa25/class/ee106a-add/106A-CATCH/lab5/build/planning/build install --record /home/cc/ee106a/fa25/class/ee106a-add/106A-CATCH/lab5/build/planning/install.log --single-version-externally-managed install_data
