[1.264s] Invoking command in '/home/cc/ee106a/fa25/class/ee106a-adb/106project/106a-CATCH/lab5/build/ros2_aruco_interfaces': CMAKE_PREFIX_PATH=${CMAKE_PREFIX_PATH}:/home/cc/ee106a/fa25/class/ee106a-adb/106project/106a-CATCH/lab5/install/ros2_aruco:/home/cc/ee106a/fa25/class/ee106a-adb/106project/106a-CATCH/lab5/install/planning:/home/cc/ee106a/fa25/class/ee106a-adb/106project/106a-CATCH/lab5/install/perception:/home/cc/ee106a/fa25/class/ee106a-adb/106project/106a-CATCH/install/ros2_aruco:/home/cc/ee106a/fa25/class/ee106a-adb/106project/106a-CATCH/install/planning:/home/cc/ee106a/fa25/class/ee106a-adb/106project/106a-CATCH/install/perception:/home/ff/ee106a/robot_workspaces/ur/install/ur7e_utils:/opt/ros/humble /usr/bin/cmake --build /home/cc/ee106a/fa25/class/ee106a-adb/106project/106a-CATCH/lab5/build/ros2_aruco_interfaces -- -j32 -l32
[1.401s] [  6%] Built target ros2_aruco_interfaces__cpp
[1.405s] [ 12%] Built target ros2_aruco_interfaces__rosidl_generator_c
[1.506s] [ 22%] Built target ros2_aruco_interfaces__rosidl_typesupport_cpp
[1.540s] [ 48%] Built target ros2_aruco_interfaces__rosidl_typesupport_introspection_c
[1.542s] [ 48%] Built target ros2_aruco_interfaces__rosidl_typesupport_introspection_cpp
[1.544s] [ 58%] Built target ament_cmake_python_copy_ros2_aruco_interfaces
[1.548s] [ 70%] Built target ros2_aruco_interfaces__rosidl_typesupport_fastrtps_cpp
[1.549s] [ 70%] Built target ros2_aruco_interfaces__rosidl_typesupport_fastrtps_c
[1.549s] [ 70%] Built target ros2_aruco_interfaces__rosidl_typesupport_c
[1.628s] [ 70%] Built target ros2_aruco_interfaces
[1.683s] [ 74%] Built target ros2_aruco_interfaces__py
[1.729s] [ 80%] Built target ros2_aruco_interfaces__rosidl_generator_py
[1.813s] [ 96%] Built target ros2_aruco_interfaces__rosidl_typesupport_fastrtps_c__pyext
[1.813s] [ 96%] Built target ros2_aruco_interfaces__rosidl_typesupport_introspection_c__pyext
[1.815s] [100%] Built target ros2_aruco_interfaces__rosidl_typesupport_c__pyext
[2.125s] running egg_info
[2.126s] writing ros2_aruco_interfaces.egg-info/PKG-INFO
[2.130s] writing dependency_links to ros2_aruco_interfaces.egg-info/dependency_links.txt
[2.133s] writing top-level names to ros2_aruco_interfaces.egg-info/top_level.txt
[2.139s] reading manifest file 'ros2_aruco_interfaces.egg-info/SOURCES.txt'
[2.142s] writing manifest file 'ros2_aruco_interfaces.egg-info/SOURCES.txt'
[2.171s] [100%] Built target ament_cmake_python_build_ros2_aruco_interfaces_egg
[2.210s] Invoked command in '/home/cc/ee106a/fa25/class/ee106a-adb/106project/106a-CATCH/lab5/build/ros2_aruco_interfaces' returned '0': CMAKE_PREFIX_PATH=${CMAKE_PREFIX_PATH}:/home/cc/ee106a/fa25/class/ee106a-adb/106project/106a-CATCH/lab5/install/ros2_aruco:/home/cc/ee106a/fa25/class/ee106a-adb/106project/106a-CATCH/lab5/install/planning:/home/cc/ee106a/fa25/class/ee106a-adb/106project/106a-CATCH/lab5/install/perception:/home/cc/ee106a/fa25/class/ee106a-adb/106project/106a-CATCH/install/ros2_aruco:/home/cc/ee106a/fa25/class/ee106a-adb/106project/106a-CATCH/install/planning:/home/cc/ee106a/fa25/class/ee106a-adb/106project/106a-CATCH/install/perception:/home/ff/ee106a/robot_workspaces/ur/install/ur7e_utils:/opt/ros/humble /usr/bin/cmake --build /home/cc/ee106a/fa25/class/ee106a-adb/106project/106a-CATCH/lab5/build/ros2_aruco_interfaces -- -j32 -l32
[2.225s] Invoking command in '/home/cc/ee106a/fa25/class/ee106a-adb/106project/106a-CATCH/lab5/build/ros2_aruco_interfaces': CMAKE_PREFIX_PATH=${CMAKE_PREFIX_PATH}:/home/cc/ee106a/fa25/class/ee106a-adb/106project/106a-CATCH/lab5/install/ros2_aruco:/home/cc/ee106a/fa25/class/ee106a-adb/106project/106a-CATCH/lab5/install/planning:/home/cc/ee106a/fa25/class/ee106a-adb/106project/106a-CATCH/lab5/install/perception:/home/cc/ee106a/fa25/class/ee106a-adb/106project/106a-CATCH/install/ros2_aruco:/home/cc/ee106a/fa25/class/ee106a-adb/106project/106a-CATCH/install/planning:/home/cc/ee106a/fa25/class/ee106a-adb/106project/106a-CATCH/install/perception:/home/ff/ee106a/robot_workspaces/ur/install/ur7e_utils:/opt/ros/humble /usr/bin/cmake --install /home/cc/ee106a/fa25/class/ee106a-adb/106project/106a-CATCH/lab5/build/ros2_aruco_interfaces
[2.241s] -- Install configuration: ""
[2.241s] -- Up-to-date: /home/cc/ee106a/fa25/class/ee106a-adb/106project/106a-CATCH/lab5/install/ros2_aruco_interfaces/share/ament_index/resource_index/rosidl_interfaces/ros2_aruco_interfaces
[2.242s] -- Up-to-date: /home/cc/ee106a/fa25/class/ee106a-adb/106project/106a-CATCH/lab5/install/ros2_aruco_interfaces/include/ros2_aruco_interfaces/ros2_aruco_interfaces
[2.243s] -- Up-to-date: /home/cc/ee106a/fa25/class/ee106a-adb/106project/106a-CATCH/lab5/install/ros2_aruco_interfaces/include/ros2_aruco_interfaces/ros2_aruco_interfaces/msg
[2.244s] -- Up-to-date: /home/cc/ee106a/fa25/class/ee106a-adb/106project/106a-CATCH/lab5/install/ros2_aruco_interfaces/include/ros2_aruco_interfaces/ros2_aruco_interfaces/msg/aruco_markers.h
[2.245s] -- Up-to-date: /home/cc/ee106a/fa25/class/ee106a-adb/106project/106a-CATCH/lab5/install/ros2_aruco_interfaces/include/ros2_aruco_interfaces/ros2_aruco_interfaces/msg/rosidl_generator_c__visibility_control.h
[2.246s] -- Up-to-date: /home/cc/ee106a/fa25/class/ee106a-adb/106project/106a-CATCH/lab5/install/ros2_aruco_interfaces/include/ros2_aruco_interfaces/ros2_aruco_interfaces/msg/detail
[2.247s] -- Up-to-date: /home/cc/ee106a/fa25/class/ee106a-adb/106project/106a-CATCH/lab5/install/ros2_aruco_interfaces/include/ros2_aruco_interfaces/ros2_aruco_interfaces/msg/detail/aruco_markers__functions.c
[2.247s] -- Up-to-date: /home/cc/ee106a/fa25/class/ee106a-adb/106project/106a-CATCH/lab5/install/ros2_aruco_interfaces/include/ros2_aruco_interfaces/ros2_aruco_interfaces/msg/detail/aruco_markers__functions.h
[2.248s] -- Up-to-date: /home/cc/ee106a/fa25/class/ee106a-adb/106project/106a-CATCH/lab5/install/ros2_aruco_interfaces/include/ros2_aruco_interfaces/ros2_aruco_interfaces/msg/detail/aruco_markers__struct.h
[2.249s] -- Up-to-date: /home/cc/ee106a/fa25/class/ee106a-adb/106project/106a-CATCH/lab5/install/ros2_aruco_interfaces/include/ros2_aruco_interfaces/ros2_aruco_interfaces/msg/detail/aruco_markers__type_support.h
[2.250s] -- Up-to-date: /home/cc/ee106a/fa25/class/ee106a-adb/106project/106a-CATCH/lab5/install/ros2_aruco_interfaces/share/ros2_aruco_interfaces/environment/library_path.sh
[2.251s] -- Up-to-date: /home/cc/ee106a/fa25/class/ee106a-adb/106project/106a-CATCH/lab5/install/ros2_aruco_interfaces/share/ros2_aruco_interfaces/environment/library_path.dsv
[2.252s] -- Up-to-date: /home/cc/ee106a/fa25/class/ee106a-adb/106project/106a-CATCH/lab5/install/ros2_aruco_interfaces/lib/libros2_aruco_interfaces__rosidl_generator_c.so
[2.256s] -- Up-to-date: /home/cc/ee106a/fa25/class/ee106a-adb/106project/106a-CATCH/lab5/install/ros2_aruco_interfaces/include/ros2_aruco_interfaces/ros2_aruco_interfaces
[2.257s] -- Up-to-date: /home/cc/ee106a/fa25/class/ee106a-adb/106project/106a-CATCH/lab5/install/ros2_aruco_interfaces/include/ros2_aruco_interfaces/ros2_aruco_interfaces/msg
[2.258s] -- Up-to-date: /home/cc/ee106a/fa25/class/ee106a-adb/106project/106a-CATCH/lab5/install/ros2_aruco_interfaces/include/ros2_aruco_interfaces/ros2_aruco_interfaces/msg/detail
[2.259s] -- Up-to-date: /home/cc/ee106a/fa25/class/ee106a-adb/106project/106a-CATCH/lab5/install/ros2_aruco_interfaces/include/ros2_aruco_interfaces/ros2_aruco_interfaces/msg/detail/aruco_markers__rosidl_typesupport_fastrtps_c.h
[2.260s] -- Up-to-date: /home/cc/ee106a/fa25/class/ee106a-adb/106project/106a-CATCH/lab5/install/ros2_aruco_interfaces/include/ros2_aruco_interfaces/ros2_aruco_interfaces/msg/rosidl_typesupport_fastrtps_c__visibility_control.h
[2.261s] -- Up-to-date: /home/cc/ee106a/fa25/class/ee106a-adb/106project/106a-CATCH/lab5/install/ros2_aruco_interfaces/lib/libros2_aruco_interfaces__rosidl_typesupport_fastrtps_c.so
[2.264s] -- Up-to-date: /home/cc/ee106a/fa25/class/ee106a-adb/106project/106a-CATCH/lab5/install/ros2_aruco_interfaces/include/ros2_aruco_interfaces/ros2_aruco_interfaces
[2.266s] -- Up-to-date: /home/cc/ee106a/fa25/class/ee106a-adb/106project/106a-CATCH/lab5/install/ros2_aruco_interfaces/include/ros2_aruco_interfaces/ros2_aruco_interfaces/msg
[2.267s] -- Up-to-date: /home/cc/ee106a/fa25/class/ee106a-adb/106project/106a-CATCH/lab5/install/ros2_aruco_interfaces/include/ros2_aruco_interfaces/ros2_aruco_interfaces/msg/aruco_markers.hpp
[2.268s] -- Up-to-date: /home/cc/ee106a/fa25/class/ee106a-adb/106project/106a-CATCH/lab5/install/ros2_aruco_interfaces/include/ros2_aruco_interfaces/ros2_aruco_interfaces/msg/rosidl_generator_cpp__visibility_control.hpp
[2.269s] -- Up-to-date: /home/cc/ee106a/fa25/class/ee106a-adb/106project/106a-CATCH/lab5/install/ros2_aruco_interfaces/include/ros2_aruco_interfaces/ros2_aruco_interfaces/msg/detail
[2.270s] -- Up-to-date: /home/cc/ee106a/fa25/class/ee106a-adb/106project/106a-CATCH/lab5/install/ros2_aruco_interfaces/include/ros2_aruco_interfaces/ros2_aruco_interfaces/msg/detail/aruco_markers__builder.hpp
[2.270s] -- Up-to-date: /home/cc/ee106a/fa25/class/ee106a-adb/106project/106a-CATCH/lab5/install/ros2_aruco_interfaces/include/ros2_aruco_interfaces/ros2_aruco_interfaces/msg/detail/aruco_markers__struct.hpp
[2.271s] -- Up-to-date: /home/cc/ee106a/fa25/class/ee106a-adb/106project/106a-CATCH/lab5/install/ros2_aruco_interfaces/include/ros2_aruco_interfaces/ros2_aruco_interfaces/msg/detail/aruco_markers__traits.hpp
[2.272s] -- Up-to-date: /home/cc/ee106a/fa25/class/ee106a-adb/106project/106a-CATCH/lab5/install/ros2_aruco_interfaces/include/ros2_aruco_interfaces/ros2_aruco_interfaces/msg/detail/aruco_markers__type_support.hpp
[2.272s] -- Up-to-date: /home/cc/ee106a/fa25/class/ee106a-adb/106project/106a-CATCH/lab5/install/ros2_aruco_interfaces/include/ros2_aruco_interfaces/ros2_aruco_interfaces
[2.273s] -- Up-to-date: /home/cc/ee106a/fa25/class/ee106a-adb/106project/106a-CATCH/lab5/install/ros2_aruco_interfaces/include/ros2_aruco_interfaces/ros2_aruco_interfaces/msg
[2.274s] -- Up-to-date: /home/cc/ee106a/fa25/class/ee106a-adb/106project/106a-CATCH/lab5/install/ros2_aruco_interfaces/include/ros2_aruco_interfaces/ros2_aruco_interfaces/msg/detail
[2.275s] -- Up-to-date: /home/cc/ee106a/fa25/class/ee106a-adb/106project/106a-CATCH/lab5/install/ros2_aruco_interfaces/include/ros2_aruco_interfaces/ros2_aruco_interfaces/msg/detail/aruco_markers__rosidl_typesupport_fastrtps_cpp.hpp
[2.276s] -- Up-to-date: /home/cc/ee106a/fa25/class/ee106a-adb/106project/106a-CATCH/lab5/install/ros2_aruco_interfaces/include/ros2_aruco_interfaces/ros2_aruco_interfaces/msg/detail/dds_fastrtps
[2.277s] -- Up-to-date: /home/cc/ee106a/fa25/class/ee106a-adb/106project/106a-CATCH/lab5/install/ros2_aruco_interfaces/include/ros2_aruco_interfaces/ros2_aruco_interfaces/msg/rosidl_typesupport_fastrtps_cpp__visibility_control.h
[2.278s] -- Up-to-date: /home/cc/ee106a/fa25/class/ee106a-adb/106project/106a-CATCH/lab5/install/ros2_aruco_interfaces/lib/libros2_aruco_interfaces__rosidl_typesupport_fastrtps_cpp.so
[2.282s] -- Up-to-date: /home/cc/ee106a/fa25/class/ee106a-adb/106project/106a-CATCH/lab5/install/ros2_aruco_interfaces/include/ros2_aruco_interfaces/ros2_aruco_interfaces
[2.283s] -- Up-to-date: /home/cc/ee106a/fa25/class/ee106a-adb/106project/106a-CATCH/lab5/install/ros2_aruco_interfaces/include/ros2_aruco_interfaces/ros2_aruco_interfaces/msg
[2.284s] -- Up-to-date: /home/cc/ee106a/fa25/class/ee106a-adb/106project/106a-CATCH/lab5/install/ros2_aruco_interfaces/include/ros2_aruco_interfaces/ros2_aruco_interfaces/msg/detail
[2.285s] -- Up-to-date: /home/cc/ee106a/fa25/class/ee106a-adb/106project/106a-CATCH/lab5/install/ros2_aruco_interfaces/include/ros2_aruco_interfaces/ros2_aruco_interfaces/msg/detail/aruco_markers__rosidl_typesupport_introspection_c.h
[2.286s] -- Up-to-date: /home/cc/ee106a/fa25/class/ee106a-adb/106project/106a-CATCH/lab5/install/ros2_aruco_interfaces/include/ros2_aruco_interfaces/ros2_aruco_interfaces/msg/detail/aruco_markers__type_support.c
[2.287s] -- Up-to-date: /home/cc/ee106a/fa25/class/ee106a-adb/106project/106a-CATCH/lab5/install/ros2_aruco_interfaces/include/ros2_aruco_interfaces/ros2_aruco_interfaces/msg/rosidl_typesupport_introspection_c__visibility_control.h
[2.289s] -- Up-to-date: /home/cc/ee106a/fa25/class/ee106a-adb/106project/106a-CATCH/lab5/install/ros2_aruco_interfaces/lib/libros2_aruco_interfaces__rosidl_typesupport_introspection_c.so
[2.295s] -- Up-to-date: /home/cc/ee106a/fa25/class/ee106a-adb/106project/106a-CATCH/lab5/install/ros2_aruco_interfaces/lib/libros2_aruco_interfaces__rosidl_typesupport_c.so
[2.297s] -- Up-to-date: /home/cc/ee106a/fa25/class/ee106a-adb/106project/106a-CATCH/lab5/install/ros2_aruco_interfaces/include/ros2_aruco_interfaces/ros2_aruco_interfaces
[2.299s] -- Up-to-date: /home/cc/ee106a/fa25/class/ee106a-adb/106project/106a-CATCH/lab5/install/ros2_aruco_interfaces/include/ros2_aruco_interfaces/ros2_aruco_interfaces/msg
[2.300s] -- Up-to-date: /home/cc/ee106a/fa25/class/ee106a-adb/106project/106a-CATCH/lab5/install/ros2_aruco_interfaces/include/ros2_aruco_interfaces/ros2_aruco_interfaces/msg/detail
[2.301s] -- Up-to-date: /home/cc/ee106a/fa25/class/ee106a-adb/106project/106a-CATCH/lab5/install/ros2_aruco_interfaces/include/ros2_aruco_interfaces/ros2_aruco_interfaces/msg/detail/aruco_markers__rosidl_typesupport_introspection_cpp.hpp
[2.302s] -- Up-to-date: /home/cc/ee106a/fa25/class/ee106a-adb/106project/106a-CATCH/lab5/install/ros2_aruco_interfaces/include/ros2_aruco_interfaces/ros2_aruco_interfaces/msg/detail/aruco_markers__type_support.cpp
[2.305s] -- Up-to-date: /home/cc/ee106a/fa25/class/ee106a-adb/106project/106a-CATCH/lab5/install/ros2_aruco_interfaces/lib/libros2_aruco_interfaces__rosidl_typesupport_introspection_cpp.so
[2.309s] -- Up-to-date: /home/cc/ee106a/fa25/class/ee106a-adb/106project/106a-CATCH/lab5/install/ros2_aruco_interfaces/lib/libros2_aruco_interfaces__rosidl_typesupport_cpp.so
[2.312s] -- Up-to-date: /home/cc/ee106a/fa25/class/ee106a-adb/106project/106a-CATCH/lab5/install/ros2_aruco_interfaces/share/ros2_aruco_interfaces/environment/pythonpath.sh
[2.313s] -- Up-to-date: /home/cc/ee106a/fa25/class/ee106a-adb/106project/106a-CATCH/lab5/install/ros2_aruco_interfaces/share/ros2_aruco_interfaces/environment/pythonpath.dsv
[2.315s] -- Up-to-date: /home/cc/ee106a/fa25/class/ee106a-adb/106project/106a-CATCH/lab5/install/ros2_aruco_interfaces/local/lib/python3.10/dist-packages/ros2_aruco_interfaces-0.1.0-py3.10.egg-info
[2.316s] -- Installing: /home/cc/ee106a/fa25/class/ee106a-adb/106project/106a-CATCH/lab5/install/ros2_aruco_interfaces/local/lib/python3.10/dist-packages/ros2_aruco_interfaces-0.1.0-py3.10.egg-info/PKG-INFO
[2.322s] -- Installing: /home/cc/ee106a/fa25/class/ee106a-adb/106project/106a-CATCH/lab5/install/ros2_aruco_interfaces/local/lib/python3.10/dist-packages/ros2_aruco_interfaces-0.1.0-py3.10.egg-info/dependency_links.txt
[2.329s] -- Installing: /home/cc/ee106a/fa25/class/ee106a-adb/106project/106a-CATCH/lab5/install/ros2_aruco_interfaces/local/lib/python3.10/dist-packages/ros2_aruco_interfaces-0.1.0-py3.10.egg-info/top_level.txt
[2.335s] -- Installing: /home/cc/ee106a/fa25/class/ee106a-adb/106project/106a-CATCH/lab5/install/ros2_aruco_interfaces/local/lib/python3.10/dist-packages/ros2_aruco_interfaces-0.1.0-py3.10.egg-info/SOURCES.txt
[2.343s] -- Up-to-date: /home/cc/ee106a/fa25/class/ee106a-adb/106project/106a-CATCH/lab5/install/ros2_aruco_interfaces/local/lib/python3.10/dist-packages/ros2_aruco_interfaces
[2.344s] -- Up-to-date: /home/cc/ee106a/fa25/class/ee106a-adb/106project/106a-CATCH/lab5/install/ros2_aruco_interfaces/local/lib/python3.10/dist-packages/ros2_aruco_interfaces/__init__.py
[2.345s] -- Up-to-date: /home/cc/ee106a/fa25/class/ee106a-adb/106project/106a-CATCH/lab5/install/ros2_aruco_interfaces/local/lib/python3.10/dist-packages/ros2_aruco_interfaces/msg
[2.346s] -- Up-to-date: /home/cc/ee106a/fa25/class/ee106a-adb/106project/106a-CATCH/lab5/install/ros2_aruco_interfaces/local/lib/python3.10/dist-packages/ros2_aruco_interfaces/msg/_aruco_markers.py
[2.346s] -- Up-to-date: /home/cc/ee106a/fa25/class/ee106a-adb/106project/106a-CATCH/lab5/install/ros2_aruco_interfaces/local/lib/python3.10/dist-packages/ros2_aruco_interfaces/msg/_aruco_markers_s.c
[2.347s] -- Up-to-date: /home/cc/ee106a/fa25/class/ee106a-adb/106project/106a-CATCH/lab5/install/ros2_aruco_interfaces/local/lib/python3.10/dist-packages/ros2_aruco_interfaces/msg/__init__.py
[2.348s] -- Up-to-date: /home/cc/ee106a/fa25/class/ee106a-adb/106project/106a-CATCH/lab5/install/ros2_aruco_interfaces/local/lib/python3.10/dist-packages/ros2_aruco_interfaces/_ros2_aruco_interfaces_s.ep.rosidl_typesupport_fastrtps_c.c
[2.349s] -- Up-to-date: /home/cc/ee106a/fa25/class/ee106a-adb/106project/106a-CATCH/lab5/install/ros2_aruco_interfaces/local/lib/python3.10/dist-packages/ros2_aruco_interfaces/_ros2_aruco_interfaces_s.ep.rosidl_typesupport_introspection_c.c
[2.350s] -- Up-to-date: /home/cc/ee106a/fa25/class/ee106a-adb/106project/106a-CATCH/lab5/install/ros2_aruco_interfaces/local/lib/python3.10/dist-packages/ros2_aruco_interfaces/_ros2_aruco_interfaces_s.ep.rosidl_typesupport_c.c
[2.351s] -- Up-to-date: /home/cc/ee106a/fa25/class/ee106a-adb/106project/106a-CATCH/lab5/install/ros2_aruco_interfaces/local/lib/python3.10/dist-packages/ros2_aruco_interfaces/libros2_aruco_interfaces__rosidl_generator_py.so
[2.352s] -- Up-to-date: /home/cc/ee106a/fa25/class/ee106a-adb/106project/106a-CATCH/lab5/install/ros2_aruco_interfaces/local/lib/python3.10/dist-packages/ros2_aruco_interfaces/ros2_aruco_interfaces_s__rosidl_typesupport_fastrtps_c.cpython-310-x86_64-linux-gnu.so
[2.353s] -- Up-to-date: /home/cc/ee106a/fa25/class/ee106a-adb/106project/106a-CATCH/lab5/install/ros2_aruco_interfaces/local/lib/python3.10/dist-packages/ros2_aruco_interfaces/ros2_aruco_interfaces_s__rosidl_typesupport_c.cpython-310-x86_64-linux-gnu.so
[2.354s] -- Up-to-date: /home/cc/ee106a/fa25/class/ee106a-adb/106project/106a-CATCH/lab5/install/ros2_aruco_interfaces/local/lib/python3.10/dist-packages/ros2_aruco_interfaces/ros2_aruco_interfaces_s__rosidl_typesupport_introspection_c.cpython-310-x86_64-linux-gnu.so
[2.428s] Listing '/home/cc/ee106a/fa25/class/ee106a-adb/106project/106a-CATCH/lab5/install/ros2_aruco_interfaces/local/lib/python3.10/dist-packages/ros2_aruco_interfaces'...
[2.429s] Listing '/home/cc/ee106a/fa25/class/ee106a-adb/106project/106a-CATCH/lab5/install/ros2_aruco_interfaces/local/lib/python3.10/dist-packages/ros2_aruco_interfaces/msg'...
[2.436s] -- Up-to-date: /home/cc/ee106a/fa25/class/ee106a-adb/106project/106a-CATCH/lab5/install/ros2_aruco_interfaces/local/lib/python3.10/dist-packages/ros2_aruco_interfaces/ros2_aruco_interfaces_s__rosidl_typesupport_fastrtps_c.cpython-310-x86_64-linux-gnu.so
[2.441s] -- Up-to-date: /home/cc/ee106a/fa25/class/ee106a-adb/106project/106a-CATCH/lab5/install/ros2_aruco_interfaces/local/lib/python3.10/dist-packages/ros2_aruco_interfaces/ros2_aruco_interfaces_s__rosidl_typesupport_introspection_c.cpython-310-x86_64-linux-gnu.so
[2.447s] -- Up-to-date: /home/cc/ee106a/fa25/class/ee106a-adb/106project/106a-CATCH/lab5/install/ros2_aruco_interfaces/local/lib/python3.10/dist-packages/ros2_aruco_interfaces/ros2_aruco_interfaces_s__rosidl_typesupport_c.cpython-310-x86_64-linux-gnu.so
[2.451s] -- Up-to-date: /home/cc/ee106a/fa25/class/ee106a-adb/106project/106a-CATCH/lab5/install/ros2_aruco_interfaces/lib/libros2_aruco_interfaces__rosidl_generator_py.so
[2.455s] -- Up-to-date: /home/cc/ee106a/fa25/class/ee106a-adb/106project/106a-CATCH/lab5/install/ros2_aruco_interfaces/share/ros2_aruco_interfaces/msg/ArucoMarkers.idl
[2.455s] -- Up-to-date: /home/cc/ee106a/fa25/class/ee106a-adb/106project/106a-CATCH/lab5/install/ros2_aruco_interfaces/share/ros2_aruco_interfaces/msg/ArucoMarkers.msg
[2.456s] -- Up-to-date: /home/cc/ee106a/fa25/class/ee106a-adb/106project/106a-CATCH/lab5/install/ros2_aruco_interfaces/share/ament_index/resource_index/package_run_dependencies/ros2_aruco_interfaces
[2.457s] -- Up-to-date: /home/cc/ee106a/fa25/class/ee106a-adb/106project/106a-CATCH/lab5/install/ros2_aruco_interfaces/share/ament_index/resource_index/parent_prefix_path/ros2_aruco_interfaces
[2.457s] -- Up-to-date: /home/cc/ee106a/fa25/class/ee106a-adb/106project/106a-CATCH/lab5/install/ros2_aruco_interfaces/share/ros2_aruco_interfaces/environment/ament_prefix_path.sh
[2.458s] -- Up-to-date: /home/cc/ee106a/fa25/class/ee106a-adb/106project/106a-CATCH/lab5/install/ros2_aruco_interfaces/share/ros2_aruco_interfaces/environment/ament_prefix_path.dsv
[2.459s] -- Up-to-date: /home/cc/ee106a/fa25/class/ee106a-adb/106project/106a-CATCH/lab5/install/ros2_aruco_interfaces/share/ros2_aruco_interfaces/environment/path.sh
[2.460s] -- Up-to-date: /home/cc/ee106a/fa25/class/ee106a-adb/106project/106a-CATCH/lab5/install/ros2_aruco_interfaces/share/ros2_aruco_interfaces/environment/path.dsv
[2.461s] -- Up-to-date: /home/cc/ee106a/fa25/class/ee106a-adb/106project/106a-CATCH/lab5/install/ros2_aruco_interfaces/share/ros2_aruco_interfaces/local_setup.bash
[2.462s] -- Up-to-date: /home/cc/ee106a/fa25/class/ee106a-adb/106project/106a-CATCH/lab5/install/ros2_aruco_interfaces/share/ros2_aruco_interfaces/local_setup.sh
[2.463s] -- Up-to-date: /home/cc/ee106a/fa25/class/ee106a-adb/106project/106a-CATCH/lab5/install/ros2_aruco_interfaces/share/ros2_aruco_interfaces/local_setup.zsh
[2.463s] -- Up-to-date: /home/cc/ee106a/fa25/class/ee106a-adb/106project/106a-CATCH/lab5/install/ros2_aruco_interfaces/share/ros2_aruco_interfaces/local_setup.dsv
[2.464s] -- Installing: /home/cc/ee106a/fa25/class/ee106a-adb/106project/106a-CATCH/lab5/install/ros2_aruco_interfaces/share/ros2_aruco_interfaces/package.dsv
[2.470s] -- Up-to-date: /home/cc/ee106a/fa25/class/ee106a-adb/106project/106a-CATCH/lab5/install/ros2_aruco_interfaces/share/ament_index/resource_index/packages/ros2_aruco_interfaces
[2.473s] -- Up-to-date: /home/cc/ee106a/fa25/class/ee106a-adb/106project/106a-CATCH/lab5/install/ros2_aruco_interfaces/share/ros2_aruco_interfaces/cmake/export_ros2_aruco_interfaces__rosidl_generator_cExport.cmake
[2.473s] -- Up-to-date: /home/cc/ee106a/fa25/class/ee106a-adb/106project/106a-CATCH/lab5/install/ros2_aruco_interfaces/share/ros2_aruco_interfaces/cmake/export_ros2_aruco_interfaces__rosidl_generator_cExport-noconfig.cmake
[2.476s] -- Up-to-date: /home/cc/ee106a/fa25/class/ee106a-adb/106project/106a-CATCH/lab5/install/ros2_aruco_interfaces/share/ros2_aruco_interfaces/cmake/export_ros2_aruco_interfaces__rosidl_typesupport_fastrtps_cExport.cmake
[2.477s] -- Up-to-date: /home/cc/ee106a/fa25/class/ee106a-adb/106project/106a-CATCH/lab5/install/ros2_aruco_interfaces/share/ros2_aruco_interfaces/cmake/export_ros2_aruco_interfaces__rosidl_typesupport_fastrtps_cExport-noconfig.cmake
[2.480s] -- Up-to-date: /home/cc/ee106a/fa25/class/ee106a-adb/106project/106a-CATCH/lab5/install/ros2_aruco_interfaces/share/ros2_aruco_interfaces/cmake/export_ros2_aruco_interfaces__rosidl_generator_cppExport.cmake
[2.483s] -- Up-to-date: /home/cc/ee106a/fa25/class/ee106a-adb/106project/106a-CATCH/lab5/install/ros2_aruco_interfaces/share/ros2_aruco_interfaces/cmake/export_ros2_aruco_interfaces__rosidl_typesupport_fastrtps_cppExport.cmake
[2.484s] -- Up-to-date: /home/cc/ee106a/fa25/class/ee106a-adb/106project/106a-CATCH/lab5/install/ros2_aruco_interfaces/share/ros2_aruco_interfaces/cmake/export_ros2_aruco_interfaces__rosidl_typesupport_fastrtps_cppExport-noconfig.cmake
[2.486s] -- Up-to-date: /home/cc/ee106a/fa25/class/ee106a-adb/106project/106a-CATCH/lab5/install/ros2_aruco_interfaces/share/ros2_aruco_interfaces/cmake/ros2_aruco_interfaces__rosidl_typesupport_introspection_cExport.cmake
[2.488s] -- Up-to-date: /home/cc/ee106a/fa25/class/ee106a-adb/106project/106a-CATCH/lab5/install/ros2_aruco_interfaces/share/ros2_aruco_interfaces/cmake/ros2_aruco_interfaces__rosidl_typesupport_introspection_cExport-noconfig.cmake
[2.491s] -- Up-to-date: /home/cc/ee106a/fa25/class/ee106a-adb/106project/106a-CATCH/lab5/install/ros2_aruco_interfaces/share/ros2_aruco_interfaces/cmake/ros2_aruco_interfaces__rosidl_typesupport_cExport.cmake
[2.492s] -- Up-to-date: /home/cc/ee106a/fa25/class/ee106a-adb/106project/106a-CATCH/lab5/install/ros2_aruco_interfaces/share/ros2_aruco_interfaces/cmake/ros2_aruco_interfaces__rosidl_typesupport_cExport-noconfig.cmake
[2.495s] -- Up-to-date: /home/cc/ee106a/fa25/class/ee106a-adb/106project/106a-CATCH/lab5/install/ros2_aruco_interfaces/share/ros2_aruco_interfaces/cmake/ros2_aruco_interfaces__rosidl_typesupport_introspection_cppExport.cmake
[2.496s] -- Up-to-date: /home/cc/ee106a/fa25/class/ee106a-adb/106project/106a-CATCH/lab5/install/ros2_aruco_interfaces/share/ros2_aruco_interfaces/cmake/ros2_aruco_interfaces__rosidl_typesupport_introspection_cppExport-noconfig.cmake
[2.499s] -- Up-to-date: /home/cc/ee106a/fa25/class/ee106a-adb/106project/106a-CATCH/lab5/install/ros2_aruco_interfaces/share/ros2_aruco_interfaces/cmake/ros2_aruco_interfaces__rosidl_typesupport_cppExport.cmake
[2.500s] -- Up-to-date: /home/cc/ee106a/fa25/class/ee106a-adb/106project/106a-CATCH/lab5/install/ros2_aruco_interfaces/share/ros2_aruco_interfaces/cmake/ros2_aruco_interfaces__rosidl_typesupport_cppExport-noconfig.cmake
[2.503s] -- Up-to-date: /home/cc/ee106a/fa25/class/ee106a-adb/106project/106a-CATCH/lab5/install/ros2_aruco_interfaces/share/ros2_aruco_interfaces/cmake/export_ros2_aruco_interfaces__rosidl_generator_pyExport.cmake
[2.504s] -- Up-to-date: /home/cc/ee106a/fa25/class/ee106a-adb/106project/106a-CATCH/lab5/install/ros2_aruco_interfaces/share/ros2_aruco_interfaces/cmake/export_ros2_aruco_interfaces__rosidl_generator_pyExport-noconfig.cmake
[2.505s] -- Up-to-date: /home/cc/ee106a/fa25/class/ee106a-adb/106project/106a-CATCH/lab5/install/ros2_aruco_interfaces/share/ros2_aruco_interfaces/cmake/rosidl_cmake-extras.cmake
[2.505s] -- Up-to-date: /home/cc/ee106a/fa25/class/ee106a-adb/106project/106a-CATCH/lab5/install/ros2_aruco_interfaces/share/ros2_aruco_interfaces/cmake/ament_cmake_export_dependencies-extras.cmake
[2.506s] -- Up-to-date: /home/cc/ee106a/fa25/class/ee106a-adb/106project/106a-CATCH/lab5/install/ros2_aruco_interfaces/share/ros2_aruco_interfaces/cmake/ament_cmake_export_include_directories-extras.cmake
[2.507s] -- Up-to-date: /home/cc/ee106a/fa25/class/ee106a-adb/106project/106a-CATCH/lab5/install/ros2_aruco_interfaces/share/ros2_aruco_interfaces/cmake/ament_cmake_export_libraries-extras.cmake
[2.508s] -- Up-to-date: /home/cc/ee106a/fa25/class/ee106a-adb/106project/106a-CATCH/lab5/install/ros2_aruco_interfaces/share/ros2_aruco_interfaces/cmake/ament_cmake_export_targets-extras.cmake
[2.509s] -- Up-to-date: /home/cc/ee106a/fa25/class/ee106a-adb/106project/106a-CATCH/lab5/install/ros2_aruco_interfaces/share/ros2_aruco_interfaces/cmake/rosidl_cmake_export_typesupport_targets-extras.cmake
[2.509s] -- Up-to-date: /home/cc/ee106a/fa25/class/ee106a-adb/106project/106a-CATCH/lab5/install/ros2_aruco_interfaces/share/ros2_aruco_interfaces/cmake/rosidl_cmake_export_typesupport_libraries-extras.cmake
[2.510s] -- Up-to-date: /home/cc/ee106a/fa25/class/ee106a-adb/106project/106a-CATCH/lab5/install/ros2_aruco_interfaces/share/ros2_aruco_interfaces/cmake/ros2_aruco_interfacesConfig.cmake
[2.511s] -- Up-to-date: /home/cc/ee106a/fa25/class/ee106a-adb/106project/106a-CATCH/lab5/install/ros2_aruco_interfaces/share/ros2_aruco_interfaces/cmake/ros2_aruco_interfacesConfig-version.cmake
[2.512s] -- Up-to-date: /home/cc/ee106a/fa25/class/ee106a-adb/106project/106a-CATCH/lab5/install/ros2_aruco_interfaces/share/ros2_aruco_interfaces/package.xml
[2.517s] Invoked command in '/home/cc/ee106a/fa25/class/ee106a-adb/106project/106a-CATCH/lab5/build/ros2_aruco_interfaces' returned '0': CMAKE_PREFIX_PATH=${CMAKE_PREFIX_PATH}:/home/cc/ee106a/fa25/class/ee106a-adb/106project/106a-CATCH/lab5/install/ros2_aruco:/home/cc/ee106a/fa25/class/ee106a-adb/106project/106a-CATCH/lab5/install/planning:/home/cc/ee106a/fa25/class/ee106a-adb/106project/106a-CATCH/lab5/install/perception:/home/cc/ee106a/fa25/class/ee106a-adb/106project/106a-CATCH/install/ros2_aruco:/home/cc/ee106a/fa25/class/ee106a-adb/106project/106a-CATCH/install/planning:/home/cc/ee106a/fa25/class/ee106a-adb/106project/106a-CATCH/install/perception:/home/ff/ee106a/robot_workspaces/ur/install/ur7e_utils:/opt/ros/humble /usr/bin/cmake --install /home/cc/ee106a/fa25/class/ee106a-adb/106project/106a-CATCH/lab5/build/ros2_aruco_interfaces
