[1.188s] Invoking command in '/home/cc/ee106a/fa25/class/ee106a-adb/106project/106a-CATCH/lab5/build/ros2_aruco_interfaces': CMAKE_PREFIX_PATH=/home/ff/ee106a/robot_workspaces/ur/install/ur7e_utils:/opt/ros/humble /usr/bin/cmake --build /home/cc/ee106a/fa25/class/ee106a-adb/106project/106a-CATCH/lab5/build/ros2_aruco_interfaces -- -j32 -l32
[1.325s] [  6%] Built target ros2_aruco_interfaces__cpp
[1.329s] [ 12%] Built target ros2_aruco_interfaces__rosidl_generator_c
[1.445s] [ 22%] Built target ros2_aruco_interfaces__rosidl_typesupport_cpp
[1.458s] [ 22%] Built target ament_cmake_python_copy_ros2_aruco_interfaces
[1.469s] [ 48%] Built target ros2_aruco_interfaces__rosidl_typesupport_fastrtps_cpp
[1.475s] [ 64%] Built target ros2_aruco_interfaces__rosidl_typesupport_c
[1.477s] [ 70%] Built target ros2_aruco_interfaces__rosidl_typesupport_introspection_cpp
[1.477s] [ 70%] Built target ros2_aruco_interfaces__rosidl_typesupport_introspection_c
[1.477s] [ 70%] Built target ros2_aruco_interfaces__rosidl_typesupport_fastrtps_c
[1.526s] [ 70%] Built target ros2_aruco_interfaces
[1.587s] [ 74%] Built target ros2_aruco_interfaces__py
[1.644s] [ 80%] Built target ros2_aruco_interfaces__rosidl_generator_py
[1.715s] [ 87%] Built target ros2_aruco_interfaces__rosidl_typesupport_fastrtps_c__pyext
[1.720s] [ 93%] Built target ros2_aruco_interfaces__rosidl_typesupport_c__pyext
[1.724s] [100%] Built target ros2_aruco_interfaces__rosidl_typesupport_introspection_c__pyext
[1.887s] running egg_info
[1.888s] writing ros2_aruco_interfaces.egg-info/PKG-INFO
[1.892s] writing dependency_links to ros2_aruco_interfaces.egg-info/dependency_links.txt
[1.895s] writing top-level names to ros2_aruco_interfaces.egg-info/top_level.txt
[1.901s] reading manifest file 'ros2_aruco_interfaces.egg-info/SOURCES.txt'
[1.903s] writing manifest file 'ros2_aruco_interfaces.egg-info/SOURCES.txt'
[1.933s] [100%] Built target ament_cmake_python_build_ros2_aruco_interfaces_egg
[1.968s] Invoked command in '/home/cc/ee106a/fa25/class/ee106a-adb/106project/106a-CATCH/lab5/build/ros2_aruco_interfaces' returned '0': CMAKE_PREFIX_PATH=/home/ff/ee106a/robot_workspaces/ur/install/ur7e_utils:/opt/ros/humble /usr/bin/cmake --build /home/cc/ee106a/fa25/class/ee106a-adb/106project/106a-CATCH/lab5/build/ros2_aruco_interfaces -- -j32 -l32
[1.982s] Invoking command in '/home/cc/ee106a/fa25/class/ee106a-adb/106project/106a-CATCH/lab5/build/ros2_aruco_interfaces': CMAKE_PREFIX_PATH=/home/ff/ee106a/robot_workspaces/ur/install/ur7e_utils:/opt/ros/humble /usr/bin/cmake --install /home/cc/ee106a/fa25/class/ee106a-adb/106project/106a-CATCH/lab5/build/ros2_aruco_interfaces
[1.995s] -- Install configuration: ""
[1.995s] -- Up-to-date: /home/cc/ee106a/fa25/class/ee106a-adb/106project/106a-CATCH/lab5/install/ros2_aruco_interfaces/share/ament_index/resource_index/rosidl_interfaces/ros2_aruco_interfaces
[1.996s] -- Up-to-date: /home/cc/ee106a/fa25/class/ee106a-adb/106project/106a-CATCH/lab5/install/ros2_aruco_interfaces/include/ros2_aruco_interfaces/ros2_aruco_interfaces
[1.997s] -- Up-to-date: /home/cc/ee106a/fa25/class/ee106a-adb/106project/106a-CATCH/lab5/install/ros2_aruco_interfaces/include/ros2_aruco_interfaces/ros2_aruco_interfaces/msg
[1.999s] -- Up-to-date: /home/cc/ee106a/fa25/class/ee106a-adb/106project/106a-CATCH/lab5/install/ros2_aruco_interfaces/include/ros2_aruco_interfaces/ros2_aruco_interfaces/msg/aruco_markers.h
[2.000s] -- Up-to-date: /home/cc/ee106a/fa25/class/ee106a-adb/106project/106a-CATCH/lab5/install/ros2_aruco_interfaces/include/ros2_aruco_interfaces/ros2_aruco_interfaces/msg/rosidl_generator_c__visibility_control.h
[2.000s] -- Up-to-date: /home/cc/ee106a/fa25/class/ee106a-adb/106project/106a-CATCH/lab5/install/ros2_aruco_interfaces/include/ros2_aruco_interfaces/ros2_aruco_interfaces/msg/detail
[2.001s] -- Up-to-date: /home/cc/ee106a/fa25/class/ee106a-adb/106project/106a-CATCH/lab5/install/ros2_aruco_interfaces/include/ros2_aruco_interfaces/ros2_aruco_interfaces/msg/detail/aruco_markers__functions.c
[2.002s] -- Up-to-date: /home/cc/ee106a/fa25/class/ee106a-adb/106project/106a-CATCH/lab5/install/ros2_aruco_interfaces/include/ros2_aruco_interfaces/ros2_aruco_interfaces/msg/detail/aruco_markers__functions.h
[2.003s] -- Up-to-date: /home/cc/ee106a/fa25/class/ee106a-adb/106project/106a-CATCH/lab5/install/ros2_aruco_interfaces/include/ros2_aruco_interfaces/ros2_aruco_interfaces/msg/detail/aruco_markers__struct.h
[2.003s] -- Up-to-date: /home/cc/ee106a/fa25/class/ee106a-adb/106project/106a-CATCH/lab5/install/ros2_aruco_interfaces/include/ros2_aruco_interfaces/ros2_aruco_interfaces/msg/detail/aruco_markers__type_support.h
[2.005s] -- Up-to-date: /home/cc/ee106a/fa25/class/ee106a-adb/106project/106a-CATCH/lab5/install/ros2_aruco_interfaces/share/ros2_aruco_interfaces/environment/library_path.sh
[2.006s] -- Up-to-date: /home/cc/ee106a/fa25/class/ee106a-adb/106project/106a-CATCH/lab5/install/ros2_aruco_interfaces/share/ros2_aruco_interfaces/environment/library_path.dsv
[2.009s] -- Up-to-date: /home/cc/ee106a/fa25/class/ee106a-adb/106project/106a-CATCH/lab5/install/ros2_aruco_interfaces/lib/libros2_aruco_interfaces__rosidl_generator_c.so
[2.011s] -- Up-to-date: /home/cc/ee106a/fa25/class/ee106a-adb/106project/106a-CATCH/lab5/install/ros2_aruco_interfaces/include/ros2_aruco_interfaces/ros2_aruco_interfaces
[2.013s] -- Up-to-date: /home/cc/ee106a/fa25/class/ee106a-adb/106project/106a-CATCH/lab5/install/ros2_aruco_interfaces/include/ros2_aruco_interfaces/ros2_aruco_interfaces/msg
[2.014s] -- Up-to-date: /home/cc/ee106a/fa25/class/ee106a-adb/106project/106a-CATCH/lab5/install/ros2_aruco_interfaces/include/ros2_aruco_interfaces/ros2_aruco_interfaces/msg/detail
[2.015s] -- Up-to-date: /home/cc/ee106a/fa25/class/ee106a-adb/106project/106a-CATCH/lab5/install/ros2_aruco_interfaces/include/ros2_aruco_interfaces/ros2_aruco_interfaces/msg/detail/aruco_markers__rosidl_typesupport_fastrtps_c.h
[2.016s] -- Up-to-date: /home/cc/ee106a/fa25/class/ee106a-adb/106project/106a-CATCH/lab5/install/ros2_aruco_interfaces/include/ros2_aruco_interfaces/ros2_aruco_interfaces/msg/rosidl_typesupport_fastrtps_c__visibility_control.h
[2.019s] -- Up-to-date: /home/cc/ee106a/fa25/class/ee106a-adb/106project/106a-CATCH/lab5/install/ros2_aruco_interfaces/lib/libros2_aruco_interfaces__rosidl_typesupport_fastrtps_c.so
[2.023s] -- Up-to-date: /home/cc/ee106a/fa25/class/ee106a-adb/106project/106a-CATCH/lab5/install/ros2_aruco_interfaces/include/ros2_aruco_interfaces/ros2_aruco_interfaces
[2.024s] -- Up-to-date: /home/cc/ee106a/fa25/class/ee106a-adb/106project/106a-CATCH/lab5/install/ros2_aruco_interfaces/include/ros2_aruco_interfaces/ros2_aruco_interfaces/msg
[2.025s] -- Up-to-date: /home/cc/ee106a/fa25/class/ee106a-adb/106project/106a-CATCH/lab5/install/ros2_aruco_interfaces/include/ros2_aruco_interfaces/ros2_aruco_interfaces/msg/aruco_markers.hpp
[2.026s] -- Up-to-date: /home/cc/ee106a/fa25/class/ee106a-adb/106project/106a-CATCH/lab5/install/ros2_aruco_interfaces/include/ros2_aruco_interfaces/ros2_aruco_interfaces/msg/rosidl_generator_cpp__visibility_control.hpp
[2.027s] -- Up-to-date: /home/cc/ee106a/fa25/class/ee106a-adb/106project/106a-CATCH/lab5/install/ros2_aruco_interfaces/include/ros2_aruco_interfaces/ros2_aruco_interfaces/msg/detail
[2.028s] -- Up-to-date: /home/cc/ee106a/fa25/class/ee106a-adb/106project/106a-CATCH/lab5/install/ros2_aruco_interfaces/include/ros2_aruco_interfaces/ros2_aruco_interfaces/msg/detail/aruco_markers__builder.hpp
[2.029s] -- Up-to-date: /home/cc/ee106a/fa25/class/ee106a-adb/106project/106a-CATCH/lab5/install/ros2_aruco_interfaces/include/ros2_aruco_interfaces/ros2_aruco_interfaces/msg/detail/aruco_markers__struct.hpp
[2.029s] -- Up-to-date: /home/cc/ee106a/fa25/class/ee106a-adb/106project/106a-CATCH/lab5/install/ros2_aruco_interfaces/include/ros2_aruco_interfaces/ros2_aruco_interfaces/msg/detail/aruco_markers__traits.hpp
[2.030s] -- Up-to-date: /home/cc/ee106a/fa25/class/ee106a-adb/106project/106a-CATCH/lab5/install/ros2_aruco_interfaces/include/ros2_aruco_interfaces/ros2_aruco_interfaces/msg/detail/aruco_markers__type_support.hpp
[2.030s] -- Up-to-date: /home/cc/ee106a/fa25/class/ee106a-adb/106project/106a-CATCH/lab5/install/ros2_aruco_interfaces/include/ros2_aruco_interfaces/ros2_aruco_interfaces
[2.032s] -- Up-to-date: /home/cc/ee106a/fa25/class/ee106a-adb/106project/106a-CATCH/lab5/install/ros2_aruco_interfaces/include/ros2_aruco_interfaces/ros2_aruco_interfaces/msg
[2.033s] -- Up-to-date: /home/cc/ee106a/fa25/class/ee106a-adb/106project/106a-CATCH/lab5/install/ros2_aruco_interfaces/include/ros2_aruco_interfaces/ros2_aruco_interfaces/msg/detail
[2.034s] -- Up-to-date: /home/cc/ee106a/fa25/class/ee106a-adb/106project/106a-CATCH/lab5/install/ros2_aruco_interfaces/include/ros2_aruco_interfaces/ros2_aruco_interfaces/msg/detail/aruco_markers__rosidl_typesupport_fastrtps_cpp.hpp
[2.035s] -- Up-to-date: /home/cc/ee106a/fa25/class/ee106a-adb/106project/106a-CATCH/lab5/install/ros2_aruco_interfaces/include/ros2_aruco_interfaces/ros2_aruco_interfaces/msg/detail/dds_fastrtps
[2.036s] -- Up-to-date: /home/cc/ee106a/fa25/class/ee106a-adb/106project/106a-CATCH/lab5/install/ros2_aruco_interfaces/include/ros2_aruco_interfaces/ros2_aruco_interfaces/msg/rosidl_typesupport_fastrtps_cpp__visibility_control.h
[2.039s] -- Up-to-date: /home/cc/ee106a/fa25/class/ee106a-adb/106project/106a-CATCH/lab5/install/ros2_aruco_interfaces/lib/libros2_aruco_interfaces__rosidl_typesupport_fastrtps_cpp.so
[2.042s] -- Up-to-date: /home/cc/ee106a/fa25/class/ee106a-adb/106project/106a-CATCH/lab5/install/ros2_aruco_interfaces/include/ros2_aruco_interfaces/ros2_aruco_interfaces
[2.043s] -- Up-to-date: /home/cc/ee106a/fa25/class/ee106a-adb/106project/106a-CATCH/lab5/install/ros2_aruco_interfaces/include/ros2_aruco_interfaces/ros2_aruco_interfaces/msg
[2.045s] -- Up-to-date: /home/cc/ee106a/fa25/class/ee106a-adb/106project/106a-CATCH/lab5/install/ros2_aruco_interfaces/include/ros2_aruco_interfaces/ros2_aruco_interfaces/msg/detail
[2.046s] -- Up-to-date: /home/cc/ee106a/fa25/class/ee106a-adb/106project/106a-CATCH/lab5/install/ros2_aruco_interfaces/include/ros2_aruco_interfaces/ros2_aruco_interfaces/msg/detail/aruco_markers__rosidl_typesupport_introspection_c.h
[2.047s] -- Up-to-date: /home/cc/ee106a/fa25/class/ee106a-adb/106project/106a-CATCH/lab5/install/ros2_aruco_interfaces/include/ros2_aruco_interfaces/ros2_aruco_interfaces/msg/detail/aruco_markers__type_support.c
[2.048s] -- Up-to-date: /home/cc/ee106a/fa25/class/ee106a-adb/106project/106a-CATCH/lab5/install/ros2_aruco_interfaces/include/ros2_aruco_interfaces/ros2_aruco_interfaces/msg/rosidl_typesupport_introspection_c__visibility_control.h
[2.051s] -- Up-to-date: /home/cc/ee106a/fa25/class/ee106a-adb/106project/106a-CATCH/lab5/install/ros2_aruco_interfaces/lib/libros2_aruco_interfaces__rosidl_typesupport_introspection_c.so
[2.055s] -- Up-to-date: /home/cc/ee106a/fa25/class/ee106a-adb/106project/106a-CATCH/lab5/install/ros2_aruco_interfaces/lib/libros2_aruco_interfaces__rosidl_typesupport_c.so
[2.058s] -- Up-to-date: /home/cc/ee106a/fa25/class/ee106a-adb/106project/106a-CATCH/lab5/install/ros2_aruco_interfaces/include/ros2_aruco_interfaces/ros2_aruco_interfaces
[2.059s] -- Up-to-date: /home/cc/ee106a/fa25/class/ee106a-adb/106project/106a-CATCH/lab5/install/ros2_aruco_interfaces/include/ros2_aruco_interfaces/ros2_aruco_interfaces/msg
[2.060s] -- Up-to-date: /home/cc/ee106a/fa25/class/ee106a-adb/106project/106a-CATCH/lab5/install/ros2_aruco_interfaces/include/ros2_aruco_interfaces/ros2_aruco_interfaces/msg/detail
[2.061s] -- Up-to-date: /home/cc/ee106a/fa25/class/ee106a-adb/106project/106a-CATCH/lab5/install/ros2_aruco_interfaces/include/ros2_aruco_interfaces/ros2_aruco_interfaces/msg/detail/aruco_markers__rosidl_typesupport_introspection_cpp.hpp
[2.062s] -- Up-to-date: /home/cc/ee106a/fa25/class/ee106a-adb/106project/106a-CATCH/lab5/install/ros2_aruco_interfaces/include/ros2_aruco_interfaces/ros2_aruco_interfaces/msg/detail/aruco_markers__type_support.cpp
[2.065s] -- Up-to-date: /home/cc/ee106a/fa25/class/ee106a-adb/106project/106a-CATCH/lab5/install/ros2_aruco_interfaces/lib/libros2_aruco_interfaces__rosidl_typesupport_introspection_cpp.so
[2.070s] -- Up-to-date: /home/cc/ee106a/fa25/class/ee106a-adb/106project/106a-CATCH/lab5/install/ros2_aruco_interfaces/lib/libros2_aruco_interfaces__rosidl_typesupport_cpp.so
[2.073s] -- Up-to-date: /home/cc/ee106a/fa25/class/ee106a-adb/106project/106a-CATCH/lab5/install/ros2_aruco_interfaces/share/ros2_aruco_interfaces/environment/pythonpath.sh
[2.074s] -- Up-to-date: /home/cc/ee106a/fa25/class/ee106a-adb/106project/106a-CATCH/lab5/install/ros2_aruco_interfaces/share/ros2_aruco_interfaces/environment/pythonpath.dsv
[2.076s] -- Up-to-date: /home/cc/ee106a/fa25/class/ee106a-adb/106project/106a-CATCH/lab5/install/ros2_aruco_interfaces/local/lib/python3.10/dist-packages/ros2_aruco_interfaces-0.1.0-py3.10.egg-info
[2.078s] -- Installing: /home/cc/ee106a/fa25/class/ee106a-adb/106project/106a-CATCH/lab5/install/ros2_aruco_interfaces/local/lib/python3.10/dist-packages/ros2_aruco_interfaces-0.1.0-py3.10.egg-info/PKG-INFO
[2.085s] -- Installing: /home/cc/ee106a/fa25/class/ee106a-adb/106project/106a-CATCH/lab5/install/ros2_aruco_interfaces/local/lib/python3.10/dist-packages/ros2_aruco_interfaces-0.1.0-py3.10.egg-info/dependency_links.txt
[2.093s] -- Installing: /home/cc/ee106a/fa25/class/ee106a-adb/106project/106a-CATCH/lab5/install/ros2_aruco_interfaces/local/lib/python3.10/dist-packages/ros2_aruco_interfaces-0.1.0-py3.10.egg-info/top_level.txt
[2.099s] -- Installing: /home/cc/ee106a/fa25/class/ee106a-adb/106project/106a-CATCH/lab5/install/ros2_aruco_interfaces/local/lib/python3.10/dist-packages/ros2_aruco_interfaces-0.1.0-py3.10.egg-info/SOURCES.txt
[2.106s] -- Up-to-date: /home/cc/ee106a/fa25/class/ee106a-adb/106project/106a-CATCH/lab5/install/ros2_aruco_interfaces/local/lib/python3.10/dist-packages/ros2_aruco_interfaces
[2.108s] -- Up-to-date: /home/cc/ee106a/fa25/class/ee106a-adb/106project/106a-CATCH/lab5/install/ros2_aruco_interfaces/local/lib/python3.10/dist-packages/ros2_aruco_interfaces/__init__.py
[2.108s] -- Up-to-date: /home/cc/ee106a/fa25/class/ee106a-adb/106project/106a-CATCH/lab5/install/ros2_aruco_interfaces/local/lib/python3.10/dist-packages/ros2_aruco_interfaces/msg
[2.109s] -- Up-to-date: /home/cc/ee106a/fa25/class/ee106a-adb/106project/106a-CATCH/lab5/install/ros2_aruco_interfaces/local/lib/python3.10/dist-packages/ros2_aruco_interfaces/msg/_aruco_markers.py
[2.110s] -- Up-to-date: /home/cc/ee106a/fa25/class/ee106a-adb/106project/106a-CATCH/lab5/install/ros2_aruco_interfaces/local/lib/python3.10/dist-packages/ros2_aruco_interfaces/msg/_aruco_markers_s.c
[2.111s] -- Up-to-date: /home/cc/ee106a/fa25/class/ee106a-adb/106project/106a-CATCH/lab5/install/ros2_aruco_interfaces/local/lib/python3.10/dist-packages/ros2_aruco_interfaces/msg/__init__.py
[2.111s] -- Up-to-date: /home/cc/ee106a/fa25/class/ee106a-adb/106project/106a-CATCH/lab5/install/ros2_aruco_interfaces/local/lib/python3.10/dist-packages/ros2_aruco_interfaces/_ros2_aruco_interfaces_s.ep.rosidl_typesupport_fastrtps_c.c
[2.112s] -- Up-to-date: /home/cc/ee106a/fa25/class/ee106a-adb/106project/106a-CATCH/lab5/install/ros2_aruco_interfaces/local/lib/python3.10/dist-packages/ros2_aruco_interfaces/_ros2_aruco_interfaces_s.ep.rosidl_typesupport_introspection_c.c
[2.113s] -- Up-to-date: /home/cc/ee106a/fa25/class/ee106a-adb/106project/106a-CATCH/lab5/install/ros2_aruco_interfaces/local/lib/python3.10/dist-packages/ros2_aruco_interfaces/_ros2_aruco_interfaces_s.ep.rosidl_typesupport_c.c
[2.114s] -- Up-to-date: /home/cc/ee106a/fa25/class/ee106a-adb/106project/106a-CATCH/lab5/install/ros2_aruco_interfaces/local/lib/python3.10/dist-packages/ros2_aruco_interfaces/libros2_aruco_interfaces__rosidl_generator_py.so
[2.115s] -- Up-to-date: /home/cc/ee106a/fa25/class/ee106a-adb/106project/106a-CATCH/lab5/install/ros2_aruco_interfaces/local/lib/python3.10/dist-packages/ros2_aruco_interfaces/ros2_aruco_interfaces_s__rosidl_typesupport_fastrtps_c.cpython-310-x86_64-linux-gnu.so
[2.115s] -- Up-to-date: /home/cc/ee106a/fa25/class/ee106a-adb/106project/106a-CATCH/lab5/install/ros2_aruco_interfaces/local/lib/python3.10/dist-packages/ros2_aruco_interfaces/ros2_aruco_interfaces_s__rosidl_typesupport_c.cpython-310-x86_64-linux-gnu.so
[2.116s] -- Up-to-date: /home/cc/ee106a/fa25/class/ee106a-adb/106project/106a-CATCH/lab5/install/ros2_aruco_interfaces/local/lib/python3.10/dist-packages/ros2_aruco_interfaces/ros2_aruco_interfaces_s__rosidl_typesupport_introspection_c.cpython-310-x86_64-linux-gnu.so
[2.157s] Listing '/home/cc/ee106a/fa25/class/ee106a-adb/106project/106a-CATCH/lab5/install/ros2_aruco_interfaces/local/lib/python3.10/dist-packages/ros2_aruco_interfaces'...
[2.158s] Listing '/home/cc/ee106a/fa25/class/ee106a-adb/106project/106a-CATCH/lab5/install/ros2_aruco_interfaces/local/lib/python3.10/dist-packages/ros2_aruco_interfaces/msg'...
[2.162s] -- Up-to-date: /home/cc/ee106a/fa25/class/ee106a-adb/106project/106a-CATCH/lab5/install/ros2_aruco_interfaces/local/lib/python3.10/dist-packages/ros2_aruco_interfaces/ros2_aruco_interfaces_s__rosidl_typesupport_fastrtps_c.cpython-310-x86_64-linux-gnu.so
[2.168s] -- Up-to-date: /home/cc/ee106a/fa25/class/ee106a-adb/106project/106a-CATCH/lab5/install/ros2_aruco_interfaces/local/lib/python3.10/dist-packages/ros2_aruco_interfaces/ros2_aruco_interfaces_s__rosidl_typesupport_introspection_c.cpython-310-x86_64-linux-gnu.so
[2.173s] -- Up-to-date: /home/cc/ee106a/fa25/class/ee106a-adb/106project/106a-CATCH/lab5/install/ros2_aruco_interfaces/local/lib/python3.10/dist-packages/ros2_aruco_interfaces/ros2_aruco_interfaces_s__rosidl_typesupport_c.cpython-310-x86_64-linux-gnu.so
[2.178s] -- Up-to-date: /home/cc/ee106a/fa25/class/ee106a-adb/106project/106a-CATCH/lab5/install/ros2_aruco_interfaces/lib/libros2_aruco_interfaces__rosidl_generator_py.so
[2.182s] -- Up-to-date: /home/cc/ee106a/fa25/class/ee106a-adb/106project/106a-CATCH/lab5/install/ros2_aruco_interfaces/share/ros2_aruco_interfaces/msg/ArucoMarkers.idl
[2.184s] -- Up-to-date: /home/cc/ee106a/fa25/class/ee106a-adb/106project/106a-CATCH/lab5/install/ros2_aruco_interfaces/share/ros2_aruco_interfaces/msg/ArucoMarkers.msg
[2.185s] -- Up-to-date: /home/cc/ee106a/fa25/class/ee106a-adb/106project/106a-CATCH/lab5/install/ros2_aruco_interfaces/share/ament_index/resource_index/package_run_dependencies/ros2_aruco_interfaces
[2.185s] -- Up-to-date: /home/cc/ee106a/fa25/class/ee106a-adb/106project/106a-CATCH/lab5/install/ros2_aruco_interfaces/share/ament_index/resource_index/parent_prefix_path/ros2_aruco_interfaces
[2.186s] -- Up-to-date: /home/cc/ee106a/fa25/class/ee106a-adb/106project/106a-CATCH/lab5/install/ros2_aruco_interfaces/share/ros2_aruco_interfaces/environment/ament_prefix_path.sh
[2.187s] -- Up-to-date: /home/cc/ee106a/fa25/class/ee106a-adb/106project/106a-CATCH/lab5/install/ros2_aruco_interfaces/share/ros2_aruco_interfaces/environment/ament_prefix_path.dsv
[2.188s] -- Up-to-date: /home/cc/ee106a/fa25/class/ee106a-adb/106project/106a-CATCH/lab5/install/ros2_aruco_interfaces/share/ros2_aruco_interfaces/environment/path.sh
[2.188s] -- Up-to-date: /home/cc/ee106a/fa25/class/ee106a-adb/106project/106a-CATCH/lab5/install/ros2_aruco_interfaces/share/ros2_aruco_interfaces/environment/path.dsv
[2.189s] -- Up-to-date: /home/cc/ee106a/fa25/class/ee106a-adb/106project/106a-CATCH/lab5/install/ros2_aruco_interfaces/share/ros2_aruco_interfaces/local_setup.bash
[2.190s] -- Up-to-date: /home/cc/ee106a/fa25/class/ee106a-adb/106project/106a-CATCH/lab5/install/ros2_aruco_interfaces/share/ros2_aruco_interfaces/local_setup.sh
[2.190s] -- Up-to-date: /home/cc/ee106a/fa25/class/ee106a-adb/106project/106a-CATCH/lab5/install/ros2_aruco_interfaces/share/ros2_aruco_interfaces/local_setup.zsh
[2.191s] -- Up-to-date: /home/cc/ee106a/fa25/class/ee106a-adb/106project/106a-CATCH/lab5/install/ros2_aruco_interfaces/share/ros2_aruco_interfaces/local_setup.dsv
[2.192s] -- Installing: /home/cc/ee106a/fa25/class/ee106a-adb/106project/106a-CATCH/lab5/install/ros2_aruco_interfaces/share/ros2_aruco_interfaces/package.dsv
[2.199s] -- Up-to-date: /home/cc/ee106a/fa25/class/ee106a-adb/106project/106a-CATCH/lab5/install/ros2_aruco_interfaces/share/ament_index/resource_index/packages/ros2_aruco_interfaces
[2.203s] -- Up-to-date: /home/cc/ee106a/fa25/class/ee106a-adb/106project/106a-CATCH/lab5/install/ros2_aruco_interfaces/share/ros2_aruco_interfaces/cmake/export_ros2_aruco_interfaces__rosidl_generator_cExport.cmake
[2.205s] -- Up-to-date: /home/cc/ee106a/fa25/class/ee106a-adb/106project/106a-CATCH/lab5/install/ros2_aruco_interfaces/share/ros2_aruco_interfaces/cmake/export_ros2_aruco_interfaces__rosidl_generator_cExport-noconfig.cmake
[2.208s] -- Up-to-date: /home/cc/ee106a/fa25/class/ee106a-adb/106project/106a-CATCH/lab5/install/ros2_aruco_interfaces/share/ros2_aruco_interfaces/cmake/export_ros2_aruco_interfaces__rosidl_typesupport_fastrtps_cExport.cmake
[2.209s] -- Up-to-date: /home/cc/ee106a/fa25/class/ee106a-adb/106project/106a-CATCH/lab5/install/ros2_aruco_interfaces/share/ros2_aruco_interfaces/cmake/export_ros2_aruco_interfaces__rosidl_typesupport_fastrtps_cExport-noconfig.cmake
[2.212s] -- Up-to-date: /home/cc/ee106a/fa25/class/ee106a-adb/106project/106a-CATCH/lab5/install/ros2_aruco_interfaces/share/ros2_aruco_interfaces/cmake/export_ros2_aruco_interfaces__rosidl_generator_cppExport.cmake
[2.215s] -- Up-to-date: /home/cc/ee106a/fa25/class/ee106a-adb/106project/106a-CATCH/lab5/install/ros2_aruco_interfaces/share/ros2_aruco_interfaces/cmake/export_ros2_aruco_interfaces__rosidl_typesupport_fastrtps_cppExport.cmake
[2.217s] -- Up-to-date: /home/cc/ee106a/fa25/class/ee106a-adb/106project/106a-CATCH/lab5/install/ros2_aruco_interfaces/share/ros2_aruco_interfaces/cmake/export_ros2_aruco_interfaces__rosidl_typesupport_fastrtps_cppExport-noconfig.cmake
[2.220s] -- Up-to-date: /home/cc/ee106a/fa25/class/ee106a-adb/106project/106a-CATCH/lab5/install/ros2_aruco_interfaces/share/ros2_aruco_interfaces/cmake/ros2_aruco_interfaces__rosidl_typesupport_introspection_cExport.cmake
[2.221s] -- Up-to-date: /home/cc/ee106a/fa25/class/ee106a-adb/106project/106a-CATCH/lab5/install/ros2_aruco_interfaces/share/ros2_aruco_interfaces/cmake/ros2_aruco_interfaces__rosidl_typesupport_introspection_cExport-noconfig.cmake
[2.224s] -- Up-to-date: /home/cc/ee106a/fa25/class/ee106a-adb/106project/106a-CATCH/lab5/install/ros2_aruco_interfaces/share/ros2_aruco_interfaces/cmake/ros2_aruco_interfaces__rosidl_typesupport_cExport.cmake
[2.225s] -- Up-to-date: /home/cc/ee106a/fa25/class/ee106a-adb/106project/106a-CATCH/lab5/install/ros2_aruco_interfaces/share/ros2_aruco_interfaces/cmake/ros2_aruco_interfaces__rosidl_typesupport_cExport-noconfig.cmake
[2.230s] -- Up-to-date: /home/cc/ee106a/fa25/class/ee106a-adb/106project/106a-CATCH/lab5/install/ros2_aruco_interfaces/share/ros2_aruco_interfaces/cmake/ros2_aruco_interfaces__rosidl_typesupport_introspection_cppExport.cmake
[2.231s] -- Up-to-date: /home/cc/ee106a/fa25/class/ee106a-adb/106project/106a-CATCH/lab5/install/ros2_aruco_interfaces/share/ros2_aruco_interfaces/cmake/ros2_aruco_interfaces__rosidl_typesupport_introspection_cppExport-noconfig.cmake
[2.235s] -- Up-to-date: /home/cc/ee106a/fa25/class/ee106a-adb/106project/106a-CATCH/lab5/install/ros2_aruco_interfaces/share/ros2_aruco_interfaces/cmake/ros2_aruco_interfaces__rosidl_typesupport_cppExport.cmake
[2.237s] -- Up-to-date: /home/cc/ee106a/fa25/class/ee106a-adb/106project/106a-CATCH/lab5/install/ros2_aruco_interfaces/share/ros2_aruco_interfaces/cmake/ros2_aruco_interfaces__rosidl_typesupport_cppExport-noconfig.cmake
[2.241s] -- Up-to-date: /home/cc/ee106a/fa25/class/ee106a-adb/106project/106a-CATCH/lab5/install/ros2_aruco_interfaces/share/ros2_aruco_interfaces/cmake/export_ros2_aruco_interfaces__rosidl_generator_pyExport.cmake
[2.242s] -- Up-to-date: /home/cc/ee106a/fa25/class/ee106a-adb/106project/106a-CATCH/lab5/install/ros2_aruco_interfaces/share/ros2_aruco_interfaces/cmake/export_ros2_aruco_interfaces__rosidl_generator_pyExport-noconfig.cmake
[2.243s] -- Up-to-date: /home/cc/ee106a/fa25/class/ee106a-adb/106project/106a-CATCH/lab5/install/ros2_aruco_interfaces/share/ros2_aruco_interfaces/cmake/rosidl_cmake-extras.cmake
[2.244s] -- Up-to-date: /home/cc/ee106a/fa25/class/ee106a-adb/106project/106a-CATCH/lab5/install/ros2_aruco_interfaces/share/ros2_aruco_interfaces/cmake/ament_cmake_export_dependencies-extras.cmake
[2.245s] -- Up-to-date: /home/cc/ee106a/fa25/class/ee106a-adb/106project/106a-CATCH/lab5/install/ros2_aruco_interfaces/share/ros2_aruco_interfaces/cmake/ament_cmake_export_include_directories-extras.cmake
[2.246s] -- Up-to-date: /home/cc/ee106a/fa25/class/ee106a-adb/106project/106a-CATCH/lab5/install/ros2_aruco_interfaces/share/ros2_aruco_interfaces/cmake/ament_cmake_export_libraries-extras.cmake
[2.246s] -- Up-to-date: /home/cc/ee106a/fa25/class/ee106a-adb/106project/106a-CATCH/lab5/install/ros2_aruco_interfaces/share/ros2_aruco_interfaces/cmake/ament_cmake_export_targets-extras.cmake
[2.247s] -- Up-to-date: /home/cc/ee106a/fa25/class/ee106a-adb/106project/106a-CATCH/lab5/install/ros2_aruco_interfaces/share/ros2_aruco_interfaces/cmake/rosidl_cmake_export_typesupport_targets-extras.cmake
[2.248s] -- Up-to-date: /home/cc/ee106a/fa25/class/ee106a-adb/106project/106a-CATCH/lab5/install/ros2_aruco_interfaces/share/ros2_aruco_interfaces/cmake/rosidl_cmake_export_typesupport_libraries-extras.cmake
[2.248s] -- Up-to-date: /home/cc/ee106a/fa25/class/ee106a-adb/106project/106a-CATCH/lab5/install/ros2_aruco_interfaces/share/ros2_aruco_interfaces/cmake/ros2_aruco_interfacesConfig.cmake
[2.249s] -- Up-to-date: /home/cc/ee106a/fa25/class/ee106a-adb/106project/106a-CATCH/lab5/install/ros2_aruco_interfaces/share/ros2_aruco_interfaces/cmake/ros2_aruco_interfacesConfig-version.cmake
[2.250s] -- Up-to-date: /home/cc/ee106a/fa25/class/ee106a-adb/106project/106a-CATCH/lab5/install/ros2_aruco_interfaces/share/ros2_aruco_interfaces/package.xml
[2.255s] Invoked command in '/home/cc/ee106a/fa25/class/ee106a-adb/106project/106a-CATCH/lab5/build/ros2_aruco_interfaces' returned '0': CMAKE_PREFIX_PATH=/home/ff/ee106a/robot_workspaces/ur/install/ur7e_utils:/opt/ros/humble /usr/bin/cmake --install /home/cc/ee106a/fa25/class/ee106a-adb/106project/106a-CATCH/lab5/build/ros2_aruco_interfaces
