[1.774s] Invoking command in '/home/cc/ee106a/fa25/class/ee106a-add/106A-CATCH/lab5/src/perception': PYTHONPATH=/home/cc/ee106a/fa25/class/ee106a-add/106A-CATCH/lab5/build/perception/prefix_override:/usr/lib/python3/dist-packages/colcon_core/task/python/colcon_distutils_commands:/home/cc/ee106a/fa25/class/ee106a-add/106A-CATCH/lab5/install/perception/lib/python3.10/site-packages:${PYTHONPATH} /usr/bin/python3 -W ignore:setup.py install is deprecated -W ignore:easy_install command is deprecated setup.py egg_info --egg-base ../../build/perception build --build-base /home/cc/ee106a/fa25/class/ee106a-add/106A-CATCH/lab5/build/perception/build install --record /home/cc/ee106a/fa25/class/ee106a-add/106A-CATCH/lab5/build/perception/install.log --single-version-externally-managed install_data
[2.086s] running egg_info
[2.087s] writing ../../build/perception/perception.egg-info/PKG-INFO
[2.091s] writing dependency_links to ../../build/perception/perception.egg-info/dependency_links.txt
[2.095s] writing entry points to ../../build/perception/perception.egg-info/entry_points.txt
[2.098s] writing requirements to ../../build/perception/perception.egg-info/requires.txt
[2.100s] writing top-level names to ../../build/perception/perception.egg-info/top_level.txt
[2.109s] reading manifest file '../../build/perception/perception.egg-info/SOURCES.txt'
[2.112s] writing manifest file '../../build/perception/perception.egg-info/SOURCES.txt'
[2.114s] running build
[2.114s] running build_py
[2.116s] copying perception/ball_trajectory_estimator.py -> /home/cc/ee106a/fa25/class/ee106a-add/106A-CATCH/lab5/build/perception/build/lib/perception
[2.151s] copying perception/ball_trajectory_estimator copy.py -> /home/cc/ee106a/fa25/class/ee106a-add/106A-CATCH/lab5/build/perception/build/lib/perception
[2.156s] running install
[2.156s] running install_lib
[2.159s] copying /home/cc/ee106a/fa25/class/ee106a-add/106A-CATCH/lab5/build/perception/build/lib/perception/ball_trajectory_estimator.py -> /home/cc/ee106a/fa25/class/ee106a-add/106A-CATCH/lab5/install/perception/lib/python3.10/site-packages/perception
[2.181s] copying /home/cc/ee106a/fa25/class/ee106a-add/106A-CATCH/lab5/build/perception/build/lib/perception/ball_trajectory_estimator copy.py -> /home/cc/ee106a/fa25/class/ee106a-add/106A-CATCH/lab5/install/perception/lib/python3.10/site-packages/perception
[2.189s] byte-compiling /home/cc/ee106a/fa25/class/ee106a-add/106A-CATCH/lab5/install/perception/lib/python3.10/site-packages/perception/ball_trajectory_estimator.py to ball_trajectory_estimator.cpython-310.pyc
[2.603s] byte-compiling /home/cc/ee106a/fa25/class/ee106a-add/106A-CATCH/lab5/install/perception/lib/python3.10/site-packages/perception/ball_trajectory_estimator copy.py to ball_trajectory_estimator copy.cpython-310.pyc
[2.613s] running install_data
[2.613s] running install_egg_info
[2.616s] removing '/home/cc/ee106a/fa25/class/ee106a-add/106A-CATCH/lab5/install/perception/lib/python3.10/site-packages/perception-0.0.0-py3.10.egg-info' (and everything under it)
[2.662s] Copying ../../build/perception/perception.egg-info to /home/cc/ee106a/fa25/class/ee106a-add/106A-CATCH/lab5/install/perception/lib/python3.10/site-packages/perception-0.0.0-py3.10.egg-info
[2.705s] running install_scripts
[2.729s] Installing ball_trajectory_estimator script to /home/cc/ee106a/fa25/class/ee106a-add/106A-CATCH/lab5/install/perception/lib/perception
[2.733s] Installing blob_detector script to /home/cc/ee106a/fa25/class/ee106a-add/106A-CATCH/lab5/install/perception/lib/perception
[2.735s] Installing color_identifier script to /home/cc/ee106a/fa25/class/ee106a-add/106A-CATCH/lab5/install/perception/lib/perception
[2.738s] Installing display_plane script to /home/cc/ee106a/fa25/class/ee106a-add/106A-CATCH/lab5/install/perception/lib/perception
[2.742s] Installing process_depth_image script to /home/cc/ee106a/fa25/class/ee106a-add/106A-CATCH/lab5/install/perception/lib/perception
[2.746s] writing list of installed files to '/home/cc/ee106a/fa25/class/ee106a-add/106A-CATCH/lab5/build/perception/install.log'
[2.781s] Invoked command in '/home/cc/ee106a/fa25/class/ee106a-add/106A-CATCH/lab5/src/perception' returned '0': PYTHONPATH=/home/cc/ee106a/fa25/class/ee106a-add/106A-CATCH/lab5/build/perception/prefix_override:/usr/lib/python3/dist-packages/colcon_core/task/python/colcon_distutils_commands:/home/cc/ee106a/fa25/class/ee106a-add/106A-CATCH/lab5/install/perception/lib/python3.10/site-packages:${PYTHONPATH} /usr/bin/python3 -W ignore:setup.py install is deprecated -W ignore:easy_install command is deprecated setup.py egg_info --egg-base ../../build/perception build --build-base /home/cc/ee106a/fa25/class/ee106a-add/106A-CATCH/lab5/build/perception/build install --record /home/cc/ee106a/fa25/class/ee106a-add/106A-CATCH/lab5/build/perception/install.log --single-version-externally-managed install_data
