[1.211s] Invoking command in '/home/cc/ee106a/fa25/class/ee106a-add/106A-CATCH/CATCH/src/ros2_aruco/ros2_aruco': PYTHONPATH=/home/cc/ee106a/fa25/class/ee106a-add/106A-CATCH/CATCH/src/build/ros2_aruco/prefix_override:/usr/lib/python3/dist-packages/colcon_core/task/python/colcon_distutils_commands:/home/cc/ee106a/fa25/class/ee106a-add/106A-CATCH/CATCH/src/install/ros2_aruco/lib/python3.10/site-packages:${PYTHONPATH} /usr/bin/python3 -W ignore:setup.py install is deprecated -W ignore:easy_install command is deprecated setup.py egg_info --egg-base ../../build/ros2_aruco build --build-base /home/cc/ee106a/fa25/class/ee106a-add/106A-CATCH/CATCH/src/build/ros2_aruco/build install --record /home/cc/ee106a/fa25/class/ee106a-add/106A-CATCH/CATCH/src/build/ros2_aruco/install.log --single-version-externally-managed install_data
[1.429s] running egg_info
[1.430s] creating ../../build/ros2_aruco/ros2_aruco.egg-info
[1.431s] writing ../../build/ros2_aruco/ros2_aruco.egg-info/PKG-INFO
[1.436s] writing dependency_links to ../../build/ros2_aruco/ros2_aruco.egg-info/dependency_links.txt
[1.439s] writing entry points to ../../build/ros2_aruco/ros2_aruco.egg-info/entry_points.txt
[1.442s] writing requirements to ../../build/ros2_aruco/ros2_aruco.egg-info/requires.txt
[1.446s] writing top-level names to ../../build/ros2_aruco/ros2_aruco.egg-info/top_level.txt
[1.450s] writing manifest file '../../build/ros2_aruco/ros2_aruco.egg-info/SOURCES.txt'
[1.460s] reading manifest file '../../build/ros2_aruco/ros2_aruco.egg-info/SOURCES.txt'
[1.464s] writing manifest file '../../build/ros2_aruco/ros2_aruco.egg-info/SOURCES.txt'
[1.469s] running build
[1.469s] running build_py
[1.470s] creating /home/cc/ee106a/fa25/class/ee106a-add/106A-CATCH/CATCH/src/build/ros2_aruco/build
[1.471s] creating /home/cc/ee106a/fa25/class/ee106a-add/106A-CATCH/CATCH/src/build/ros2_aruco/build/lib
[1.471s] creating /home/cc/ee106a/fa25/class/ee106a-add/106A-CATCH/CATCH/src/build/ros2_aruco/build/lib/ros2_aruco
[1.474s] copying ros2_aruco/__init__.py -> /home/cc/ee106a/fa25/class/ee106a-add/106A-CATCH/CATCH/src/build/ros2_aruco/build/lib/ros2_aruco
[1.482s] copying ros2_aruco/aruco_generate_marker.py -> /home/cc/ee106a/fa25/class/ee106a-add/106A-CATCH/CATCH/src/build/ros2_aruco/build/lib/ros2_aruco
[1.491s] copying ros2_aruco/aruco_node.py -> /home/cc/ee106a/fa25/class/ee106a-add/106A-CATCH/CATCH/src/build/ros2_aruco/build/lib/ros2_aruco
[1.498s] copying ros2_aruco/aruco_static_tf_node.py -> /home/cc/ee106a/fa25/class/ee106a-add/106A-CATCH/CATCH/src/build/ros2_aruco/build/lib/ros2_aruco
[1.505s] running install
[1.505s] running install_lib
[1.509s] creating /home/cc/ee106a/fa25/class/ee106a-add/106A-CATCH/CATCH/src/install/ros2_aruco/lib/python3.10/site-packages/ros2_aruco
[1.511s] copying /home/cc/ee106a/fa25/class/ee106a-add/106A-CATCH/CATCH/src/build/ros2_aruco/build/lib/ros2_aruco/__init__.py -> /home/cc/ee106a/fa25/class/ee106a-add/106A-CATCH/CATCH/src/install/ros2_aruco/lib/python3.10/site-packages/ros2_aruco
[1.517s] copying /home/cc/ee106a/fa25/class/ee106a-add/106A-CATCH/CATCH/src/build/ros2_aruco/build/lib/ros2_aruco/aruco_generate_marker.py -> /home/cc/ee106a/fa25/class/ee106a-add/106A-CATCH/CATCH/src/install/ros2_aruco/lib/python3.10/site-packages/ros2_aruco
[1.525s] copying /home/cc/ee106a/fa25/class/ee106a-add/106A-CATCH/CATCH/src/build/ros2_aruco/build/lib/ros2_aruco/aruco_node.py -> /home/cc/ee106a/fa25/class/ee106a-add/106A-CATCH/CATCH/src/install/ros2_aruco/lib/python3.10/site-packages/ros2_aruco
[1.533s] copying /home/cc/ee106a/fa25/class/ee106a-add/106A-CATCH/CATCH/src/build/ros2_aruco/build/lib/ros2_aruco/aruco_static_tf_node.py -> /home/cc/ee106a/fa25/class/ee106a-add/106A-CATCH/CATCH/src/install/ros2_aruco/lib/python3.10/site-packages/ros2_aruco
[1.541s] byte-compiling /home/cc/ee106a/fa25/class/ee106a-add/106A-CATCH/CATCH/src/install/ros2_aruco/lib/python3.10/site-packages/ros2_aruco/__init__.py to __init__.cpython-310.pyc
[1.549s] byte-compiling /home/cc/ee106a/fa25/class/ee106a-add/106A-CATCH/CATCH/src/install/ros2_aruco/lib/python3.10/site-packages/ros2_aruco/aruco_generate_marker.py to aruco_generate_marker.cpython-310.pyc
[1.558s] byte-compiling /home/cc/ee106a/fa25/class/ee106a-add/106A-CATCH/CATCH/src/install/ros2_aruco/lib/python3.10/site-packages/ros2_aruco/aruco_node.py to aruco_node.cpython-310.pyc
[1.566s] byte-compiling /home/cc/ee106a/fa25/class/ee106a-add/106A-CATCH/CATCH/src/install/ros2_aruco/lib/python3.10/site-packages/ros2_aruco/aruco_static_tf_node.py to aruco_static_tf_node.cpython-310.pyc
[1.575s] running install_data
[1.575s] creating /home/cc/ee106a/fa25/class/ee106a-add/106A-CATCH/CATCH/src/install/ros2_aruco/share/ament_index
[1.576s] creating /home/cc/ee106a/fa25/class/ee106a-add/106A-CATCH/CATCH/src/install/ros2_aruco/share/ament_index/resource_index
[1.577s] creating /home/cc/ee106a/fa25/class/ee106a-add/106A-CATCH/CATCH/src/install/ros2_aruco/share/ament_index/resource_index/packages
[1.579s] copying resource/ros2_aruco -> /home/cc/ee106a/fa25/class/ee106a-add/106A-CATCH/CATCH/src/install/ros2_aruco/share/ament_index/resource_index/packages
[1.583s] copying package.xml -> /home/cc/ee106a/fa25/class/ee106a-add/106A-CATCH/CATCH/src/install/ros2_aruco/share/ros2_aruco
[1.591s] creating /home/cc/ee106a/fa25/class/ee106a-add/106A-CATCH/CATCH/src/install/ros2_aruco/share/ros2_aruco/launch
[1.592s] copying launch/aruco_recognition.launch.py -> /home/cc/ee106a/fa25/class/ee106a-add/106A-CATCH/CATCH/src/install/ros2_aruco/share/ros2_aruco/launch
[1.599s] creating /home/cc/ee106a/fa25/class/ee106a-add/106A-CATCH/CATCH/src/install/ros2_aruco/share/ros2_aruco/config
[1.600s] copying config/aruco_parameters.yaml -> /home/cc/ee106a/fa25/class/ee106a-add/106A-CATCH/CATCH/src/install/ros2_aruco/share/ros2_aruco/config
[1.605s] copying config/aruco_parameters_old.yaml -> /home/cc/ee106a/fa25/class/ee106a-add/106A-CATCH/CATCH/src/install/ros2_aruco/share/ros2_aruco/config
[1.610s] running install_egg_info
[1.612s] Copying ../../build/ros2_aruco/ros2_aruco.egg-info to /home/cc/ee106a/fa25/class/ee106a-add/106A-CATCH/CATCH/src/install/ros2_aruco/lib/python3.10/site-packages/ros2_aruco-0.1.0-py3.10.egg-info
[1.661s] running install_scripts
[1.693s] Installing aruco_generate_marker script to /home/cc/ee106a/fa25/class/ee106a-add/106A-CATCH/CATCH/src/install/ros2_aruco/lib/ros2_aruco
[1.697s] Installing aruco_node script to /home/cc/ee106a/fa25/class/ee106a-add/106A-CATCH/CATCH/src/install/ros2_aruco/lib/ros2_aruco
[1.700s] Installing aruco_static_tf_node script to /home/cc/ee106a/fa25/class/ee106a-add/106A-CATCH/CATCH/src/install/ros2_aruco/lib/ros2_aruco
[1.709s] writing list of installed files to '/home/cc/ee106a/fa25/class/ee106a-add/106A-CATCH/CATCH/src/build/ros2_aruco/install.log'
[1.725s] Invoked command in '/home/cc/ee106a/fa25/class/ee106a-add/106A-CATCH/CATCH/src/ros2_aruco/ros2_aruco' returned '0': PYTHONPATH=/home/cc/ee106a/fa25/class/ee106a-add/106A-CATCH/CATCH/src/build/ros2_aruco/prefix_override:/usr/lib/python3/dist-packages/colcon_core/task/python/colcon_distutils_commands:/home/cc/ee106a/fa25/class/ee106a-add/106A-CATCH/CATCH/src/install/ros2_aruco/lib/python3.10/site-packages:${PYTHONPATH} /usr/bin/python3 -W ignore:setup.py install is deprecated -W ignore:easy_install command is deprecated setup.py egg_info --egg-base ../../build/ros2_aruco build --build-base /home/cc/ee106a/fa25/class/ee106a-add/106A-CATCH/CATCH/src/build/ros2_aruco/build install --record /home/cc/ee106a/fa25/class/ee106a-add/106A-CATCH/CATCH/src/build/ros2_aruco/install.log --single-version-externally-managed install_data
