[1.980s] Invoking command in '/home/cc/ee106a/fa25/class/ee106a-adb/106project/106a-CATCH/lab5/src/planning': PYTHONPATH=/home/cc/ee106a/fa25/class/ee106a-adb/106project/106a-CATCH/lab5/build/planning/prefix_override:/usr/lib/python3/dist-packages/colcon_core/task/python/colcon_distutils_commands:/home/cc/ee106a/fa25/class/ee106a-adb/106project/106a-CATCH/lab5/install/planning/lib/python3.10/site-packages:${PYTHONPATH} /usr/bin/python3 -W ignore:setup.py install is deprecated -W ignore:easy_install command is deprecated setup.py egg_info --egg-base ../../build/planning build --build-base /home/cc/ee106a/fa25/class/ee106a-adb/106project/106a-CATCH/lab5/build/planning/build install --record /home/cc/ee106a/fa25/class/ee106a-adb/106project/106a-CATCH/lab5/build/planning/install.log --single-version-externally-managed install_data
[2.364s] running egg_info
[2.366s] writing ../../build/planning/planning.egg-info/PKG-INFO
[2.369s] writing dependency_links to ../../build/planning/planning.egg-info/dependency_links.txt
[2.371s] writing entry points to ../../build/planning/planning.egg-info/entry_points.txt
[2.374s] writing requirements to ../../build/planning/planning.egg-info/requires.txt
[2.376s] writing top-level names to ../../build/planning/planning.egg-info/top_level.txt
[2.383s] reading manifest file '../../build/planning/planning.egg-info/SOURCES.txt'
[2.388s] writing manifest file '../../build/planning/planning.egg-info/SOURCES.txt'
[2.389s] running build
[2.389s] running build_py
[2.393s] running install
[2.393s] running install_lib
[2.397s] running install_data
[2.397s] running install_egg_info
[2.400s] removing '/home/cc/ee106a/fa25/class/ee106a-adb/106project/106a-CATCH/lab5/install/planning/lib/python3.10/site-packages/planning-0.0.0-py3.10.egg-info' (and everything under it)
[2.407s] Copying ../../build/planning/planning.egg-info to /home/cc/ee106a/fa25/class/ee106a-adb/106project/106a-CATCH/lab5/install/planning/lib/python3.10/site-packages/planning-0.0.0-py3.10.egg-info
[2.443s] running install_scripts
[2.462s] Installing ball_catcher_node script to /home/cc/ee106a/fa25/class/ee106a-adb/106project/106a-CATCH/lab5/install/planning/lib/planning
[2.464s] Installing basic_IK script to /home/cc/ee106a/fa25/class/ee106a-adb/106project/106a-CATCH/lab5/install/planning/lib/planning
[2.467s] Installing current_pos script to /home/cc/ee106a/fa25/class/ee106a-adb/106project/106a-CATCH/lab5/install/planning/lib/planning
[2.469s] Installing debug_catcher script to /home/cc/ee106a/fa25/class/ee106a-adb/106project/106a-CATCH/lab5/install/planning/lib/planning
[2.474s] Installing main script to /home/cc/ee106a/fa25/class/ee106a-adb/106project/106a-CATCH/lab5/install/planning/lib/planning
[2.474s] Installing publish_ball script to /home/cc/ee106a/fa25/class/ee106a-adb/106project/106a-CATCH/lab5/install/planning/lib/planning
[2.476s] Installing pyroki_test script to /home/cc/ee106a/fa25/class/ee106a-adb/106project/106a-CATCH/lab5/install/planning/lib/planning
[2.479s] Installing robot_control script to /home/cc/ee106a/fa25/class/ee106a-adb/106project/106a-CATCH/lab5/install/planning/lib/planning
[2.482s] Installing single_pos script to /home/cc/ee106a/fa25/class/ee106a-adb/106project/106a-CATCH/lab5/install/planning/lib/planning
[2.484s] Installing tf script to /home/cc/ee106a/fa25/class/ee106a-adb/106project/106a-CATCH/lab5/install/planning/lib/planning
[2.487s] Installing topic_catcher script to /home/cc/ee106a/fa25/class/ee106a-adb/106project/106a-CATCH/lab5/install/planning/lib/planning
[2.490s] writing list of installed files to '/home/cc/ee106a/fa25/class/ee106a-adb/106project/106a-CATCH/lab5/build/planning/install.log'
[2.513s] Invoked command in '/home/cc/ee106a/fa25/class/ee106a-adb/106project/106a-CATCH/lab5/src/planning' returned '0': PYTHONPATH=/home/cc/ee106a/fa25/class/ee106a-adb/106project/106a-CATCH/lab5/build/planning/prefix_override:/usr/lib/python3/dist-packages/colcon_core/task/python/colcon_distutils_commands:/home/cc/ee106a/fa25/class/ee106a-adb/106project/106a-CATCH/lab5/install/planning/lib/python3.10/site-packages:${PYTHONPATH} /usr/bin/python3 -W ignore:setup.py install is deprecated -W ignore:easy_install command is deprecated setup.py egg_info --egg-base ../../build/planning build --build-base /home/cc/ee106a/fa25/class/ee106a-adb/106project/106a-CATCH/lab5/build/planning/build install --record /home/cc/ee106a/fa25/class/ee106a-adb/106project/106a-CATCH/lab5/build/planning/install.log --single-version-externally-managed install_data
