[0.984s] Invoking command in '/home/cc/ee106a/fa25/class/ee106a-add/106A-CATCH/lab5/build/ros2_aruco_interfaces': CMAKE_PREFIX_PATH=${CMAKE_PREFIX_PATH}:/home/cc/ee106a/fa25/class/ee106a-add/106A-CATCH/lab5/install/ros2_aruco:/home/cc/ee106a/fa25/class/ee106a-add/106A-CATCH/lab5/install/planning:/home/cc/ee106a/fa25/class/ee106a-add/106A-CATCH/lab5/install/perception:/home/ff/ee106a/robot_workspaces/ur/install/ur7e_utils:/opt/ros/humble /usr/bin/cmake --build /home/cc/ee106a/fa25/class/ee106a-add/106A-CATCH/lab5/build/ros2_aruco_interfaces -- -j32 -l32
[1.118s] [  6%] Built target ros2_aruco_interfaces__cpp
[1.121s] [ 12%] Built target ros2_aruco_interfaces__rosidl_generator_c
[1.232s] [ 41%] Built target ros2_aruco_interfaces__rosidl_typesupport_introspection_cpp
[1.241s] [ 67%] Built target ament_cmake_python_copy_ros2_aruco_interfaces
[1.241s] [ 67%] Built target ros2_aruco_interfaces__rosidl_typesupport_cpp
[1.241s] [ 70%] Built target ros2_aruco_interfaces__rosidl_typesupport_introspection_c
[1.242s] [ 70%] Built target ros2_aruco_interfaces__rosidl_typesupport_fastrtps_cpp
[1.242s] [ 70%] Built target ros2_aruco_interfaces__rosidl_typesupport_c
[1.242s] [ 70%] Built target ros2_aruco_interfaces__rosidl_typesupport_fastrtps_c
[1.286s] [ 70%] Built target ros2_aruco_interfaces
[1.328s] [ 74%] Built target ros2_aruco_interfaces__py
[1.387s] [ 80%] Built target ros2_aruco_interfaces__rosidl_generator_py
[1.475s] [100%] Built target ros2_aruco_interfaces__rosidl_typesupport_introspection_c__pyext
[1.476s] [100%] Built target ros2_aruco_interfaces__rosidl_typesupport_fastrtps_c__pyext
[1.477s] [100%] Built target ros2_aruco_interfaces__rosidl_typesupport_c__pyext
[1.653s] running egg_info
[1.655s] writing ros2_aruco_interfaces.egg-info/PKG-INFO
[1.658s] writing dependency_links to ros2_aruco_interfaces.egg-info/dependency_links.txt
[1.662s] writing top-level names to ros2_aruco_interfaces.egg-info/top_level.txt
[1.668s] reading manifest file 'ros2_aruco_interfaces.egg-info/SOURCES.txt'
[1.670s] writing manifest file 'ros2_aruco_interfaces.egg-info/SOURCES.txt'
[1.698s] [100%] Built target ament_cmake_python_build_ros2_aruco_interfaces_egg
[1.736s] Invoked command in '/home/cc/ee106a/fa25/class/ee106a-add/106A-CATCH/lab5/build/ros2_aruco_interfaces' returned '0': CMAKE_PREFIX_PATH=${CMAKE_PREFIX_PATH}:/home/cc/ee106a/fa25/class/ee106a-add/106A-CATCH/lab5/install/ros2_aruco:/home/cc/ee106a/fa25/class/ee106a-add/106A-CATCH/lab5/install/planning:/home/cc/ee106a/fa25/class/ee106a-add/106A-CATCH/lab5/install/perception:/home/ff/ee106a/robot_workspaces/ur/install/ur7e_utils:/opt/ros/humble /usr/bin/cmake --build /home/cc/ee106a/fa25/class/ee106a-add/106A-CATCH/lab5/build/ros2_aruco_interfaces -- -j32 -l32
[1.754s] Invoking command in '/home/cc/ee106a/fa25/class/ee106a-add/106A-CATCH/lab5/build/ros2_aruco_interfaces': CMAKE_PREFIX_PATH=${CMAKE_PREFIX_PATH}:/home/cc/ee106a/fa25/class/ee106a-add/106A-CATCH/lab5/install/ros2_aruco:/home/cc/ee106a/fa25/class/ee106a-add/106A-CATCH/lab5/install/planning:/home/cc/ee106a/fa25/class/ee106a-add/106A-CATCH/lab5/install/perception:/home/ff/ee106a/robot_workspaces/ur/install/ur7e_utils:/opt/ros/humble /usr/bin/cmake --install /home/cc/ee106a/fa25/class/ee106a-add/106A-CATCH/lab5/build/ros2_aruco_interfaces
[1.764s] -- Install configuration: ""
[1.764s] -- Up-to-date: /home/cc/ee106a/fa25/class/ee106a-add/106A-CATCH/lab5/install/ros2_aruco_interfaces/share/ament_index/resource_index/rosidl_interfaces/ros2_aruco_interfaces
[1.765s] -- Up-to-date: /home/cc/ee106a/fa25/class/ee106a-add/106A-CATCH/lab5/install/ros2_aruco_interfaces/include/ros2_aruco_interfaces/ros2_aruco_interfaces
[1.766s] -- Up-to-date: /home/cc/ee106a/fa25/class/ee106a-add/106A-CATCH/lab5/install/ros2_aruco_interfaces/include/ros2_aruco_interfaces/ros2_aruco_interfaces/msg
[1.767s] -- Up-to-date: /home/cc/ee106a/fa25/class/ee106a-add/106A-CATCH/lab5/install/ros2_aruco_interfaces/include/ros2_aruco_interfaces/ros2_aruco_interfaces/msg/aruco_markers.h
[1.767s] -- Up-to-date: /home/cc/ee106a/fa25/class/ee106a-add/106A-CATCH/lab5/install/ros2_aruco_interfaces/include/ros2_aruco_interfaces/ros2_aruco_interfaces/msg/rosidl_generator_c__visibility_control.h
[1.768s] -- Up-to-date: /home/cc/ee106a/fa25/class/ee106a-add/106A-CATCH/lab5/install/ros2_aruco_interfaces/include/ros2_aruco_interfaces/ros2_aruco_interfaces/msg/detail
[1.770s] -- Up-to-date: /home/cc/ee106a/fa25/class/ee106a-add/106A-CATCH/lab5/install/ros2_aruco_interfaces/include/ros2_aruco_interfaces/ros2_aruco_interfaces/msg/detail/aruco_markers__functions.c
[1.770s] -- Up-to-date: /home/cc/ee106a/fa25/class/ee106a-add/106A-CATCH/lab5/install/ros2_aruco_interfaces/include/ros2_aruco_interfaces/ros2_aruco_interfaces/msg/detail/aruco_markers__functions.h
[1.771s] -- Up-to-date: /home/cc/ee106a/fa25/class/ee106a-add/106A-CATCH/lab5/install/ros2_aruco_interfaces/include/ros2_aruco_interfaces/ros2_aruco_interfaces/msg/detail/aruco_markers__struct.h
[1.772s] -- Up-to-date: /home/cc/ee106a/fa25/class/ee106a-add/106A-CATCH/lab5/install/ros2_aruco_interfaces/include/ros2_aruco_interfaces/ros2_aruco_interfaces/msg/detail/aruco_markers__type_support.h
[1.773s] -- Up-to-date: /home/cc/ee106a/fa25/class/ee106a-add/106A-CATCH/lab5/install/ros2_aruco_interfaces/share/ros2_aruco_interfaces/environment/library_path.sh
[1.774s] -- Up-to-date: /home/cc/ee106a/fa25/class/ee106a-add/106A-CATCH/lab5/install/ros2_aruco_interfaces/share/ros2_aruco_interfaces/environment/library_path.dsv
[1.777s] -- Up-to-date: /home/cc/ee106a/fa25/class/ee106a-add/106A-CATCH/lab5/install/ros2_aruco_interfaces/lib/libros2_aruco_interfaces__rosidl_generator_c.so
[1.783s] -- Up-to-date: /home/cc/ee106a/fa25/class/ee106a-add/106A-CATCH/lab5/install/ros2_aruco_interfaces/include/ros2_aruco_interfaces/ros2_aruco_interfaces
[1.784s] -- Up-to-date: /home/cc/ee106a/fa25/class/ee106a-add/106A-CATCH/lab5/install/ros2_aruco_interfaces/include/ros2_aruco_interfaces/ros2_aruco_interfaces/msg
[1.786s] -- Up-to-date: /home/cc/ee106a/fa25/class/ee106a-add/106A-CATCH/lab5/install/ros2_aruco_interfaces/include/ros2_aruco_interfaces/ros2_aruco_interfaces/msg/detail
[1.787s] -- Up-to-date: /home/cc/ee106a/fa25/class/ee106a-add/106A-CATCH/lab5/install/ros2_aruco_interfaces/include/ros2_aruco_interfaces/ros2_aruco_interfaces/msg/detail/aruco_markers__rosidl_typesupport_fastrtps_c.h
[1.788s] -- Up-to-date: /home/cc/ee106a/fa25/class/ee106a-add/106A-CATCH/lab5/install/ros2_aruco_interfaces/include/ros2_aruco_interfaces/ros2_aruco_interfaces/msg/rosidl_typesupport_fastrtps_c__visibility_control.h
[1.791s] -- Up-to-date: /home/cc/ee106a/fa25/class/ee106a-add/106A-CATCH/lab5/install/ros2_aruco_interfaces/lib/libros2_aruco_interfaces__rosidl_typesupport_fastrtps_c.so
[1.794s] -- Up-to-date: /home/cc/ee106a/fa25/class/ee106a-add/106A-CATCH/lab5/install/ros2_aruco_interfaces/include/ros2_aruco_interfaces/ros2_aruco_interfaces
[1.796s] -- Up-to-date: /home/cc/ee106a/fa25/class/ee106a-add/106A-CATCH/lab5/install/ros2_aruco_interfaces/include/ros2_aruco_interfaces/ros2_aruco_interfaces/msg
[1.797s] -- Up-to-date: /home/cc/ee106a/fa25/class/ee106a-add/106A-CATCH/lab5/install/ros2_aruco_interfaces/include/ros2_aruco_interfaces/ros2_aruco_interfaces/msg/aruco_markers.hpp
[1.798s] -- Up-to-date: /home/cc/ee106a/fa25/class/ee106a-add/106A-CATCH/lab5/install/ros2_aruco_interfaces/include/ros2_aruco_interfaces/ros2_aruco_interfaces/msg/rosidl_generator_cpp__visibility_control.hpp
[1.799s] -- Up-to-date: /home/cc/ee106a/fa25/class/ee106a-add/106A-CATCH/lab5/install/ros2_aruco_interfaces/include/ros2_aruco_interfaces/ros2_aruco_interfaces/msg/detail
[1.800s] -- Up-to-date: /home/cc/ee106a/fa25/class/ee106a-add/106A-CATCH/lab5/install/ros2_aruco_interfaces/include/ros2_aruco_interfaces/ros2_aruco_interfaces/msg/detail/aruco_markers__builder.hpp
[1.801s] -- Up-to-date: /home/cc/ee106a/fa25/class/ee106a-add/106A-CATCH/lab5/install/ros2_aruco_interfaces/include/ros2_aruco_interfaces/ros2_aruco_interfaces/msg/detail/aruco_markers__struct.hpp
[1.802s] -- Up-to-date: /home/cc/ee106a/fa25/class/ee106a-add/106A-CATCH/lab5/install/ros2_aruco_interfaces/include/ros2_aruco_interfaces/ros2_aruco_interfaces/msg/detail/aruco_markers__traits.hpp
[1.802s] -- Up-to-date: /home/cc/ee106a/fa25/class/ee106a-add/106A-CATCH/lab5/install/ros2_aruco_interfaces/include/ros2_aruco_interfaces/ros2_aruco_interfaces/msg/detail/aruco_markers__type_support.hpp
[1.803s] -- Up-to-date: /home/cc/ee106a/fa25/class/ee106a-add/106A-CATCH/lab5/install/ros2_aruco_interfaces/include/ros2_aruco_interfaces/ros2_aruco_interfaces
[1.804s] -- Up-to-date: /home/cc/ee106a/fa25/class/ee106a-add/106A-CATCH/lab5/install/ros2_aruco_interfaces/include/ros2_aruco_interfaces/ros2_aruco_interfaces/msg
[1.805s] -- Up-to-date: /home/cc/ee106a/fa25/class/ee106a-add/106A-CATCH/lab5/install/ros2_aruco_interfaces/include/ros2_aruco_interfaces/ros2_aruco_interfaces/msg/detail
[1.807s] -- Up-to-date: /home/cc/ee106a/fa25/class/ee106a-add/106A-CATCH/lab5/install/ros2_aruco_interfaces/include/ros2_aruco_interfaces/ros2_aruco_interfaces/msg/detail/aruco_markers__rosidl_typesupport_fastrtps_cpp.hpp
[1.808s] -- Up-to-date: /home/cc/ee106a/fa25/class/ee106a-add/106A-CATCH/lab5/install/ros2_aruco_interfaces/include/ros2_aruco_interfaces/ros2_aruco_interfaces/msg/detail/dds_fastrtps
[1.810s] -- Up-to-date: /home/cc/ee106a/fa25/class/ee106a-add/106A-CATCH/lab5/install/ros2_aruco_interfaces/include/ros2_aruco_interfaces/ros2_aruco_interfaces/msg/rosidl_typesupport_fastrtps_cpp__visibility_control.h
[1.813s] -- Up-to-date: /home/cc/ee106a/fa25/class/ee106a-add/106A-CATCH/lab5/install/ros2_aruco_interfaces/lib/libros2_aruco_interfaces__rosidl_typesupport_fastrtps_cpp.so
[1.816s] -- Up-to-date: /home/cc/ee106a/fa25/class/ee106a-add/106A-CATCH/lab5/install/ros2_aruco_interfaces/include/ros2_aruco_interfaces/ros2_aruco_interfaces
[1.818s] -- Up-to-date: /home/cc/ee106a/fa25/class/ee106a-add/106A-CATCH/lab5/install/ros2_aruco_interfaces/include/ros2_aruco_interfaces/ros2_aruco_interfaces/msg
[1.819s] -- Up-to-date: /home/cc/ee106a/fa25/class/ee106a-add/106A-CATCH/lab5/install/ros2_aruco_interfaces/include/ros2_aruco_interfaces/ros2_aruco_interfaces/msg/detail
[1.821s] -- Up-to-date: /home/cc/ee106a/fa25/class/ee106a-add/106A-CATCH/lab5/install/ros2_aruco_interfaces/include/ros2_aruco_interfaces/ros2_aruco_interfaces/msg/detail/aruco_markers__rosidl_typesupport_introspection_c.h
[1.822s] -- Up-to-date: /home/cc/ee106a/fa25/class/ee106a-add/106A-CATCH/lab5/install/ros2_aruco_interfaces/include/ros2_aruco_interfaces/ros2_aruco_interfaces/msg/detail/aruco_markers__type_support.c
[1.823s] -- Up-to-date: /home/cc/ee106a/fa25/class/ee106a-add/106A-CATCH/lab5/install/ros2_aruco_interfaces/include/ros2_aruco_interfaces/ros2_aruco_interfaces/msg/rosidl_typesupport_introspection_c__visibility_control.h
[1.826s] -- Up-to-date: /home/cc/ee106a/fa25/class/ee106a-add/106A-CATCH/lab5/install/ros2_aruco_interfaces/lib/libros2_aruco_interfaces__rosidl_typesupport_introspection_c.so
[1.831s] -- Up-to-date: /home/cc/ee106a/fa25/class/ee106a-add/106A-CATCH/lab5/install/ros2_aruco_interfaces/lib/libros2_aruco_interfaces__rosidl_typesupport_c.so
[1.833s] -- Up-to-date: /home/cc/ee106a/fa25/class/ee106a-add/106A-CATCH/lab5/install/ros2_aruco_interfaces/include/ros2_aruco_interfaces/ros2_aruco_interfaces
[1.835s] -- Up-to-date: /home/cc/ee106a/fa25/class/ee106a-add/106A-CATCH/lab5/install/ros2_aruco_interfaces/include/ros2_aruco_interfaces/ros2_aruco_interfaces/msg
[1.836s] -- Up-to-date: /home/cc/ee106a/fa25/class/ee106a-add/106A-CATCH/lab5/install/ros2_aruco_interfaces/include/ros2_aruco_interfaces/ros2_aruco_interfaces/msg/detail
[1.838s] -- Up-to-date: /home/cc/ee106a/fa25/class/ee106a-add/106A-CATCH/lab5/install/ros2_aruco_interfaces/include/ros2_aruco_interfaces/ros2_aruco_interfaces/msg/detail/aruco_markers__rosidl_typesupport_introspection_cpp.hpp
[1.839s] -- Up-to-date: /home/cc/ee106a/fa25/class/ee106a-add/106A-CATCH/lab5/install/ros2_aruco_interfaces/include/ros2_aruco_interfaces/ros2_aruco_interfaces/msg/detail/aruco_markers__type_support.cpp
[1.842s] -- Up-to-date: /home/cc/ee106a/fa25/class/ee106a-add/106A-CATCH/lab5/install/ros2_aruco_interfaces/lib/libros2_aruco_interfaces__rosidl_typesupport_introspection_cpp.so
[1.849s] -- Up-to-date: /home/cc/ee106a/fa25/class/ee106a-add/106A-CATCH/lab5/install/ros2_aruco_interfaces/lib/libros2_aruco_interfaces__rosidl_typesupport_cpp.so
[1.852s] -- Up-to-date: /home/cc/ee106a/fa25/class/ee106a-add/106A-CATCH/lab5/install/ros2_aruco_interfaces/share/ros2_aruco_interfaces/environment/pythonpath.sh
[1.853s] -- Up-to-date: /home/cc/ee106a/fa25/class/ee106a-add/106A-CATCH/lab5/install/ros2_aruco_interfaces/share/ros2_aruco_interfaces/environment/pythonpath.dsv
[1.854s] -- Up-to-date: /home/cc/ee106a/fa25/class/ee106a-add/106A-CATCH/lab5/install/ros2_aruco_interfaces/local/lib/python3.10/dist-packages/ros2_aruco_interfaces-0.1.0-py3.10.egg-info
[1.856s] -- Installing: /home/cc/ee106a/fa25/class/ee106a-add/106A-CATCH/lab5/install/ros2_aruco_interfaces/local/lib/python3.10/dist-packages/ros2_aruco_interfaces-0.1.0-py3.10.egg-info/PKG-INFO
[1.862s] -- Installing: /home/cc/ee106a/fa25/class/ee106a-add/106A-CATCH/lab5/install/ros2_aruco_interfaces/local/lib/python3.10/dist-packages/ros2_aruco_interfaces-0.1.0-py3.10.egg-info/dependency_links.txt
[1.869s] -- Installing: /home/cc/ee106a/fa25/class/ee106a-add/106A-CATCH/lab5/install/ros2_aruco_interfaces/local/lib/python3.10/dist-packages/ros2_aruco_interfaces-0.1.0-py3.10.egg-info/top_level.txt
[1.875s] -- Installing: /home/cc/ee106a/fa25/class/ee106a-add/106A-CATCH/lab5/install/ros2_aruco_interfaces/local/lib/python3.10/dist-packages/ros2_aruco_interfaces-0.1.0-py3.10.egg-info/SOURCES.txt
[1.882s] -- Up-to-date: /home/cc/ee106a/fa25/class/ee106a-add/106A-CATCH/lab5/install/ros2_aruco_interfaces/local/lib/python3.10/dist-packages/ros2_aruco_interfaces
[1.883s] -- Up-to-date: /home/cc/ee106a/fa25/class/ee106a-add/106A-CATCH/lab5/install/ros2_aruco_interfaces/local/lib/python3.10/dist-packages/ros2_aruco_interfaces/__init__.py
[1.884s] -- Up-to-date: /home/cc/ee106a/fa25/class/ee106a-add/106A-CATCH/lab5/install/ros2_aruco_interfaces/local/lib/python3.10/dist-packages/ros2_aruco_interfaces/msg
[1.886s] -- Up-to-date: /home/cc/ee106a/fa25/class/ee106a-add/106A-CATCH/lab5/install/ros2_aruco_interfaces/local/lib/python3.10/dist-packages/ros2_aruco_interfaces/msg/_aruco_markers.py
[1.886s] -- Up-to-date: /home/cc/ee106a/fa25/class/ee106a-add/106A-CATCH/lab5/install/ros2_aruco_interfaces/local/lib/python3.10/dist-packages/ros2_aruco_interfaces/msg/_aruco_markers_s.c
[1.887s] -- Up-to-date: /home/cc/ee106a/fa25/class/ee106a-add/106A-CATCH/lab5/install/ros2_aruco_interfaces/local/lib/python3.10/dist-packages/ros2_aruco_interfaces/msg/__init__.py
[1.888s] -- Up-to-date: /home/cc/ee106a/fa25/class/ee106a-add/106A-CATCH/lab5/install/ros2_aruco_interfaces/local/lib/python3.10/dist-packages/ros2_aruco_interfaces/_ros2_aruco_interfaces_s.ep.rosidl_typesupport_fastrtps_c.c
[1.888s] -- Up-to-date: /home/cc/ee106a/fa25/class/ee106a-add/106A-CATCH/lab5/install/ros2_aruco_interfaces/local/lib/python3.10/dist-packages/ros2_aruco_interfaces/_ros2_aruco_interfaces_s.ep.rosidl_typesupport_introspection_c.c
[1.890s] -- Up-to-date: /home/cc/ee106a/fa25/class/ee106a-add/106A-CATCH/lab5/install/ros2_aruco_interfaces/local/lib/python3.10/dist-packages/ros2_aruco_interfaces/_ros2_aruco_interfaces_s.ep.rosidl_typesupport_c.c
[1.890s] -- Up-to-date: /home/cc/ee106a/fa25/class/ee106a-add/106A-CATCH/lab5/install/ros2_aruco_interfaces/local/lib/python3.10/dist-packages/ros2_aruco_interfaces/libros2_aruco_interfaces__rosidl_generator_py.so
[1.892s] -- Up-to-date: /home/cc/ee106a/fa25/class/ee106a-add/106A-CATCH/lab5/install/ros2_aruco_interfaces/local/lib/python3.10/dist-packages/ros2_aruco_interfaces/ros2_aruco_interfaces_s__rosidl_typesupport_c.cpython-310-x86_64-linux-gnu.so
[1.892s] -- Up-to-date: /home/cc/ee106a/fa25/class/ee106a-add/106A-CATCH/lab5/install/ros2_aruco_interfaces/local/lib/python3.10/dist-packages/ros2_aruco_interfaces/ros2_aruco_interfaces_s__rosidl_typesupport_fastrtps_c.cpython-310-x86_64-linux-gnu.so
[1.893s] -- Up-to-date: /home/cc/ee106a/fa25/class/ee106a-add/106A-CATCH/lab5/install/ros2_aruco_interfaces/local/lib/python3.10/dist-packages/ros2_aruco_interfaces/ros2_aruco_interfaces_s__rosidl_typesupport_introspection_c.cpython-310-x86_64-linux-gnu.so
[1.960s] Listing '/home/cc/ee106a/fa25/class/ee106a-add/106A-CATCH/lab5/install/ros2_aruco_interfaces/local/lib/python3.10/dist-packages/ros2_aruco_interfaces'...
[1.960s] Listing '/home/cc/ee106a/fa25/class/ee106a-add/106A-CATCH/lab5/install/ros2_aruco_interfaces/local/lib/python3.10/dist-packages/ros2_aruco_interfaces/msg'...
[1.969s] -- Up-to-date: /home/cc/ee106a/fa25/class/ee106a-add/106A-CATCH/lab5/install/ros2_aruco_interfaces/local/lib/python3.10/dist-packages/ros2_aruco_interfaces/ros2_aruco_interfaces_s__rosidl_typesupport_fastrtps_c.cpython-310-x86_64-linux-gnu.so
[1.978s] -- Up-to-date: /home/cc/ee106a/fa25/class/ee106a-add/106A-CATCH/lab5/install/ros2_aruco_interfaces/local/lib/python3.10/dist-packages/ros2_aruco_interfaces/ros2_aruco_interfaces_s__rosidl_typesupport_introspection_c.cpython-310-x86_64-linux-gnu.so
[1.985s] -- Up-to-date: /home/cc/ee106a/fa25/class/ee106a-add/106A-CATCH/lab5/install/ros2_aruco_interfaces/local/lib/python3.10/dist-packages/ros2_aruco_interfaces/ros2_aruco_interfaces_s__rosidl_typesupport_c.cpython-310-x86_64-linux-gnu.so
[1.993s] -- Up-to-date: /home/cc/ee106a/fa25/class/ee106a-add/106A-CATCH/lab5/install/ros2_aruco_interfaces/lib/libros2_aruco_interfaces__rosidl_generator_py.so
[1.998s] -- Up-to-date: /home/cc/ee106a/fa25/class/ee106a-add/106A-CATCH/lab5/install/ros2_aruco_interfaces/share/ros2_aruco_interfaces/msg/ArucoMarkers.idl
[1.999s] -- Up-to-date: /home/cc/ee106a/fa25/class/ee106a-add/106A-CATCH/lab5/install/ros2_aruco_interfaces/share/ros2_aruco_interfaces/msg/ArucoMarkers.msg
[2.001s] -- Up-to-date: /home/cc/ee106a/fa25/class/ee106a-add/106A-CATCH/lab5/install/ros2_aruco_interfaces/share/ament_index/resource_index/package_run_dependencies/ros2_aruco_interfaces
[2.002s] -- Up-to-date: /home/cc/ee106a/fa25/class/ee106a-add/106A-CATCH/lab5/install/ros2_aruco_interfaces/share/ament_index/resource_index/parent_prefix_path/ros2_aruco_interfaces
[2.002s] -- Up-to-date: /home/cc/ee106a/fa25/class/ee106a-add/106A-CATCH/lab5/install/ros2_aruco_interfaces/share/ros2_aruco_interfaces/environment/ament_prefix_path.sh
[2.003s] -- Up-to-date: /home/cc/ee106a/fa25/class/ee106a-add/106A-CATCH/lab5/install/ros2_aruco_interfaces/share/ros2_aruco_interfaces/environment/ament_prefix_path.dsv
[2.004s] -- Up-to-date: /home/cc/ee106a/fa25/class/ee106a-add/106A-CATCH/lab5/install/ros2_aruco_interfaces/share/ros2_aruco_interfaces/environment/path.sh
[2.004s] -- Up-to-date: /home/cc/ee106a/fa25/class/ee106a-add/106A-CATCH/lab5/install/ros2_aruco_interfaces/share/ros2_aruco_interfaces/environment/path.dsv
[2.006s] -- Up-to-date: /home/cc/ee106a/fa25/class/ee106a-add/106A-CATCH/lab5/install/ros2_aruco_interfaces/share/ros2_aruco_interfaces/local_setup.bash
[2.006s] -- Up-to-date: /home/cc/ee106a/fa25/class/ee106a-add/106A-CATCH/lab5/install/ros2_aruco_interfaces/share/ros2_aruco_interfaces/local_setup.sh
[2.007s] -- Up-to-date: /home/cc/ee106a/fa25/class/ee106a-add/106A-CATCH/lab5/install/ros2_aruco_interfaces/share/ros2_aruco_interfaces/local_setup.zsh
[2.008s] -- Up-to-date: /home/cc/ee106a/fa25/class/ee106a-add/106A-CATCH/lab5/install/ros2_aruco_interfaces/share/ros2_aruco_interfaces/local_setup.dsv
[2.009s] -- Installing: /home/cc/ee106a/fa25/class/ee106a-add/106A-CATCH/lab5/install/ros2_aruco_interfaces/share/ros2_aruco_interfaces/package.dsv
[2.022s] -- Up-to-date: /home/cc/ee106a/fa25/class/ee106a-add/106A-CATCH/lab5/install/ros2_aruco_interfaces/share/ament_index/resource_index/packages/ros2_aruco_interfaces
[2.027s] -- Up-to-date: /home/cc/ee106a/fa25/class/ee106a-add/106A-CATCH/lab5/install/ros2_aruco_interfaces/share/ros2_aruco_interfaces/cmake/export_ros2_aruco_interfaces__rosidl_generator_cExport.cmake
[2.027s] -- Up-to-date: /home/cc/ee106a/fa25/class/ee106a-add/106A-CATCH/lab5/install/ros2_aruco_interfaces/share/ros2_aruco_interfaces/cmake/export_ros2_aruco_interfaces__rosidl_generator_cExport-noconfig.cmake
[2.032s] -- Up-to-date: /home/cc/ee106a/fa25/class/ee106a-add/106A-CATCH/lab5/install/ros2_aruco_interfaces/share/ros2_aruco_interfaces/cmake/export_ros2_aruco_interfaces__rosidl_typesupport_fastrtps_cExport.cmake
[2.032s] -- Up-to-date: /home/cc/ee106a/fa25/class/ee106a-add/106A-CATCH/lab5/install/ros2_aruco_interfaces/share/ros2_aruco_interfaces/cmake/export_ros2_aruco_interfaces__rosidl_typesupport_fastrtps_cExport-noconfig.cmake
[2.037s] -- Up-to-date: /home/cc/ee106a/fa25/class/ee106a-add/106A-CATCH/lab5/install/ros2_aruco_interfaces/share/ros2_aruco_interfaces/cmake/export_ros2_aruco_interfaces__rosidl_generator_cppExport.cmake
[2.042s] -- Up-to-date: /home/cc/ee106a/fa25/class/ee106a-add/106A-CATCH/lab5/install/ros2_aruco_interfaces/share/ros2_aruco_interfaces/cmake/export_ros2_aruco_interfaces__rosidl_typesupport_fastrtps_cppExport.cmake
[2.043s] -- Up-to-date: /home/cc/ee106a/fa25/class/ee106a-add/106A-CATCH/lab5/install/ros2_aruco_interfaces/share/ros2_aruco_interfaces/cmake/export_ros2_aruco_interfaces__rosidl_typesupport_fastrtps_cppExport-noconfig.cmake
[2.047s] -- Up-to-date: /home/cc/ee106a/fa25/class/ee106a-add/106A-CATCH/lab5/install/ros2_aruco_interfaces/share/ros2_aruco_interfaces/cmake/ros2_aruco_interfaces__rosidl_typesupport_introspection_cExport.cmake
[2.048s] -- Up-to-date: /home/cc/ee106a/fa25/class/ee106a-add/106A-CATCH/lab5/install/ros2_aruco_interfaces/share/ros2_aruco_interfaces/cmake/ros2_aruco_interfaces__rosidl_typesupport_introspection_cExport-noconfig.cmake
[2.053s] -- Up-to-date: /home/cc/ee106a/fa25/class/ee106a-add/106A-CATCH/lab5/install/ros2_aruco_interfaces/share/ros2_aruco_interfaces/cmake/ros2_aruco_interfaces__rosidl_typesupport_cExport.cmake
[2.053s] -- Up-to-date: /home/cc/ee106a/fa25/class/ee106a-add/106A-CATCH/lab5/install/ros2_aruco_interfaces/share/ros2_aruco_interfaces/cmake/ros2_aruco_interfaces__rosidl_typesupport_cExport-noconfig.cmake
[2.058s] -- Up-to-date: /home/cc/ee106a/fa25/class/ee106a-add/106A-CATCH/lab5/install/ros2_aruco_interfaces/share/ros2_aruco_interfaces/cmake/ros2_aruco_interfaces__rosidl_typesupport_introspection_cppExport.cmake
[2.058s] -- Up-to-date: /home/cc/ee106a/fa25/class/ee106a-add/106A-CATCH/lab5/install/ros2_aruco_interfaces/share/ros2_aruco_interfaces/cmake/ros2_aruco_interfaces__rosidl_typesupport_introspection_cppExport-noconfig.cmake
[2.061s] -- Up-to-date: /home/cc/ee106a/fa25/class/ee106a-add/106A-CATCH/lab5/install/ros2_aruco_interfaces/share/ros2_aruco_interfaces/cmake/ros2_aruco_interfaces__rosidl_typesupport_cppExport.cmake
[2.062s] -- Up-to-date: /home/cc/ee106a/fa25/class/ee106a-add/106A-CATCH/lab5/install/ros2_aruco_interfaces/share/ros2_aruco_interfaces/cmake/ros2_aruco_interfaces__rosidl_typesupport_cppExport-noconfig.cmake
[2.065s] -- Up-to-date: /home/cc/ee106a/fa25/class/ee106a-add/106A-CATCH/lab5/install/ros2_aruco_interfaces/share/ros2_aruco_interfaces/cmake/export_ros2_aruco_interfaces__rosidl_generator_pyExport.cmake
[2.066s] -- Up-to-date: /home/cc/ee106a/fa25/class/ee106a-add/106A-CATCH/lab5/install/ros2_aruco_interfaces/share/ros2_aruco_interfaces/cmake/export_ros2_aruco_interfaces__rosidl_generator_pyExport-noconfig.cmake
[2.067s] -- Up-to-date: /home/cc/ee106a/fa25/class/ee106a-add/106A-CATCH/lab5/install/ros2_aruco_interfaces/share/ros2_aruco_interfaces/cmake/rosidl_cmake-extras.cmake
[2.068s] -- Up-to-date: /home/cc/ee106a/fa25/class/ee106a-add/106A-CATCH/lab5/install/ros2_aruco_interfaces/share/ros2_aruco_interfaces/cmake/ament_cmake_export_dependencies-extras.cmake
[2.068s] -- Up-to-date: /home/cc/ee106a/fa25/class/ee106a-add/106A-CATCH/lab5/install/ros2_aruco_interfaces/share/ros2_aruco_interfaces/cmake/ament_cmake_export_include_directories-extras.cmake
[2.069s] -- Up-to-date: /home/cc/ee106a/fa25/class/ee106a-add/106A-CATCH/lab5/install/ros2_aruco_interfaces/share/ros2_aruco_interfaces/cmake/ament_cmake_export_libraries-extras.cmake
[2.070s] -- Up-to-date: /home/cc/ee106a/fa25/class/ee106a-add/106A-CATCH/lab5/install/ros2_aruco_interfaces/share/ros2_aruco_interfaces/cmake/ament_cmake_export_targets-extras.cmake
[2.071s] -- Up-to-date: /home/cc/ee106a/fa25/class/ee106a-add/106A-CATCH/lab5/install/ros2_aruco_interfaces/share/ros2_aruco_interfaces/cmake/rosidl_cmake_export_typesupport_targets-extras.cmake
[2.072s] -- Up-to-date: /home/cc/ee106a/fa25/class/ee106a-add/106A-CATCH/lab5/install/ros2_aruco_interfaces/share/ros2_aruco_interfaces/cmake/rosidl_cmake_export_typesupport_libraries-extras.cmake
[2.072s] -- Up-to-date: /home/cc/ee106a/fa25/class/ee106a-add/106A-CATCH/lab5/install/ros2_aruco_interfaces/share/ros2_aruco_interfaces/cmake/ros2_aruco_interfacesConfig.cmake
[2.074s] -- Up-to-date: /home/cc/ee106a/fa25/class/ee106a-add/106A-CATCH/lab5/install/ros2_aruco_interfaces/share/ros2_aruco_interfaces/cmake/ros2_aruco_interfacesConfig-version.cmake
[2.075s] -- Up-to-date: /home/cc/ee106a/fa25/class/ee106a-add/106A-CATCH/lab5/install/ros2_aruco_interfaces/share/ros2_aruco_interfaces/package.xml
[2.150s] Invoked command in '/home/cc/ee106a/fa25/class/ee106a-add/106A-CATCH/lab5/build/ros2_aruco_interfaces' returned '0': CMAKE_PREFIX_PATH=${CMAKE_PREFIX_PATH}:/home/cc/ee106a/fa25/class/ee106a-add/106A-CATCH/lab5/install/ros2_aruco:/home/cc/ee106a/fa25/class/ee106a-add/106A-CATCH/lab5/install/planning:/home/cc/ee106a/fa25/class/ee106a-add/106A-CATCH/lab5/install/perception:/home/ff/ee106a/robot_workspaces/ur/install/ur7e_utils:/opt/ros/humble /usr/bin/cmake --install /home/cc/ee106a/fa25/class/ee106a-add/106A-CATCH/lab5/build/ros2_aruco_interfaces
