[2.072s] Invoking command in '/home/cc/ee106a/fa25/class/ee106a-add/106A-CATCH/CATCH/src/perception': PYTHONPATH=/home/cc/ee106a/fa25/class/ee106a-add/106A-CATCH/CATCH/build/perception/prefix_override:/usr/lib/python3/dist-packages/colcon_core/task/python/colcon_distutils_commands:/home/cc/ee106a/fa25/class/ee106a-add/106A-CATCH/CATCH/install/perception/lib/python3.10/site-packages:${PYTHONPATH} /usr/bin/python3 -W ignore:setup.py install is deprecated -W ignore:easy_install command is deprecated setup.py egg_info --egg-base ../../build/perception build --build-base /home/cc/ee106a/fa25/class/ee106a-add/106A-CATCH/CATCH/build/perception/build install --record /home/cc/ee106a/fa25/class/ee106a-add/106A-CATCH/CATCH/build/perception/install.log --single-version-externally-managed install_data
[2.454s] running egg_info
[2.456s] writing ../../build/perception/perception.egg-info/PKG-INFO
[2.460s] writing dependency_links to ../../build/perception/perception.egg-info/dependency_links.txt
[2.463s] writing entry points to ../../build/perception/perception.egg-info/entry_points.txt
[2.466s] writing requirements to ../../build/perception/perception.egg-info/requires.txt
[2.468s] writing top-level names to ../../build/perception/perception.egg-info/top_level.txt
[2.474s] reading manifest file '../../build/perception/perception.egg-info/SOURCES.txt'
[2.477s] writing manifest file '../../build/perception/perception.egg-info/SOURCES.txt'
[2.479s] running build
[2.479s] running build_py
[2.481s] copying perception/closest_predicted_point.py -> /home/cc/ee106a/fa25/class/ee106a-add/106A-CATCH/CATCH/build/perception/build/lib/perception
[2.485s] running install
[2.486s] running install_lib
[2.489s] copying /home/cc/ee106a/fa25/class/ee106a-add/106A-CATCH/CATCH/build/perception/build/lib/perception/closest_predicted_point.py -> /home/cc/ee106a/fa25/class/ee106a-add/106A-CATCH/CATCH/install/perception/lib/python3.10/site-packages/perception
[2.497s] byte-compiling /home/cc/ee106a/fa25/class/ee106a-add/106A-CATCH/CATCH/install/perception/lib/python3.10/site-packages/perception/closest_predicted_point.py to closest_predicted_point.cpython-310.pyc
[2.504s] running install_data
[2.505s] running install_egg_info
[2.506s] removing '/home/cc/ee106a/fa25/class/ee106a-add/106A-CATCH/CATCH/install/perception/lib/python3.10/site-packages/perception-0.0.0-py3.10.egg-info' (and everything under it)
[2.512s] Copying ../../build/perception/perception.egg-info to /home/cc/ee106a/fa25/class/ee106a-add/106A-CATCH/CATCH/install/perception/lib/python3.10/site-packages/perception-0.0.0-py3.10.egg-info
[2.558s] running install_scripts
[2.599s] Installing ball_trajectory_estimator script to /home/cc/ee106a/fa25/class/ee106a-add/106A-CATCH/CATCH/install/perception/lib/perception
[2.607s] Installing blob_detector script to /home/cc/ee106a/fa25/class/ee106a-add/106A-CATCH/CATCH/install/perception/lib/perception
[2.610s] Installing closest_predicted_point script to /home/cc/ee106a/fa25/class/ee106a-add/106A-CATCH/CATCH/install/perception/lib/perception
[2.614s] Installing color_identifier script to /home/cc/ee106a/fa25/class/ee106a-add/106A-CATCH/CATCH/install/perception/lib/perception
[2.617s] Installing display_plane script to /home/cc/ee106a/fa25/class/ee106a-add/106A-CATCH/CATCH/install/perception/lib/perception
[2.620s] Installing process_depth_image script to /home/cc/ee106a/fa25/class/ee106a-add/106A-CATCH/CATCH/install/perception/lib/perception
[2.623s] Installing zxLS script to /home/cc/ee106a/fa25/class/ee106a-add/106A-CATCH/CATCH/install/perception/lib/perception
[2.627s] writing list of installed files to '/home/cc/ee106a/fa25/class/ee106a-add/106A-CATCH/CATCH/build/perception/install.log'
[2.759s] Invoked command in '/home/cc/ee106a/fa25/class/ee106a-add/106A-CATCH/CATCH/src/perception' returned '0': PYTHONPATH=/home/cc/ee106a/fa25/class/ee106a-add/106A-CATCH/CATCH/build/perception/prefix_override:/usr/lib/python3/dist-packages/colcon_core/task/python/colcon_distutils_commands:/home/cc/ee106a/fa25/class/ee106a-add/106A-CATCH/CATCH/install/perception/lib/python3.10/site-packages:${PYTHONPATH} /usr/bin/python3 -W ignore:setup.py install is deprecated -W ignore:easy_install command is deprecated setup.py egg_info --egg-base ../../build/perception build --build-base /home/cc/ee106a/fa25/class/ee106a-add/106A-CATCH/CATCH/build/perception/build install --record /home/cc/ee106a/fa25/class/ee106a-add/106A-CATCH/CATCH/build/perception/install.log --single-version-externally-managed install_data
